Parsing config from /etc/xen/xenguest.cfg
[    0.000000] Linux version 5.4.151custom_anish+ (root@pop-os) (gcc version 11.2.0 (Ubuntu 11.2.0-7ubuntu2)) #45 SMP Tue Jan 18 01:40:29 EST 2022 ()
[    0.000000] Command line: root=/dev/xvda2 ro elevator=noop
[    0.000000] KERNEL supported cpus:
[    0.000000]   Intel GenuineIntel
[    0.000000]   AMD AuthenticAMD
[    0.000000]   Hygon HygonGenuine
[    0.000000]   Centaur CentaurHauls
[    0.000000]   zhaoxin   Shanghai  
[    0.000000] Disabled fast string operations
[    0.000000] x86/fpu: Supporting XSAVE feature 0x001: 'x87 floating point registers'
[    0.000000] x86/fpu: Supporting XSAVE feature 0x002: 'SSE registers'
[    0.000000] x86/fpu: Supporting XSAVE feature 0x004: 'AVX registers'
[    0.000000] x86/fpu: xstate_offset[2]:  576, xstate_sizes[2]:  256
[    0.000000] x86/fpu: Enabled xstate features 0x7, context size is 832 bytes, using 'standard' format.
[    0.000000] ACPI in unprivileged domain disabled
[    0.000000] Released 0 page(s)
[    0.000000] BIOS-provided physical RAM map:
[    0.000000] Xen: [mem 0x0000000000000000-0x000000000009ffff] usable
[    0.000000] Xen: [mem 0x00000000000a0000-0x00000000000fffff] reserved
[    0.000000] Xen: [mem 0x0000000000100000-0x000000013b7fffff] usable
[    0.000000] NX (Execute Disable) protection: active
[    0.000000] DMI not present or invalid.
[    0.000000] Hypervisor detected: Xen PV
[    0.117304] tsc: Fast TSC calibration failed
[    0.117306] tsc: Detected 2591.964 MHz processor
[    0.117321] last_pfn = 0x13b800 max_arch_pfn = 0x400000000
[    0.117322] Disabled
[    0.117323] x86/PAT: MTRRs disabled, skipping PAT initialization too.
[    0.117338] x86/PAT: Configuration [0-7]: WB  WT  UC- UC  WC  WP  UC  UC  
[    0.117339] last_pfn = 0x100000 max_arch_pfn = 0x400000000
[    0.203813] check: Scanning 1 areas for low memory corruption
[    0.203821] Kernel/User page tables isolation: disabled on XEN PV.
[    0.836033] RAMDISK: [mem 0x04000000-0x07b80fff]
[    0.836092] NUMA turned off
[    0.836093] Faking a node at [mem 0x0000000000000000-0x000000013b7fffff]
[    0.836102] NODE_DATA(0) allocated [mem 0x13ae22000-0x13ae4bfff]
[    0.847897] Zone ranges:
[    0.847899]   DMA      [mem 0x0000000000001000-0x0000000000ffffff]
[    0.847901]   DMA32    [mem 0x0000000001000000-0x00000000ffffffff]
[    0.847902]   Normal   [mem 0x0000000100000000-0x000000013b7fffff]
[    0.847902]   Device   empty
[    0.847903] Movable zone start for each node
[    0.847905] Early memory node ranges
[    0.847906]   node   0: [mem 0x0000000000001000-0x000000000009ffff]
[    0.847907]   node   0: [mem 0x0000000000100000-0x000000013b7fffff]
[    0.848015] Zeroed struct page in unavailable ranges: 18529 pages
[    0.848016] Initmem setup node 0 [mem 0x0000000000001000-0x000000013b7fffff]
[    0.861129] p2m virtual area at (____ptrval____), size is 40000000
[    0.943317] Remapped 0 page(s)
[    0.943404] smpboot: Allowing 1 CPUs, 0 hotplug CPUs
[    0.943410] PM: Registered nosave memory: [mem 0x00000000-0x00000fff]
[    0.943411] PM: Registered nosave memory: [mem 0x000a0000-0x000fffff]
[    0.943412] Cannot find an available gap in the 32-bit address range
[    0.943413] PCI devices with unassigned 32-bit BARs may not work!
[    0.943414] [mem 0x13b900000-0x13bcfffff] available for PCI devices
[    0.943416] Booting paravirtualized kernel on Xen
[    0.943417] Xen version: 4.11.4-pre (preserve-AD)
[    0.943420] clocksource: refined-jiffies: mask: 0xffffffff max_cycles: 0xffffffff, max_idle_ns: 7645519600211568 ns
[    0.943423] setup_percpu: NR_CPUS:8192 nr_cpumask_bits:1 nr_cpu_ids:1 nr_node_ids:1
[    0.943530] percpu: Embedded 54 pages/cpu s184320 r8192 d28672 u2097152
[    0.943569] Built 1 zonelists, mobility grouping on.  Total pages: 1271978
[    0.943570] Policy zone: Normal
[    0.943572] Kernel command line: root=/dev/xvda2 ro elevator=noop
[    0.943925] Dentry cache hash table entries: 1048576 (order: 11, 8388608 bytes, linear)
[    0.944088] Inode-cache hash table entries: 524288 (order: 10, 4194304 bytes, linear)
[    0.944270] mem auto-init: stack:off, heap alloc:on, heap free:off
[    0.955271] Memory: 4951688K/5168764K available (16387K kernel code, 3654K rwdata, 9320K rodata, 2764K init, 5728K bss, 217076K reserved, 0K cma-reserved)
[    0.955278] random: get_random_u64 called from __kmem_cache_create+0x42/0x6f0 with crng_init=0
[    0.955502] SLUB: HWalign=64, Order=0-3, MinObjects=0, CPUs=1, Nodes=1
[    0.955802] ftrace: allocating 43028 entries in 169 pages
[    0.968559] rcu: Hierarchical RCU implementation.
[    0.968561] rcu: 	RCU restricting CPUs from NR_CPUS=8192 to nr_cpu_ids=1.
[    0.968563] rcu: RCU calculated value of scheduler-enlistment delay is 25 jiffies.
[    0.968564] rcu: Adjusting geometry for rcu_fanout_leaf=16, nr_cpu_ids=1
[    0.972448] Using NULL legacy PIC
[    0.972449] NR_IRQS: 524544, nr_irqs: 32, preallocated irqs: 0
[    0.972494] xen:events: Using FIFO-based ABI
[    0.972555] random: crng done (trusting CPU's manufacturer)
[    0.972584] Console: colour dummy device 80x25
[    0.972639] printk: console [tty0] enabled
[    0.972863] printk: console [hvc0] enabled
[    0.972890] clocksource: xen: mask: 0xffffffffffffffff max_cycles: 0x1cd42e4dffb, max_idle_ns: 881590591483 ns
[    0.973109] installing Xen timer for CPU 0
[    0.973184] clocksource: tsc-early: mask: 0xffffffffffffffff max_cycles: 0x255c950f28f, max_idle_ns: 440795327585 ns
[    0.973193] Calibrating delay loop (skipped), value calculated using timer frequency.. 5183.92 BogoMIPS (lpj=10367856)
[    0.973216] pid_max: default: 32768 minimum: 301
[    0.973286] LSM: Security Framework initializing
[    0.973307] Yama: becoming mindful.
[    0.973361] AppArmor: AppArmor initialized
[    0.973472] Mount-cache hash table entries: 16384 (order: 5, 131072 bytes, linear)
[    0.973486] Mountpoint-cache hash table entries: 16384 (order: 5, 131072 bytes, linear)
[    0.973526] *** VALIDATE tmpfs ***
[    0.973757] *** VALIDATE proc ***
[    0.973883] *** VALIDATE cgroup1 ***
[    0.973886] *** VALIDATE cgroup2 ***
[    0.973983] Disabled fast string operations
[    0.974031] Last level iTLB entries: 4KB 64, 2MB 8, 4MB 8
[    0.974034] Last level dTLB entries: 4KB 64, 2MB 0, 4MB 0, 1GB 4
[    0.974042] Spectre V1 : Mitigation: usercopy/swapgs barriers and __user pointer sanitization
[    0.974047] Spectre V2 : Mitigation: Full generic retpoline
[    0.974049] Spectre V2 : Spectre v2 / SpectreRSB mitigation: Filling RSB on context switch
[    0.974053] Spectre V2 : Enabling Restricted Speculation for firmware calls
[    0.974057] Spectre V2 : mitigation: Enabling conditional Indirect Branch Prediction Barrier
[    0.974061] Speculative Store Bypass: Mitigation: Speculative Store Bypass disabled via prctl and seccomp
[    0.974066] MDS: Mitigation: Clear CPU buffers
[    1.016659] Freeing SMP alternatives memory: 40K
[    1.017946] VPMU disabled by hypervisor.
[    1.018090] Performance Events: unsupported p6 CPU model 165 no PMU driver, software events only.
[    1.018146] rcu: Hierarchical SRCU implementation.
[    1.018499] NMI watchdog: Perf NMI watchdog permanently disabled
[    1.018537] smp: Bringing up secondary CPUs ...
[    1.018541] smp: Brought up 1 node, 1 CPU
[    1.018544] smpboot: Max logical packages: 1
[    1.018817] devtmpfs: initialized
[    1.018852] x86/mm: Memory block size: 128MB
[    1.019183] clocksource: jiffies: mask: 0xffffffff max_cycles: 0xffffffff, max_idle_ns: 7645041785100000 ns
[    1.019192] futex hash table entries: 256 (order: 2, 16384 bytes, linear)
[    1.019226] pinctrl core: initialized pinctrl subsystem
[    1.019370] NET: Registered protocol family 16
[    1.019385] xen:grant_table: Grant tables using version 1 layout
[    1.019396] Grant table initialized
[    1.019420] audit: initializing netlink subsys (disabled)
[    1.019501] audit: type=2000 audit(1642488193.289:1): state=initialized audit_enabled=0 res=1
[    1.019580] EISA bus registered
[    1.019619] Grepstub xb_write sending data
[    1.019621] Grepstub xb_write sending data
[    1.019624] Grepstub xb_write sending data
[    1.021212] grepstub : Reading dir : cpu/0, node : availability, fmt : %15s
[    1.021235] Grepstub xb_write sending data
[    1.021250] Grepstub xb_write sending data
[    1.021256] grepstub : Result from xenbus_read, online
[    1.022436] PCI: setting up Xen PCI frontend stub
[    1.024647] fbcon: Taking over console
[    1.024671] ACPI: Interpreter disabled.
[    1.024682] xen:balloon: Initialising balloon driver
[    1.024732] Generated xb_write data (efault)
[    1.024732] Grepstub xb_write sending data
[    1.024740] BUG: kernel NULL pointer dereference, address: 0000000000000010
[    1.024746] #PF: supervisor read access in kernel mode
[    1.024749] #PF: error_code(0x0000) - not-present page
[    1.024752] PGD 0 P4D 0 
[    1.024755] Oops: 0000 [#1] SMP NOPTI
[    1.024758] CPU: 0 PID: 18 Comm: xenbus Not tainted 5.4.151custom_anish+ #45
[    1.024765] RIP: e030:xenbus_thread+0x48e/0x890
[    1.024768] Code: ac 59 d7 01 00 00 00 00 48 8b 45 d8 65 48 2b 04 25 28 00 00 00 0f 85 0b 04 00 00 48 83 c4 30 31 c0 5b 41 5c 41 5d 41 5e 5d c3 <49> 8b 34 24 48 8d 79 08 48 83 e7 f8 48 89 31 4b 8b 74 04 f8 4a 89
[    1.024776] RSP: e02b:ffffc900400c7eb0 EFLAGS: 00010212
[    1.024779] RAX: 0000000000000010 RBX: 0000000000000010 RCX: ffff888003e01048
[    1.024783] RDX: 0000000000000048 RSI: 00000000000003b8 RDI: 0000000000000200
[    1.024787] RBP: ffffc900400c7f00 R08: 0000000000000010 R09: ffff888003e01000
[    1.024790] R10: 0720072007200720 R11: 0000000000000000 R12: 0000000000000010
[    1.024794] R13: 0000000000000400 R14: 0000000000000010 R15: ffffc9004000bc68
[    1.024805] FS:  0000000000000000(0000) GS:ffff888135200000(0000) knlGS:0000000000000000
[    1.024810] CS:  e030 DS: 0000 ES: 0000 CR0: 0000000080050033
[    1.024813] CR2: 0000000000000010 CR3: 0000000002c0a000 CR4: 0000000000040660
[    1.024818] Call Trace:
[    1.024824]  ? wait_woken+0x150/0x150
[    1.024827]  kthread+0x120/0x140
[    1.024830]  ? fuzz_xb_write+0xb0/0xb0
[    1.024833]  ? kthread_associate_blkcg+0xa0/0xa0
[    1.024838]  ret_from_fork+0x35/0x40
[    1.024841] Modules linked in:
[    1.024844] CR2: 0000000000000010
[    1.024847] ---[ end trace cd4800c3574b94d2 ]---
[    1.024851] RIP: e030:xenbus_thread+0x48e/0x890
[    1.024855] Code: ac 59 d7 01 00 00 00 00 48 8b 45 d8 65 48 2b 04 25 28 00 00 00 0f 85 0b 04 00 00 48 83 c4 30 31 c0 5b 41 5c 41 5d 41 5e 5d c3 <49> 8b 34 24 48 8d 79 08 48 83 e7 f8 48 89 31 4b 8b 74 04 f8 4a 89
[    1.024991] RSP: e02b:ffffc900400c7eb0 EFLAGS: 00010212
[    1.024994] RAX: 0000000000000010 RBX: 0000000000000010 RCX: ffff888003e01048
[    1.024998] RDX: 0000000000000048 RSI: 00000000000003b8 RDI: 0000000000000200
[    1.025001] RBP: ffffc900400c7f00 R08: 0000000000000010 R09: ffff888003e01000
[    1.025005] R10: 0720072007200720 R11: 0000000000000000 R12: 0000000000000010
[    1.025009] R13: 0000000000000400 R14: 0000000000000010 R15: ffffc9004000bc68
[    1.025017] FS:  0000000000000000(0000) GS:ffff888135200000(0000) knlGS:0000000000000000
[    1.025021] CS:  e030 DS: 0000 ES: 0000 CR0: 0000000080050033
[    1.025025] CR2: 0000000000000010 CR3: 0000000002c0a000 CR4: 0000000000040660
