Parsing config from /etc/xen/xenguest.cfg
[    0.000000] Linux version 5.4.151custom_anish+ (root@pop-os) (gcc version 11.2.0 (Ubuntu 11.2.0-7ubuntu2)) #44 SMP Tue Jan 18 01:34:56 EST 2022 ()
[    0.000000] Command line: root=/dev/xvda2 ro elevator=noop
[    0.000000] KERNEL supported cpus:
[    0.000000]   Intel GenuineIntel
[    0.000000]   AMD AuthenticAMD
[    0.000000]   Hygon HygonGenuine
[    0.000000]   Centaur CentaurHauls
[    0.000000]   zhaoxin   Shanghai  
[    0.000000] Disabled fast string operations
[    0.000000] x86/fpu: Supporting XSAVE feature 0x001: 'x87 floating point registers'
[    0.000000] x86/fpu: Supporting XSAVE feature 0x002: 'SSE registers'
[    0.000000] x86/fpu: Supporting XSAVE feature 0x004: 'AVX registers'
[    0.000000] x86/fpu: xstate_offset[2]:  576, xstate_sizes[2]:  256
[    0.000000] x86/fpu: Enabled xstate features 0x7, context size is 832 bytes, using 'standard' format.
[    0.000000] ACPI in unprivileged domain disabled
[    0.000000] Released 0 page(s)
[    0.000000] BIOS-provided physical RAM map:
[    0.000000] Xen: [mem 0x0000000000000000-0x000000000009ffff] usable
[    0.000000] Xen: [mem 0x00000000000a0000-0x00000000000fffff] reserved
[    0.000000] Xen: [mem 0x0000000000100000-0x000000013b7fffff] usable
[    0.000000] NX (Execute Disable) protection: active
[    0.000000] DMI not present or invalid.
[    0.000000] Hypervisor detected: Xen PV
[    0.128540] tsc: Fast TSC calibration failed
[    0.128542] tsc: Detected 2591.964 MHz processor
[    0.128558] last_pfn = 0x13b800 max_arch_pfn = 0x400000000
[    0.128559] Disabled
[    0.128560] x86/PAT: MTRRs disabled, skipping PAT initialization too.
[    0.128565] x86/PAT: Configuration [0-7]: WB  WT  UC- UC  WC  WP  UC  UC  
[    0.128567] last_pfn = 0x100000 max_arch_pfn = 0x400000000
[    0.223807] check: Scanning 1 areas for low memory corruption
[    0.223815] Kernel/User page tables isolation: disabled on XEN PV.
[    0.857787] RAMDISK: [mem 0x04000000-0x07b80fff]
[    0.857846] NUMA turned off
[    0.857847] Faking a node at [mem 0x0000000000000000-0x000000013b7fffff]
[    0.857856] NODE_DATA(0) allocated [mem 0x13ae22000-0x13ae4bfff]
[    0.869712] Zone ranges:
[    0.869714]   DMA      [mem 0x0000000000001000-0x0000000000ffffff]
[    0.869716]   DMA32    [mem 0x0000000001000000-0x00000000ffffffff]
[    0.869717]   Normal   [mem 0x0000000100000000-0x000000013b7fffff]
[    0.869718]   Device   empty
[    0.869718] Movable zone start for each node
[    0.869720] Early memory node ranges
[    0.869721]   node   0: [mem 0x0000000000001000-0x000000000009ffff]
[    0.869722]   node   0: [mem 0x0000000000100000-0x000000013b7fffff]
[    0.869831] Zeroed struct page in unavailable ranges: 18529 pages
[    0.869832] Initmem setup node 0 [mem 0x0000000000001000-0x000000013b7fffff]
[    0.882899] p2m virtual area at (____ptrval____), size is 40000000
[    0.966166] Remapped 0 page(s)
[    0.966256] smpboot: Allowing 1 CPUs, 0 hotplug CPUs
[    0.966263] PM: Registered nosave memory: [mem 0x00000000-0x00000fff]
[    0.966264] PM: Registered nosave memory: [mem 0x000a0000-0x000fffff]
[    0.966265] Cannot find an available gap in the 32-bit address range
[    0.966266] PCI devices with unassigned 32-bit BARs may not work!
[    0.966267] [mem 0x13b900000-0x13bcfffff] available for PCI devices
[    0.966269] Booting paravirtualized kernel on Xen
[    0.966270] Xen version: 4.11.4-pre (preserve-AD)
[    0.966273] clocksource: refined-jiffies: mask: 0xffffffff max_cycles: 0xffffffff, max_idle_ns: 7645519600211568 ns
[    0.966276] setup_percpu: NR_CPUS:8192 nr_cpumask_bits:1 nr_cpu_ids:1 nr_node_ids:1
[    0.966385] percpu: Embedded 54 pages/cpu s184320 r8192 d28672 u2097152
[    0.966424] Built 1 zonelists, mobility grouping on.  Total pages: 1271978
[    0.966426] Policy zone: Normal
[    0.966427] Kernel command line: root=/dev/xvda2 ro elevator=noop
[    0.966875] Dentry cache hash table entries: 1048576 (order: 11, 8388608 bytes, linear)
[    0.967046] Inode-cache hash table entries: 524288 (order: 10, 4194304 bytes, linear)
[    0.967206] mem auto-init: stack:off, heap alloc:on, heap free:off
[    0.978211] Memory: 4951688K/5168764K available (16387K kernel code, 3654K rwdata, 9320K rodata, 2764K init, 5728K bss, 217076K reserved, 0K cma-reserved)
[    0.978219] random: get_random_u64 called from __kmem_cache_create+0x42/0x6f0 with crng_init=0
[    0.978468] SLUB: HWalign=64, Order=0-3, MinObjects=0, CPUs=1, Nodes=1
[    0.978819] ftrace: allocating 43028 entries in 169 pages
[    0.991710] rcu: Hierarchical RCU implementation.
[    0.991713] rcu: 	RCU restricting CPUs from NR_CPUS=8192 to nr_cpu_ids=1.
[    0.991714] rcu: RCU calculated value of scheduler-enlistment delay is 25 jiffies.
[    0.991715] rcu: Adjusting geometry for rcu_fanout_leaf=16, nr_cpu_ids=1
[    0.995627] Using NULL legacy PIC
[    0.995628] NR_IRQS: 524544, nr_irqs: 32, preallocated irqs: 0
[    0.995674] xen:events: Using FIFO-based ABI
[    0.995723] random: crng done (trusting CPU's manufacturer)
[    0.995752] Console: colour dummy device 80x25
[    0.995806] printk: console [tty0] enabled
[    0.996056] printk: console [hvc0] enabled
[    0.996084] clocksource: xen: mask: 0xffffffffffffffff max_cycles: 0x1cd42e4dffb, max_idle_ns: 881590591483 ns
[    0.996154] installing Xen timer for CPU 0
[    0.996284] clocksource: tsc-early: mask: 0xffffffffffffffff max_cycles: 0x255c950f28f, max_idle_ns: 440795327585 ns
[    0.996296] Calibrating delay loop (skipped), value calculated using timer frequency.. 5183.92 BogoMIPS (lpj=10367856)
[    0.996303] pid_max: default: 32768 minimum: 301
[    0.996376] LSM: Security Framework initializing
[    0.996398] Yama: becoming mindful.
[    0.996456] AppArmor: AppArmor initialized
[    0.996570] Mount-cache hash table entries: 16384 (order: 5, 131072 bytes, linear)
[    0.996588] Mountpoint-cache hash table entries: 16384 (order: 5, 131072 bytes, linear)
[    0.996630] *** VALIDATE tmpfs ***
[    0.996848] *** VALIDATE proc ***
[    0.996976] *** VALIDATE cgroup1 ***
[    0.996979] *** VALIDATE cgroup2 ***
[    0.997094] Disabled fast string operations
[    0.997143] Last level iTLB entries: 4KB 64, 2MB 8, 4MB 8
[    0.997146] Last level dTLB entries: 4KB 64, 2MB 0, 4MB 0, 1GB 4
[    0.997155] Spectre V1 : Mitigation: usercopy/swapgs barriers and __user pointer sanitization
[    0.997160] Spectre V2 : Mitigation: Full generic retpoline
[    0.997163] Spectre V2 : Spectre v2 / SpectreRSB mitigation: Filling RSB on context switch
[    0.997166] Spectre V2 : Enabling Restricted Speculation for firmware calls
[    0.997170] Spectre V2 : mitigation: Enabling conditional Indirect Branch Prediction Barrier
[    0.997175] Speculative Store Bypass: Mitigation: Speculative Store Bypass disabled via prctl and seccomp
[    0.997180] MDS: Mitigation: Clear CPU buffers
[    1.040667] Freeing SMP alternatives memory: 40K
[    1.041952] VPMU disabled by hypervisor.
[    1.042116] Performance Events: unsupported p6 CPU model 165 no PMU driver, software events only.
[    1.042173] rcu: Hierarchical SRCU implementation.
[    1.042530] NMI watchdog: Perf NMI watchdog permanently disabled
[    1.042568] smp: Bringing up secondary CPUs ...
[    1.042572] smp: Brought up 1 node, 1 CPU
[    1.042575] smpboot: Max logical packages: 1
[    1.042850] devtmpfs: initialized
[    1.042886] x86/mm: Memory block size: 128MB
[    1.043225] clocksource: jiffies: mask: 0xffffffff max_cycles: 0xffffffff, max_idle_ns: 7645041785100000 ns
[    1.043234] futex hash table entries: 256 (order: 2, 16384 bytes, linear)
[    1.043268] pinctrl core: initialized pinctrl subsystem
[    1.043412] NET: Registered protocol family 16
[    1.043427] xen:grant_table: Grant tables using version 1 layout
[    1.043438] Grant table initialized
[    1.043462] audit: initializing netlink subsys (disabled)
[    1.043543] audit: type=2000 audit(1642487963.944:1): state=initialized audit_enabled=0 res=1
[    1.043622] EISA bus registered
[    1.043661] Grepstub xb_write sending data
[    1.043663] 2020202020202020202020202020202020202020202020202020202020202020
[    1.043668] Generated xb_write data (efault)
[    1.043671] Grepstub xb_write sending data
[    1.043678] BUG: kernel NULL pointer dereference, address: 0000000000000018
[    1.043683] #PF: supervisor read access in kernel mode
[    1.043686] #PF: error_code(0x0000) - not-present page
[    1.043689] PGD 0 P4D 0 
[    1.043692] Oops: 0000 [#1] SMP NOPTI
[    1.043695] CPU: 0 PID: 18 Comm: xenbus Not tainted 5.4.151custom_anish+ #44
[    1.043703] RIP: e030:print_hex+0x35/0x70
[    1.043706] Code: 41 55 41 54 49 89 fc 8d 7e 01 53 89 f3 be 20 0a 00 00 e8 8e 72 bd ff 49 89 c5 89 d8 49 01 c4 85 db 74 27 45 31 f6 43 8d 3c 36 <41> 0f b6 14 24 48 c7 c6 c2 95 53 82 41 83 c6 01 48 63 ff 4c 01 ef
[    1.043714] RSP: e02b:ffffc900400c7e78 EFLAGS: 00010246
[    1.044295] RAX: 0000000000000008 RBX: 0000000000000008 RCX: 0000000000000000
[    1.044295] RDX: 0000000000000000 RSI: ffffffff8172cc52 RDI: 0000000000000000
[    1.044295] RBP: ffffc900400c7e98 R08: ffff88813522f060 R09: ffff888134001a80
[    1.044295] R10: ffff888134003ad0 R11: 0720072007200720 R12: 0000000000000018
[    1.044295] R13: ffff888134003ad0 R14: 0000000000000000 R15: ffff8881342623c0
[    1.044295] FS:  0000000000000000(0000) GS:ffff888135200000(0000) knlGS:0000000000000000
[    1.044295] CS:  e030 DS: 0000 ES: 0000 CR0: 0000000080050033
[    1.044295] CR2: 0000000000000018 CR3: 0000000002c0a000 CR4: 0000000000040660
[    1.044295] Call Trace:
[    1.044295]  xenbus_thread+0x2c9/0x8c0
[    1.044295]  ? wait_woken+0x150/0x150
[    1.044295]  kthread+0x120/0x140
[    1.044295]  ? print_hex+0x70/0x70
[    1.044295]  ? kthread_associate_blkcg+0xa0/0xa0
[    1.044295]  ret_from_fork+0x35/0x40
[    1.044295] Modules linked in:
[    1.044295] CR2: 0000000000000018
[    1.044295] ---[ end trace 151b14b1f10aa9bf ]---
[    1.044295] RIP: e030:print_hex+0x35/0x70
[    1.044295] Code: 41 55 41 54 49 89 fc 8d 7e 01 53 89 f3 be 20 0a 00 00 e8 8e 72 bd ff 49 89 c5 89 d8 49 01 c4 85 db 74 27 45 31 f6 43 8d 3c 36 <41> 0f b6 14 24 48 c7 c6 c2 95 53 82 41 83 c6 01 48 63 ff 4c 01 ef
[    1.044295] RSP: e02b:ffffc900400c7e78 EFLAGS: 00010246
[    1.044295] RAX: 0000000000000008 RBX: 0000000000000008 RCX: 0000000000000000
[    1.044295] RDX: 0000000000000000 RSI: ffffffff8172cc52 RDI: 0000000000000000
[    1.044295] RBP: ffffc900400c7e98 R08: ffff88813522f060 R09: ffff888134001a80
[    1.044295] R10: ffff888134003ad0 R11: 0720072007200720 R12: 0000000000000018
[    1.044295] R13: ffff888134003ad0 R14: 0000000000000000 R15: ffff8881342623c0
[    1.044295] FS:  0000000000000000(0000) GS:ffff888135200000(0000) knlGS:0000000000000000
[    1.044295] CS:  e030 DS: 0000 ES: 0000 CR0: 0000000080050033
[    1.044295] CR2: 0000000000000018 CR3: 0000000002c0a000 CR4: 0000000000040660
