Parsing config from /etc/xen/xenguest.cfg
[    0.000000] Linux version 5.4.151custom_anish+ (root@pop-os) (gcc version 11.2.0 (Ubuntu 11.2.0-7ubuntu2)) #47 SMP Tue Jan 18 01:54:26 EST 2022 ()
[    0.000000] Command line: root=/dev/xvda2 ro elevator=noop
[    0.000000] KERNEL supported cpus:
[    0.000000]   Intel GenuineIntel
[    0.000000]   AMD AuthenticAMD
[    0.000000]   Hygon HygonGenuine
[    0.000000]   Centaur CentaurHauls
[    0.000000]   zhaoxin   Shanghai  
[    0.000000] Disabled fast string operations
[    0.000000] x86/fpu: Supporting XSAVE feature 0x001: 'x87 floating point registers'
[    0.000000] x86/fpu: Supporting XSAVE feature 0x002: 'SSE registers'
[    0.000000] x86/fpu: Supporting XSAVE feature 0x004: 'AVX registers'
[    0.000000] x86/fpu: xstate_offset[2]:  576, xstate_sizes[2]:  256
[    0.000000] x86/fpu: Enabled xstate features 0x7, context size is 832 bytes, using 'standard' format.
[    0.000000] ACPI in unprivileged domain disabled
[    0.000000] Released 0 page(s)
[    0.000000] BIOS-provided physical RAM map:
[    0.000000] Xen: [mem 0x0000000000000000-0x000000000009ffff] usable
[    0.000000] Xen: [mem 0x00000000000a0000-0x00000000000fffff] reserved
[    0.000000] Xen: [mem 0x0000000000100000-0x000000013b7fffff] usable
[    0.000000] NX (Execute Disable) protection: active
[    0.000000] DMI not present or invalid.
[    0.000000] Hypervisor detected: Xen PV
[    0.117060] tsc: Fast TSC calibration failed
[    0.117063] tsc: Detected 2591.964 MHz processor
[    0.117078] last_pfn = 0x13b800 max_arch_pfn = 0x400000000
[    0.117079] Disabled
[    0.117080] x86/PAT: MTRRs disabled, skipping PAT initialization too.
[    0.117085] x86/PAT: Configuration [0-7]: WB  WT  UC- UC  WC  WP  UC  UC  
[    0.117087] last_pfn = 0x100000 max_arch_pfn = 0x400000000
[    0.203562] check: Scanning 1 areas for low memory corruption
[    0.203570] Kernel/User page tables isolation: disabled on XEN PV.
[    0.838817] RAMDISK: [mem 0x04000000-0x07b80fff]
[    0.838876] NUMA turned off
[    0.838877] Faking a node at [mem 0x0000000000000000-0x000000013b7fffff]
[    0.838886] NODE_DATA(0) allocated [mem 0x13ae22000-0x13ae4bfff]
[    0.850767] Zone ranges:
[    0.850770]   DMA      [mem 0x0000000000001000-0x0000000000ffffff]
[    0.850771]   DMA32    [mem 0x0000000001000000-0x00000000ffffffff]
[    0.850772]   Normal   [mem 0x0000000100000000-0x000000013b7fffff]
[    0.850773]   Device   empty
[    0.850773] Movable zone start for each node
[    0.850775] Early memory node ranges
[    0.850776]   node   0: [mem 0x0000000000001000-0x000000000009ffff]
[    0.850777]   node   0: [mem 0x0000000000100000-0x000000013b7fffff]
[    0.850887] Zeroed struct page in unavailable ranges: 18529 pages
[    0.850888] Initmem setup node 0 [mem 0x0000000000001000-0x000000013b7fffff]
[    0.864610] p2m virtual area at (____ptrval____), size is 40000000
[    0.946822] Remapped 0 page(s)
[    0.946908] smpboot: Allowing 1 CPUs, 0 hotplug CPUs
[    0.946915] PM: Registered nosave memory: [mem 0x00000000-0x00000fff]
[    0.946916] PM: Registered nosave memory: [mem 0x000a0000-0x000fffff]
[    0.946917] Cannot find an available gap in the 32-bit address range
[    0.946918] PCI devices with unassigned 32-bit BARs may not work!
[    0.946919] [mem 0x13b900000-0x13bcfffff] available for PCI devices
[    0.946921] Booting paravirtualized kernel on Xen
[    0.946922] Xen version: 4.11.4-pre (preserve-AD)
[    0.946924] clocksource: refined-jiffies: mask: 0xffffffff max_cycles: 0xffffffff, max_idle_ns: 7645519600211568 ns
[    0.946928] setup_percpu: NR_CPUS:8192 nr_cpumask_bits:1 nr_cpu_ids:1 nr_node_ids:1
[    0.947052] percpu: Embedded 54 pages/cpu s184320 r8192 d28672 u2097152
[    0.947092] Built 1 zonelists, mobility grouping on.  Total pages: 1271978
[    0.947093] Policy zone: Normal
[    0.947094] Kernel command line: root=/dev/xvda2 ro elevator=noop
[    0.947444] Dentry cache hash table entries: 1048576 (order: 11, 8388608 bytes, linear)
[    0.947603] Inode-cache hash table entries: 524288 (order: 10, 4194304 bytes, linear)
[    0.947756] mem auto-init: stack:off, heap alloc:on, heap free:off
[    0.958580] Memory: 4951688K/5168764K available (16387K kernel code, 3654K rwdata, 9320K rodata, 2764K init, 5728K bss, 217076K reserved, 0K cma-reserved)
[    0.958588] random: get_random_u64 called from __kmem_cache_create+0x42/0x6f0 with crng_init=0
[    0.958815] SLUB: HWalign=64, Order=0-3, MinObjects=0, CPUs=1, Nodes=1
[    0.959131] ftrace: allocating 43029 entries in 169 pages
[    0.971711] rcu: Hierarchical RCU implementation.
[    0.971713] rcu: 	RCU restricting CPUs from NR_CPUS=8192 to nr_cpu_ids=1.
[    0.971714] rcu: RCU calculated value of scheduler-enlistment delay is 25 jiffies.
[    0.971715] rcu: Adjusting geometry for rcu_fanout_leaf=16, nr_cpu_ids=1
[    0.975461] Using NULL legacy PIC
[    0.975462] NR_IRQS: 524544, nr_irqs: 32, preallocated irqs: 0
[    0.975505] xen:events: Using FIFO-based ABI
[    0.975552] random: crng done (trusting CPU's manufacturer)
[    0.975581] Console: colour dummy device 80x25
[    0.975634] printk: console [tty0] enabled
[    0.975863] printk: console [hvc0] enabled
[    0.975888] clocksource: xen: mask: 0xffffffffffffffff max_cycles: 0x1cd42e4dffb, max_idle_ns: 881590591483 ns
[    0.975915] installing Xen timer for CPU 0
[    0.975945] clocksource: tsc-early: mask: 0xffffffffffffffff max_cycles: 0x255c950f28f, max_idle_ns: 440795327585 ns
[    0.975953] Calibrating delay loop (skipped), value calculated using timer frequency.. 5183.92 BogoMIPS (lpj=10367856)
[    0.975959] pid_max: default: 32768 minimum: 301
[    0.976025] LSM: Security Framework initializing
[    0.976046] Yama: becoming mindful.
[    0.976102] AppArmor: AppArmor initialized
[    0.976213] Mount-cache hash table entries: 16384 (order: 5, 131072 bytes, linear)
[    0.976228] Mountpoint-cache hash table entries: 16384 (order: 5, 131072 bytes, linear)
[    0.976267] *** VALIDATE tmpfs ***
[    0.976476] *** VALIDATE proc ***
[    0.976599] *** VALIDATE cgroup1 ***
[    0.976616] *** VALIDATE cgroup2 ***
[    0.976710] Disabled fast string operations
[    0.976758] Last level iTLB entries: 4KB 64, 2MB 8, 4MB 8
[    0.976774] Last level dTLB entries: 4KB 64, 2MB 0, 4MB 0, 1GB 4
[    0.976783] Spectre V1 : Mitigation: usercopy/swapgs barriers and __user pointer sanitization
[    0.976788] Spectre V2 : Mitigation: Full generic retpoline
[    0.976791] Spectre V2 : Spectre v2 / SpectreRSB mitigation: Filling RSB on context switch
[    0.976794] Spectre V2 : Enabling Restricted Speculation for firmware calls
[    0.976798] Spectre V2 : mitigation: Enabling conditional Indirect Branch Prediction Barrier
[    0.976802] Speculative Store Bypass: Mitigation: Speculative Store Bypass disabled via prctl and seccomp
[    0.976808] MDS: Mitigation: Clear CPU buffers
[    1.019652] Freeing SMP alternatives memory: 40K
[    1.020925] VPMU disabled by hypervisor.
[    1.021084] Performance Events: unsupported p6 CPU model 165 no PMU driver, software events only.
[    1.021152] rcu: Hierarchical SRCU implementation.
[    1.021518] NMI watchdog: Perf NMI watchdog permanently disabled
[    1.021569] smp: Bringing up secondary CPUs ...
[    1.021586] smp: Brought up 1 node, 1 CPU
[    1.021589] smpboot: Max logical packages: 1
[    1.021864] devtmpfs: initialized
[    1.021913] x86/mm: Memory block size: 128MB
[    1.022257] clocksource: jiffies: mask: 0xffffffff max_cycles: 0xffffffff, max_idle_ns: 7645041785100000 ns
[    1.022280] futex hash table entries: 256 (order: 2, 16384 bytes, linear)
[    1.022315] pinctrl core: initialized pinctrl subsystem
[    1.022473] NET: Registered protocol family 16
[    1.022501] xen:grant_table: Grant tables using version 1 layout
[    1.022513] Grant table initialized
[    1.022537] audit: initializing netlink subsys (disabled)
[    1.022633] audit: type=2000 audit(1642489334.319:1): state=initialized audit_enabled=0 res=1
[    1.022712] EISA bus registered
[    1.022752] Grepstub xb_write sending data
[    1.022765] Grepstub xb_write sending data
[    1.022769] Generated xb_write data
[    1.022771] Grepstub xb_write sending data
[    1.023971] grepstub : Reading dir : cpu/0, node : availability, fmt : %15s
[    1.023979] Generated xb_write data
[    1.023982] Grepstub xb_write sending data
[    1.023997] Generated xb_write data
[    1.024000] Grepstub xb_write sending data
[    1.027980] grepstub : Result from xenbus_read, (efault)
[    1.027990] xen:cpu_hotplug: Unable to read cpu state
[    1.031965] PCI: setting up Xen PCI frontend stub
[    1.034193] fbcon: Taking over console
[    1.034203] ACPI: Interpreter disabled.
[    1.034214] xen:balloon: Initialising balloon driver
[    1.034262] Generated xb_write data
[    1.034262] Grepstub xb_write sending data
[    1.034284] Grepstub xb_write sending data
[    1.034288] Generated xb_write data
[    1.034290] Grepstub xb_write sending data
[    1.034299] Generated xb_write data
[    1.034299] Grepstub xb_write sending data
[    1.034299] Grepstub xb_write sending data
[    1.034299] Generated xb_write data
[    1.034299] Grepstub xb_write sending data
[    1.034299] xen:manage: Failed to set shutdown watcher
[    1.034299] Grepstub xb_write sending data
[    1.034299] Grepstub xb_write sending data
[    1.034299] Grepstub xb_write sending data
[    1.034299] Generated xb_write data
[    1.034299] Grepstub xb_write sending data
[    1.034299] Grepstub xb_write sending data
[    1.034299] Grepstub xb_write sending data
[    1.034299] Grepstub xb_write sending data
[    1.034299] Generated xb_write data
[    1.034299] Grepstub xb_write sending data
