Parsing config from /etc/xen/xenguest.cfg
[    0.000000] Linux version 5.4.151custom_anish+ (root@pop-os) (gcc version 11.2.0 (Ubuntu 11.2.0-7ubuntu2)) #32 SMP Mon Jan 17 04:00:05 EST 2022 ()
[    0.000000] Command line: root=/dev/xvda2 ro elevator=noop
[    0.000000] KERNEL supported cpus:
[    0.000000]   Intel GenuineIntel
[    0.000000]   AMD AuthenticAMD
[    0.000000]   Hygon HygonGenuine
[    0.000000]   Centaur CentaurHauls
[    0.000000]   zhaoxin   Shanghai  
[    0.000000] Disabled fast string operations
[    0.000000] x86/fpu: Supporting XSAVE feature 0x001: 'x87 floating point registers'
[    0.000000] x86/fpu: Supporting XSAVE feature 0x002: 'SSE registers'
[    0.000000] x86/fpu: Supporting XSAVE feature 0x004: 'AVX registers'
[    0.000000] x86/fpu: xstate_offset[2]:  576, xstate_sizes[2]:  256
[    0.000000] x86/fpu: Enabled xstate features 0x7, context size is 832 bytes, using 'standard' format.
[    0.000000] ACPI in unprivileged domain disabled
[    0.000000] Released 0 page(s)
[    0.000000] BIOS-provided physical RAM map:
[    0.000000] Xen: [mem 0x0000000000000000-0x000000000009ffff] usable
[    0.000000] Xen: [mem 0x00000000000a0000-0x00000000000fffff] reserved
[    0.000000] Xen: [mem 0x0000000000100000-0x000000013b7fffff] usable
[    0.000000] NX (Execute Disable) protection: active
[    0.000000] DMI not present or invalid.
[    0.000000] Hypervisor detected: Xen PV
[    0.124712] tsc: Fast TSC calibration failed
[    0.124716] tsc: Detected 2591.978 MHz processor
[    0.124736] last_pfn = 0x13b800 max_arch_pfn = 0x400000000
[    0.124737] Disabled
[    0.124739] x86/PAT: MTRRs disabled, skipping PAT initialization too.
[    0.124746] x86/PAT: Configuration [0-7]: WB  WT  UC- UC  WC  WP  UC  UC  
[    0.124747] last_pfn = 0x100000 max_arch_pfn = 0x400000000
[    0.226184] check: Scanning 1 areas for low memory corruption
[    0.226201] Kernel/User page tables isolation: disabled on XEN PV.
[    1.272870] RAMDISK: [mem 0x04000000-0x07b7ffff]
[    1.272930] NUMA turned off
[    1.272931] Faking a node at [mem 0x0000000000000000-0x000000013b7fffff]
[    1.272939] NODE_DATA(0) allocated [mem 0x13ae22000-0x13ae4bfff]
[    1.284785] Zone ranges:
[    1.284788]   DMA      [mem 0x0000000000001000-0x0000000000ffffff]
[    1.284790]   DMA32    [mem 0x0000000001000000-0x00000000ffffffff]
[    1.284791]   Normal   [mem 0x0000000100000000-0x000000013b7fffff]
[    1.284791]   Device   empty
[    1.284792] Movable zone start for each node
[    1.284794] Early memory node ranges
[    1.284795]   node   0: [mem 0x0000000000001000-0x000000000009ffff]
[    1.284796]   node   0: [mem 0x0000000000100000-0x000000013b7fffff]
[    1.284903] Zeroed struct page in unavailable ranges: 18529 pages
[    1.284904] Initmem setup node 0 [mem 0x0000000000001000-0x000000013b7fffff]
[    1.300066] p2m virtual area at (____ptrval____), size is 40000000
[    1.385284] Remapped 0 page(s)
[    1.385371] smpboot: Allowing 1 CPUs, 0 hotplug CPUs
[    1.385378] PM: Registered nosave memory: [mem 0x00000000-0x00000fff]
[    1.385379] PM: Registered nosave memory: [mem 0x000a0000-0x000fffff]
[    1.385380] Cannot find an available gap in the 32-bit address range
[    1.385380] PCI devices with unassigned 32-bit BARs may not work!
[    1.385381] [mem 0x13b900000-0x13bcfffff] available for PCI devices
[    1.385383] Booting paravirtualized kernel on Xen
[    1.385384] Xen version: 4.11.4-pre (preserve-AD)
[    1.385388] clocksource: refined-jiffies: mask: 0xffffffff max_cycles: 0xffffffff, max_idle_ns: 7645519600211568 ns
[    1.385392] setup_percpu: NR_CPUS:8192 nr_cpumask_bits:1 nr_cpu_ids:1 nr_node_ids:1
[    1.385499] percpu: Embedded 54 pages/cpu s184320 r8192 d28672 u2097152
[    1.385538] Built 1 zonelists, mobility grouping on.  Total pages: 1271978
[    1.385539] Policy zone: Normal
[    1.385541] Kernel command line: root=/dev/xvda2 ro elevator=noop
[    1.385914] Dentry cache hash table entries: 1048576 (order: 11, 8388608 bytes, linear)
[    1.386141] Inode-cache hash table entries: 524288 (order: 10, 4194304 bytes, linear)
[    1.386297] mem auto-init: stack:off, heap alloc:on, heap free:off
[    1.398660] Memory: 4951692K/5168764K available (16387K kernel code, 3654K rwdata, 9320K rodata, 2764K init, 5728K bss, 217072K reserved, 0K cma-reserved)
[    1.398669] random: get_random_u64 called from __kmem_cache_create+0x42/0x6f0 with crng_init=0
[    1.398894] SLUB: HWalign=64, Order=0-3, MinObjects=0, CPUs=1, Nodes=1
[    1.399195] ftrace: allocating 43027 entries in 169 pages
[    1.412474] rcu: Hierarchical RCU implementation.
[    1.412476] rcu: 	RCU restricting CPUs from NR_CPUS=8192 to nr_cpu_ids=1.
[    1.412478] rcu: RCU calculated value of scheduler-enlistment delay is 25 jiffies.
[    1.412479] rcu: Adjusting geometry for rcu_fanout_leaf=16, nr_cpu_ids=1
[    1.416365] Using NULL legacy PIC
[    1.416366] NR_IRQS: 524544, nr_irqs: 32, preallocated irqs: 0
[    1.416418] xen:events: Using FIFO-based ABI
[    1.416467] random: crng done (trusting CPU's manufacturer)
[    1.416498] Console: colour dummy device 80x25
[    1.416552] printk: console [tty0] enabled
[    1.417115] printk: console [hvc0] enabled
[    1.417157] clocksource: xen: mask: 0xffffffffffffffff max_cycles: 0x1cd42e4dffb, max_idle_ns: 881590591483 ns
[    1.417448] installing Xen timer for CPU 0
[    1.417523] clocksource: tsc-early: mask: 0xffffffffffffffff max_cycles: 0x255ca2026c5, max_idle_ns: 440795210398 ns
[    1.417535] Calibrating delay loop (skipped), value calculated using timer frequency.. 5183.95 BogoMIPS (lpj=10367912)
[    1.417544] pid_max: default: 32768 minimum: 301
[    1.417648] LSM: Security Framework initializing
[    1.417672] Yama: becoming mindful.
[    1.417728] AppArmor: AppArmor initialized
[    1.417841] Mount-cache hash table entries: 16384 (order: 5, 131072 bytes, linear)
[    1.417855] Mountpoint-cache hash table entries: 16384 (order: 5, 131072 bytes, linear)
[    1.417896] *** VALIDATE tmpfs ***
[    1.418123] *** VALIDATE proc ***
[    1.418252] *** VALIDATE cgroup1 ***
[    1.418255] *** VALIDATE cgroup2 ***
[    1.418368] Disabled fast string operations
[    1.418419] Last level iTLB entries: 4KB 64, 2MB 8, 4MB 8
[    1.418422] Last level dTLB entries: 4KB 64, 2MB 0, 4MB 0, 1GB 4
[    1.418431] Spectre V1 : Mitigation: usercopy/swapgs barriers and __user pointer sanitization
[    1.418436] Spectre V2 : Mitigation: Full generic retpoline
[    1.418439] Spectre V2 : Spectre v2 / SpectreRSB mitigation: Filling RSB on context switch
[    1.418442] Spectre V2 : Enabling Restricted Speculation for firmware calls
[    1.418446] Spectre V2 : mitigation: Enabling conditional Indirect Branch Prediction Barrier
[    1.418451] Speculative Store Bypass: Mitigation: Speculative Store Bypass disabled via prctl and seccomp
[    1.418456] MDS: Mitigation: Clear CPU buffers
[    1.561904] Freeing SMP alternatives memory: 40K
[    1.563271] VPMU disabled by hypervisor.
[    1.563421] Performance Events: unsupported p6 CPU model 165 no PMU driver, software events only.
[    1.563480] rcu: Hierarchical SRCU implementation.
[    1.563844] NMI watchdog: Perf NMI watchdog permanently disabled
[    1.563883] smp: Bringing up secondary CPUs ...
[    1.563887] smp: Brought up 1 node, 1 CPU
[    1.563890] smpboot: Max logical packages: 1
[    1.564149] devtmpfs: initialized
[    1.564186] x86/mm: Memory block size: 128MB
[    1.564524] clocksource: jiffies: mask: 0xffffffff max_cycles: 0xffffffff, max_idle_ns: 7645041785100000 ns
[    1.564533] futex hash table entries: 256 (order: 2, 16384 bytes, linear)
[    1.564568] pinctrl core: initialized pinctrl subsystem
[    1.564736] NET: Registered protocol family 16
[    1.564752] xen:grant_table: Grant tables using version 1 layout
[    1.564764] Grant table initialized
[    1.564789] audit: initializing netlink subsys (disabled)
[    1.564872] audit: type=2000 audit(1642410365.241:1): state=initialized audit_enabled=0 res=1
[    1.564952] EISA bus registered
[    1.565552] grepstub : Reading dir : cpu/0, node : availability, fmt : %15s
[    1.565574] grepstub : Result from xenbus_read, online
[    1.566874] PCI: setting up Xen PCI frontend stub
[    1.570959] fbcon: Taking over console
[    1.570984] ACPI: Interpreter disabled.
[    1.570995] xen:balloon: Initialising balloon driver
[    1.571065] grepstub : Reading dir : memory, node : target, fmt : %llu
[    1.571065] grepstub : Result from xenbus_read, 5169152
[    1.571065] grepstub : Reading dir : memory, node : static-max, fmt : %llu
[    1.571065] grepstub : Result from xenbus_read, 5169152
[    1.571065] Finally writing ã
[    1.571065] grepstub : Writing transaction : 0 ,dir : control, node : feature-poweroff, buf : ã
[    1.571065] Finally writing ‰
[    1.571065] grepstub : Writing transaction : 0 ,dir : control, node : feature-reboot, buf : ‰
[    1.571065] Finally writing 1
[    1.571065] grepstub : Writing transaction : 0 ,dir : control, node : feature-suspend, buf : 1
[    1.571065] grepstub : Reading dir : control, node : sysrq, fmt : %c
[    1.571065] grepstub : Result from xenbus_read, (efault)
[    1.573604] iommu: Default domain type: Translated 
[    1.573751] SCSI subsystem initialized
[    1.573833] vgaarb: loaded
[    1.573873] usbcore: registered new interface driver usbfs
[    1.573883] usbcore: registered new interface driver hub
[    1.573889] usbcore: registered new device driver usb
[    1.573911] pps_core: LinuxPPS API ver. 1 registered
[    1.573914] pps_core: Software ver. 5.3.6 - Copyright 2005-2007 Rodolfo Giometti <giometti@linux.it>
[    1.573919] PTP clock support registered
[    1.573987] EDAC MC: Ver: 3.0.0
[    1.574077] PCI: System does not support PCI
[    1.574156] NetLabel: Initializing
[    1.574160] NetLabel:  domain hash size = 128
[    1.574163] NetLabel:  protocols = UNLABELED CIPSOv4 CALIPSO
[    1.574175] NetLabel:  unlabeled traffic allowed by default
[    1.574949] clocksource: Switched to clocksource xen
[    1.582006] *** VALIDATE bpf ***
[    1.582070] VFS: Disk quotas dquot_6.6.0
[    1.582082] VFS: Dquot-cache hash table entries: 512 (order 0, 4096 bytes)
[    1.582102] *** VALIDATE ramfs ***
[    1.582105] hugetlbfs: disabling because there are no supported hugepage sizes
[    1.582182] AppArmor: AppArmor Filesystem Enabled
[    1.582197] pnp: PnP ACPI: disabled
[    1.583796] thermal_sys: Registered thermal governor 'fair_share'
[    1.583797] thermal_sys: Registered thermal governor 'bang_bang'
[    1.583831] thermal_sys: Registered thermal governor 'step_wise'
[    1.583837] thermal_sys: Registered thermal governor 'user_space'
[    1.583842] thermal_sys: Registered thermal governor 'power_allocator'
[    1.583936] NET: Registered protocol family 2
[    1.584330] IP idents hash table entries: 131072 (order: 8, 1048576 bytes, linear)
[    1.585410] tcp_listen_portaddr_hash hash table entries: 4096 (order: 4, 65536 bytes, linear)
[    1.585582] TCP established hash table entries: 65536 (order: 7, 524288 bytes, linear)
[    1.585957] TCP bind hash table entries: 65536 (order: 8, 1048576 bytes, linear)
[    1.586233] TCP: Hash tables configured (established 65536 bind 65536)
[    1.586340] UDP hash table entries: 4096 (order: 5, 131072 bytes, linear)
[    1.586411] UDP-Lite hash table entries: 4096 (order: 5, 131072 bytes, linear)
[    1.586652] NET: Registered protocol family 1
[    1.586665] NET: Registered protocol family 44
[    1.586675] PCI: CLS 0 bytes, default 64
[    1.586749] Trying to unpack rootfs image as initramfs...
[    1.721963] Freeing initrd memory: 60928K
[    1.722113] check: Scanning for low memory corruption every 60 seconds
[    1.722380] Initialise system trusted keyrings
[    1.722391] Key type blacklist registered
[    1.722436] workingset: timestamp_bits=36 max_order=21 bucket_order=0
[    1.723258] zbud: loaded
[    1.723532] squashfs: version 4.0 (2009/01/31) Phillip Lougher
[    1.723664] fuse: init (API version 7.31)
[    1.723678] *** VALIDATE fuse ***
[    1.723682] *** VALIDATE fuse ***
[    1.723763] Platform Keyring initialized
[    1.726162] Key type asymmetric registered
[    1.726185] Asymmetric key parser 'x509' registered
[    1.726197] Block layer SCSI generic (bsg) driver version 0.4 loaded (major 244)
[    1.726239] io scheduler mq-deadline registered
[    1.726311] shpchp: Standard Hot Plug PCI Controller Driver version: 0.4
[    1.726583] Serial: 8250/16550 driver, 32 ports, IRQ sharing enabled
[    1.727618] Linux agpgart interface v0.103
[    1.825684] loop: module loaded
[    1.825712] Invalid max_queues (4), will use default max: 1.
[    1.826373] grepstub : Reading dir : device/vbd/51714, node : virtual-device, fmt : %i
[    1.826504] grepstub : Result from xenbus_read, 51714
[    1.827095] grepstub : Reading dir : /local/domain/0/backend/vbd/6/51714, node : max-ring-page-order, fmt : %u
[    1.827349] grepstub : Result from xenbus_read, 4
[    1.827358] grepstub : Reading dir : /local/domain/0/backend/vbd/6/51714, node : multi-queue-max-queues, fmt : %u
[    1.827368] grepstub : Reading dir : device/vbd/51713, node : virtual-device, fmt : %i
[    1.827642] grepstub : Result from xenbus_read, 2
[    1.827702] grepstub : Result from xenbus_read, 51713
[    1.827951] Finally writing ›
[    1.828093] grepstub : Writing transaction : 3 ,dir : device/vbd/51714, node : ring-ref, buf : ›
[    1.828099] Finally writing 9
[    1.828229] libphy: Fixed MDIO Bus: probed
[    1.828234] tun: Universal TUN/TAP device driver, 1.6
[    1.828262] PPP generic driver version 2.4.2
[    1.828284] xen_netfront: Initialising Xen virtual ethernet driver
[    1.828580] grepstub : Writing transaction : 3 ,dir : device/vbd/51714, node : event-channel, buf : 9
[    1.828583] Finally writing x86_64-abi
[    1.829053] grepstub : Writing transaction : 3 ,dir : device/vbd/51714, node : protocol, buf : x86_64-abi
[    1.829087] Finally writing 1
[    1.829293] grepstub : Writing transaction : 3 ,dir : device/vbd/51714, node : feature-persistent, buf : 1
[    1.829954] grepstub : Reading dir : device/vbd/51714, node : state, fmt : %d
[    1.830034] grepstub : Result from xenbus_read, 1
[    1.830064] Finally writing 3
[    1.830220] grepstub : Writing transaction : 4 ,dir : device/vbd/51714, node : state, buf : 3
[    1.830256] VFIO - User Level meta-driver version: 0.3
[    1.830310] ehci_hcd: USB 2.0 'Enhanced' Host Controller (EHCI) Driver
[    1.830316] ehci-pci: EHCI PCI platform driver
[    1.830324] ehci-platform: EHCI generic platform driver
[    1.830331] ohci_hcd: USB 1.1 'Open' Host Controller (OHCI) Driver
[    1.830337] ohci-pci: OHCI PCI platform driver
[    1.830343] ohci-platform: OHCI generic platform driver
[    1.830349] uhci_hcd: USB Universal Host Controller Interface driver
[    1.830379] i8042: PNP: No PS/2 controller found.
[    1.830383] i8042: Probing ports directly.
[    1.831236] i8042: No controller found
[    1.831292] mousedev: PS/2 mouse device common for all mice
[    1.831334] i2c /dev entries driver
[    1.831365] device-mapper: uevent: version 1.0.3
[    1.831406] device-mapper: ioctl: 4.41.0-ioctl (2019-09-16) initialised: dm-devel@redhat.com
[    1.831436] platform eisa.0: Probing EISA bus 0
[    1.831467] platform eisa.0: EISA: Detected 0 cards
[    1.831472] intel_pstate: CPU model not supported
[    1.831485] ledtrig-cpu: registered to indicate activity on CPUs
[    1.831522] drop_monitor: Initializing network drop monitor service
[    1.831630] NET: Registered protocol family 10
[    1.832046] grepstub : Reading dir : /local/domain/0/backend/vbd/6/51713, node : max-ring-page-order, fmt : %u
[    1.832431] grepstub : Result from xenbus_read, 4
[    1.832454] grepstub : Reading dir : /local/domain/0/backend/vbd/6/51713, node : multi-queue-max-queues, fmt : %u
[    1.832886] grepstub : Result from xenbus_read, 2
[    1.833363] Finally writing 9
[    1.833472] grepstub : Writing transaction : 5 ,dir : device/vbd/51713, node : ring-ref, buf : 9
[    1.833494] Finally writing 10
[    1.833929] grepstub : Writing transaction : 5 ,dir : device/vbd/51713, node : event-channel, buf : 10
[    1.833936] Finally writing x86_64-‰bi
[    1.834042] grepstub : Writing transaction : 5 ,dir : device/vbd/51713, node : protocol, buf : x86_64-‰bi
[    1.834048] Finally writing 
[    1.834446] grepstub : Writing transaction : 5 ,dir : device/vbd/51713, node : feature-persistent, buf : 
[    1.838070] grepstub : Reading dir : device/vbd/51713, node : state, fmt : %d
[    1.838440] grepstub : Result from xenbus_read, 1
[    1.838448] Finally writing 3
[    1.838860] grepstub : Writing transaction : 6 ,dir : device/vbd/51713, node : state, buf : 3
[    1.843264] Segment Routing with IPv6
[    1.843298] NET: Registered protocol family 17
[    1.843344] Key type dns_resolver registered
[    1.843442] RAS: Correctable Errors collector initialized.
[    1.843451] IPI shorthand broadcast: enabled
[    1.843459] sched_clock: Marking stable (1840449002, 1100674)->(2160824595, -319274919)
[    1.843602] registered taskstats version 1
[    1.843615] Loading compiled-in X.509 certificates
[    1.844102] Loaded X.509 cert 'Build time autogenerated kernel key: 44338da996bb5bbcd96aaf33d33630dd991c7e76'
[    1.844123] zswap: loaded using pool lzo/zbud
[    1.844295] Key type ._fscrypt registered
[    1.844300] Key type .fscrypt registered
[    1.844358] grepstub : Reading dir : /local/domain/0/backend/vif/6/0, node : feature-rx-copy, fmt : %u
[    1.844846] grepstub : Result from xenbus_read, 1
[    1.844854] grepstub : Reading dir : /local/domain/0/backend/vif/6/0, node : multi-queue-max-queues, fmt : %u
[    1.846002] grepstub : Result from xenbus_read, 2
[    1.846010] grepstub : Reading dir : /local/domain/0/backend/vif/6/0, node : feature-split-event-channels, fmt : %u
[    1.846095] grepstub : Result from xenbus_read, 1
[    1.847309] Finally writing 1
[    1.847482] grepstub : Writing transaction : 7 ,dir : device/vif/0, node : multi-queue-num-queues, buf : 1
[    1.847489] Finally writing 768
[    1.847815] grepstub : Writing transaction : 7 ,dir : device/vif/0, node : tx-ring-ref, buf : 768
[    1.847822] Finally writing 7X9
[    1.848204] grepstub : Writing transaction : 7 ,dir : device/vif/0, node : rx-ring-ref, buf : 7X9
[    1.848210] Finally writing 11
[    1.848574] grepstub : Writing transaction : 7 ,dir : device/vif/0, node : event-channel-tx, buf : 11
[    1.848580] Finally writing t2
[    1.848927] grepstub : Writing transaction : 7 ,dir : device/vif/0, node : event-channel-rx, buf : t2
[    1.848934] Finally writing 
[    1.849130] grepstub : Writing transaction : 7 ,dir : device/vif/0, node : request-rx-copy, buf : 
[    1.849135] Finally writing 1
[    1.849293] grepstub : Writing transaction : 7 ,dir : device/vif/0, node : feature-rx-notify, buf : 1
[    1.849299] Finally writing u
[    1.849442] grepstub : Writing transaction : 7 ,dir : device/vif/0, node : feature-sg, buf : u
[    1.849447] Finally writing Þ
[    1.849604] grepstub : Writing transaction : 7 ,dir : device/vif/0, node : feature-gso-tcpv4, buf : Þ
[    1.849825] Finally writing U
[    1.849970] vif vif-0: 5 writing feature-gso-tcpv6
[    1.849978] Finally writing 5 writing feature-gso-tcpv6
[    1.850250] grepstub : Reading dir : device/vif/0, node : state, fmt : %d
[    1.850365] grepstub : Result from xenbus_read, 1
[    1.850371] Finally writing 5
[    1.850553] grepstub : Writing transaction : 9 ,dir : device/vif/0, node : state, buf : 5
[    1.850780] Key type encrypted registered
[    1.850789] AppArmor: AppArmor sha1 policy hashing enabled
[    1.850796] ima: No TPM chip found, activating TPM-bypass!
[    1.850803] ima: Allocated hash algorithm: sha1
[    1.850810] ima: No architecture policies found
[    1.850835] evm: Initialising EVM extended attributes:
[    1.850840] evm: security.selinux
[    1.850842] evm: security.SMACK64
[    1.850846] evm: security.SMACK64EXEC
[    1.850849] evm: security.SMACK64TRANSMUTE
[    1.850863] evm: security.SMACK64MMAP
[    1.850865] evm: security.apparmor
[    1.850867] evm: security.ima
[    1.850869] evm: security.capability
[    1.850872] evm: HMAC attrs: 0x1
[    1.852211] grepstub : Reading dir : device/vif/0, node : state, fmt : %d
[    1.852350] grepstub : Result from xenbus_read, 5
[    1.852358] Finally writing 6
[    1.962963] grepstub : Writing transaction : 10 ,dir : device/vif/0, node : state, buf : 6
[    1.964885] grepstub : Reading dir : device/vbd/51714, node : state, fmt : %d
[    1.965177] grepstub : Result from xenbus_read, 3
[    1.965184] Finally writing 6
[    1.965403] grepstub : Writing transaction : 11 ,dir : device/vbd/51714, node : state, buf : 6
[    1.966400] grepstub : Reading dir : device/vbd/51713, node : state, fmt : %d
[    1.966518] grepstub : Result from xenbus_read, 3
[    1.966525] Finally writing 6
[    1.966736] grepstub : Writing transaction : 12 ,dir : device/vbd/51713, node : state, buf : 6
[    2.065644] hctosys: unable to open rtc device (rtc0)
[    2.067155] Freeing unused decrypted memory: 2040K
[    2.067940] Freeing unused kernel image memory: 2764K
[    2.067962] Write protecting the kernel read-only data: 28672k
[    2.077520] Freeing unused kernel image memory: 2008K
[    2.077874] Freeing unused kernel image memory: 920K
[    2.119034] x86/mm: Checked W+X mappings: passed, no W+X pages found.
[    2.119059] Run /init as init process
Loading, please wait...
Starting version 245.4-4ubuntu3.13
Begin: Loading essential drivers ... done.
Begin: Running /scripts/init-premount ... done.
Begin: Mounting root file system ... Begin: Running /scripts/local-top ... done.
Begin: Running /scripts/local-premount ... done.
[    2.729654] clocksource: tsc: mask: 0xffffffffffffffff max_cycles: 0x255ca2026c5, max_idle_ns: 440795210398 ns
Begin: Waiting for root file system ... Begin: Running /scripts/local-block ... done.
done.
Gave up waiting for root file system device.  Common problems:
 - Boot args (cat /proc/cmdline)
   - Check rootdelay= (did the system wait long enough?)
 - Missing modules (cat /proc/modules; ls /dev)
ALERT!  /dev/xvda2 does not exist.  Dropping to a shell!


BusyBox v1.30.1 (Ubuntu 1:1.30.1-4ubuntu6.3) built-in shell (ash)
Enter 'help' for a list of built-in commands.

(initramfs) [6n