Parsing config from /etc/xen/xenguest.cfg
[    0.000000] Linux version 5.4.151custom_anish+ (root@pop-os) (gcc version 11.2.0 (Ubuntu 11.2.0-7ubuntu2)) #55 SMP Tue Jan 18 17:28:52 EST 2022 ()
[    0.000000] Command line: root=/dev/xvda2 ro elevator=noop
[    0.000000] KERNEL supported cpus:
[    0.000000]   Intel GenuineIntel
[    0.000000]   AMD AuthenticAMD
[    0.000000]   Hygon HygonGenuine
[    0.000000]   Centaur CentaurHauls
[    0.000000]   zhaoxin   Shanghai  
[    0.000000] Disabled fast string operations
[    0.000000] x86/fpu: Supporting XSAVE feature 0x001: 'x87 floating point registers'
[    0.000000] x86/fpu: Supporting XSAVE feature 0x002: 'SSE registers'
[    0.000000] x86/fpu: Supporting XSAVE feature 0x004: 'AVX registers'
[    0.000000] x86/fpu: xstate_offset[2]:  576, xstate_sizes[2]:  256
[    0.000000] x86/fpu: Enabled xstate features 0x7, context size is 832 bytes, using 'standard' format.
[    0.000000] ACPI in unprivileged domain disabled
[    0.000000] Released 0 page(s)
[    0.000000] BIOS-provided physical RAM map:
[    0.000000] Xen: [mem 0x0000000000000000-0x000000000009ffff] usable
[    0.000000] Xen: [mem 0x00000000000a0000-0x00000000000fffff] reserved
[    0.000000] Xen: [mem 0x0000000000100000-0x000000013b7fffff] usable
[    0.000000] NX (Execute Disable) protection: active
[    0.000000] DMI not present or invalid.
[    0.000000] Hypervisor detected: Xen PV
[    0.131364] tsc: Fast TSC calibration failed
[    0.131367] tsc: Detected 2591.996 MHz processor
[    0.131384] last_pfn = 0x13b800 max_arch_pfn = 0x400000000
[    0.131385] Disabled
[    0.131386] x86/PAT: MTRRs disabled, skipping PAT initialization too.
[    0.131402] x86/PAT: Configuration [0-7]: WB  WT  UC- UC  WC  WP  UC  UC  
[    0.131403] last_pfn = 0x100000 max_arch_pfn = 0x400000000
[    0.220932] check: Scanning 1 areas for low memory corruption
[    0.220940] Kernel/User page tables isolation: disabled on XEN PV.
[    0.873716] RAMDISK: [mem 0x04000000-0x07b80fff]
[    0.873775] NUMA turned off
[    0.873776] Faking a node at [mem 0x0000000000000000-0x000000013b7fffff]
[    0.873784] NODE_DATA(0) allocated [mem 0x13ae22000-0x13ae4bfff]
[    0.885809] Zone ranges:
[    0.885811]   DMA      [mem 0x0000000000001000-0x0000000000ffffff]
[    0.885812]   DMA32    [mem 0x0000000001000000-0x00000000ffffffff]
[    0.885813]   Normal   [mem 0x0000000100000000-0x000000013b7fffff]
[    0.885814]   Device   empty
[    0.885815] Movable zone start for each node
[    0.885817] Early memory node ranges
[    0.885818]   node   0: [mem 0x0000000000001000-0x000000000009ffff]
[    0.885819]   node   0: [mem 0x0000000000100000-0x000000013b7fffff]
[    0.885927] Zeroed struct page in unavailable ranges: 18529 pages
[    0.885928] Initmem setup node 0 [mem 0x0000000000001000-0x000000013b7fffff]
[    0.900170] p2m virtual area at (____ptrval____), size is 40000000
[    0.984803] Remapped 0 page(s)
[    0.984890] smpboot: Allowing 1 CPUs, 0 hotplug CPUs
[    0.984897] PM: Registered nosave memory: [mem 0x00000000-0x00000fff]
[    0.984898] PM: Registered nosave memory: [mem 0x000a0000-0x000fffff]
[    0.984899] Cannot find an available gap in the 32-bit address range
[    0.984900] PCI devices with unassigned 32-bit BARs may not work!
[    0.984901] [mem 0x13b900000-0x13bcfffff] available for PCI devices
[    0.984903] Booting paravirtualized kernel on Xen
[    0.984904] Xen version: 4.11.4-pre (preserve-AD)
[    0.984907] clocksource: refined-jiffies: mask: 0xffffffff max_cycles: 0xffffffff, max_idle_ns: 7645519600211568 ns
[    0.984911] setup_percpu: NR_CPUS:8192 nr_cpumask_bits:1 nr_cpu_ids:1 nr_node_ids:1
[    0.985013] percpu: Embedded 54 pages/cpu s184320 r8192 d28672 u2097152
[    0.985051] Built 1 zonelists, mobility grouping on.  Total pages: 1271978
[    0.985052] Policy zone: Normal
[    0.985053] Kernel command line: root=/dev/xvda2 ro elevator=noop
[    0.985394] Dentry cache hash table entries: 1048576 (order: 11, 8388608 bytes, linear)
[    0.985555] Inode-cache hash table entries: 524288 (order: 10, 4194304 bytes, linear)
[    0.985735] mem auto-init: stack:off, heap alloc:on, heap free:off
[    0.996608] Memory: 4951688K/5168764K available (16387K kernel code, 3654K rwdata, 9320K rodata, 2764K init, 5728K bss, 217076K reserved, 0K cma-reserved)
[    0.996616] random: get_random_u64 called from __kmem_cache_create+0x42/0x6f0 with crng_init=0
[    0.996934] SLUB: HWalign=64, Order=0-3, MinObjects=0, CPUs=1, Nodes=1
[    0.997396] ftrace: allocating 43028 entries in 169 pages
[    1.010117] rcu: Hierarchical RCU implementation.
[    1.010119] rcu: 	RCU restricting CPUs from NR_CPUS=8192 to nr_cpu_ids=1.
[    1.010120] rcu: RCU calculated value of scheduler-enlistment delay is 25 jiffies.
[    1.010121] rcu: Adjusting geometry for rcu_fanout_leaf=16, nr_cpu_ids=1
[    1.014171] Using NULL legacy PIC
[    1.014172] NR_IRQS: 524544, nr_irqs: 32, preallocated irqs: 0
[    1.014216] xen:events: Using FIFO-based ABI
[    1.014262] random: crng done (trusting CPU's manufacturer)
[    1.014292] Console: colour dummy device 80x25
[    1.014346] printk: console [tty0] enabled
[    1.014611] printk: console [hvc0] enabled
[    1.014638] clocksource: xen: mask: 0xffffffffffffffff max_cycles: 0x1cd42e4dffb, max_idle_ns: 881590591483 ns
[    1.014719] installing Xen timer for CPU 0
[    1.014758] clocksource: tsc-early: mask: 0xffffffffffffffff max_cycles: 0x255cb30caa3, max_idle_ns: 440795217292 ns
[    1.014766] Calibrating delay loop (skipped), value calculated using timer frequency.. 5183.99 BogoMIPS (lpj=10367984)
[    1.014772] pid_max: default: 32768 minimum: 301
[    1.014843] LSM: Security Framework initializing
[    1.014885] Yama: becoming mindful.
[    1.014943] AppArmor: AppArmor initialized
[    1.015071] Mount-cache hash table entries: 16384 (order: 5, 131072 bytes, linear)
[    1.015086] Mountpoint-cache hash table entries: 16384 (order: 5, 131072 bytes, linear)
[    1.015128] *** VALIDATE tmpfs ***
[    1.015342] *** VALIDATE proc ***
[    1.015468] *** VALIDATE cgroup1 ***
[    1.015471] *** VALIDATE cgroup2 ***
[    1.015563] Disabled fast string operations
[    1.015611] Last level iTLB entries: 4KB 64, 2MB 8, 4MB 8
[    1.015614] Last level dTLB entries: 4KB 64, 2MB 0, 4MB 0, 1GB 4
[    1.015622] Spectre V1 : Mitigation: usercopy/swapgs barriers and __user pointer sanitization
[    1.015627] Spectre V2 : Mitigation: Full generic retpoline
[    1.015630] Spectre V2 : Spectre v2 / SpectreRSB mitigation: Filling RSB on context switch
[    1.015634] Spectre V2 : Enabling Restricted Speculation for firmware calls
[    1.015637] Spectre V2 : mitigation: Enabling conditional Indirect Branch Prediction Barrier
[    1.015642] Speculative Store Bypass: Mitigation: Speculative Store Bypass disabled via prctl and seccomp
[    1.015647] MDS: Mitigation: Clear CPU buffers
[    1.058165] Freeing SMP alternatives memory: 40K
[    1.059459] VPMU disabled by hypervisor.
[    1.059621] Performance Events: unsupported p6 CPU model 165 no PMU driver, software events only.
[    1.059690] rcu: Hierarchical SRCU implementation.
[    1.060070] NMI watchdog: Perf NMI watchdog permanently disabled
[    1.060111] smp: Bringing up secondary CPUs ...
[    1.060115] smp: Brought up 1 node, 1 CPU
[    1.060119] smpboot: Max logical packages: 1
[    1.060395] devtmpfs: initialized
[    1.060445] x86/mm: Memory block size: 128MB
[    1.060791] clocksource: jiffies: mask: 0xffffffff max_cycles: 0xffffffff, max_idle_ns: 7645041785100000 ns
[    1.060815] futex hash table entries: 256 (order: 2, 16384 bytes, linear)
[    1.060851] pinctrl core: initialized pinctrl subsystem
[    1.061013] NET: Registered protocol family 16
[    1.061042] xen:grant_table: Grant tables using version 1 layout
[    1.061054] Grant table initialized
[    1.061078] audit: initializing netlink subsys (disabled)
[    1.061159] audit: type=2000 audit(1642545112.294:1): state=initialized audit_enabled=0 res=1
[    1.061239] EISA bus registered
[    1.061279] Grepstub xb_write sending data
[    1.061294] Grepstub xb_write sending data
[    1.061297] Grepstub xb_write sending data
[    1.062784] grepstub : Reading dir : cpu/0, node : availability, fmt : %15s
[    1.062791] Grepstub xb_write sending data
[    1.062807] Grepstub xb_write sending data
[    1.062816] grepstub : Result from xenbus_read, online
[    1.064046] PCI: setting up Xen PCI frontend stub
[    1.066420] fbcon: Taking over console
[    1.066429] ACPI: Interpreter disabled.
[    1.066467] xen:balloon: Initialising balloon driver
[    1.066564] Grepstub xb_write sending data
[    1.066594] Grepstub xb_write sending data
[    1.066599] Grepstub xb_write sending data
[    1.066788] Grepstub xb_write sending data
[    1.066788] Grepstub xb_write sending data
[    1.066797] Grepstub xb_write sending data
[    1.066804] grepstub : Reading dir : memory, node : target, fmt : %llu
[    1.066809] Grepstub xb_write sending data
[    1.066812] Grepstub xb_write sending data
[    1.066816] Grepstub xb_write sending data
[    1.066816] Grepstub xb_write sending data
[    1.066816] Grepstub xb_write sending data
[    1.066816] grepstub : Result from xenbus_read, 5169152
[    1.066816] grepstub : Reading dir : memory, node : static-max, fmt : %llu
[    1.066816] Grepstub xb_write sending data
[    1.066816] Grepstub xb_write sending data
[    1.066816] Random seed : -1595995350
[    1.066816] Modifying to, and finally sending °
[    1.066820] Grepstub xb_write sending data
[    1.066824] Grepstub xb_write sending data
[    1.066826] Grepstub xb_write sending data
[    1.066830] grepstub : Result from xenbus_read, 5169152
[    1.066835] Grepstub xb_write sending data
[    1.066838] Grepstub xb_write sending data
[    1.066844] grepstub : Writing transaction : 0 ,dir : control, node : feature-poweroff, buf : °
[    1.066844] Random seed : 1247462455
[    1.070801] Grepstub xb_write sending data
[    1.070806] Grepstub xb_write sending data
[    1.070811] Modifying to, and finally sending 1
[    1.070816] Grepstub xb_write sending data
[    1.070818] Grepstub xb_write sending data
[    1.070820] Grepstub xb_write sending data
[    1.070827] Grepstub xb_write sending data
[    1.070827] Grepstub xb_write sending data
[    1.070827] grepstub : Writing transaction : 0 ,dir : control, node : feature-reboot, buf : 1
[    1.070827] Random seed : 1295640308
[    1.070827] Modifying to, and finally sending 1
[    1.070828] Grepstub xb_write sending data
[    1.070831] Grepstub xb_write sending data
[    1.070833] Grepstub xb_write sending data
[    1.070838] Grepstub xb_write sending data
[    1.070838] Grepstub xb_write sending data
[    1.070838] grepstub : Writing transaction : 0 ,dir : control, node : feature-suspend, buf : 1
[    1.070838] Grepstub xb_write sending data
[    1.070838] Grepstub xb_write sending data
[    1.070843] grepstub : Reading dir : control, node : sysrq, fmt : %c
[    1.070843] Grepstub xb_write sending data
[    1.070848] Grepstub xb_write sending data
[    1.070856] Grepstub xb_write sending data
[    1.070859] Grepstub xb_write sending data
[    1.070861] Grepstub xb_write sending data
[    1.070866] grepstub : Result from xenbus_read, (efault)
[    1.070866] Grepstub xb_write sending data
[    1.070866] Grepstub xb_write sending data
[    1.070866] Grepstub xb_write sending data
[    1.070866] Grepstub xb_write sending data
[    1.070866] Grepstub xb_write sending data
[    1.070866] Grepstub xb_write sending data
[    1.070866] Grepstub xb_write sending data
[    1.070866] Grepstub xb_write sending data
[    1.070866] Grepstub xb_write sending data
[    1.070866] Grepstub xb_write sending data
[    1.070866] Grepstub xb_write sending data
[    1.070866] Grepstub xb_write sending data
[    1.070866] Grepstub xb_write sending data
[    1.070866] Grepstub xb_write sending data
[    1.070866] Grepstub xb_write sending data
[    1.070866] Grepstub xb_write sending data
[    1.070866] Grepstub xb_write sending data
[    1.070866] Grepstub xb_write sending data
[    1.070866] Grepstub xb_write sending data
[    1.070866] Grepstub xb_write sending data
[    1.070866] Grepstub xb_write sending data
[    1.070866] iommu: Default domain type: Translated 
[    1.070968] SCSI subsystem initialized
[    1.071025] vgaarb: loaded
[    1.071051] usbcore: registered new interface driver usbfs
[    1.071058] usbcore: registered new interface driver hub
[    1.071064] usbcore: registered new device driver usb
[    1.071084] pps_core: LinuxPPS API ver. 1 registered
[    1.071087] pps_core: Software ver. 5.3.6 - Copyright 2005-2007 Rodolfo Giometti <giometti@linux.it>
[    1.071093] PTP clock support registered
[    1.071129] EDAC MC: Ver: 3.0.0
[    1.071206] PCI: System does not support PCI
[    1.071272] NetLabel: Initializing
[    1.071276] NetLabel:  domain hash size = 128
[    1.071278] NetLabel:  protocols = UNLABELED CIPSOv4 CALIPSO
[    1.071290] NetLabel:  unlabeled traffic allowed by default
[    1.075303] clocksource: Switched to clocksource xen
[    1.082511] *** VALIDATE bpf ***
[    1.082564] VFS: Disk quotas dquot_6.6.0
[    1.082575] VFS: Dquot-cache hash table entries: 512 (order 0, 4096 bytes)
[    1.082592] *** VALIDATE ramfs ***
[    1.082595] hugetlbfs: disabling because there are no supported hugepage sizes
[    1.082649] AppArmor: AppArmor Filesystem Enabled
[    1.082660] pnp: PnP ACPI: disabled
[    1.083569] thermal_sys: Registered thermal governor 'fair_share'
[    1.083569] thermal_sys: Registered thermal governor 'bang_bang'
[    1.083576] thermal_sys: Registered thermal governor 'step_wise'
[    1.083579] thermal_sys: Registered thermal governor 'user_space'
[    1.083582] thermal_sys: Registered thermal governor 'power_allocator'
[    1.083626] NET: Registered protocol family 2
[    1.083719] IP idents hash table entries: 131072 (order: 8, 1048576 bytes, linear)
[    1.084389] tcp_listen_portaddr_hash hash table entries: 4096 (order: 4, 65536 bytes, linear)
[    1.084436] TCP established hash table entries: 65536 (order: 7, 524288 bytes, linear)
[    1.084556] TCP bind hash table entries: 65536 (order: 8, 1048576 bytes, linear)
[    1.084646] TCP: Hash tables configured (established 65536 bind 65536)
[    1.084687] UDP hash table entries: 4096 (order: 5, 131072 bytes, linear)
[    1.084715] UDP-Lite hash table entries: 4096 (order: 5, 131072 bytes, linear)
[    1.084831] NET: Registered protocol family 1
[    1.084839] NET: Registered protocol family 44
[    1.084844] PCI: CLS 0 bytes, default 64
[    1.084881] Trying to unpack rootfs image as initramfs...
[    1.205779] Freeing initrd memory: 60932K
[    1.205923] check: Scanning for low memory corruption every 60 seconds
[    1.206174] Initialise system trusted keyrings
[    1.206202] Key type blacklist registered
[    1.206254] workingset: timestamp_bits=36 max_order=21 bucket_order=0
[    1.207005] zbud: loaded
[    1.207235] squashfs: version 4.0 (2009/01/31) Phillip Lougher
[    1.207345] fuse: init (API version 7.31)
[    1.207357] *** VALIDATE fuse ***
[    1.207361] *** VALIDATE fuse ***
[    1.207424] Platform Keyring initialized
[    1.209692] Key type asymmetric registered
[    1.209697] Asymmetric key parser 'x509' registered
[    1.209706] Block layer SCSI generic (bsg) driver version 0.4 loaded (major 244)
[    1.209742] io scheduler mq-deadline registered
[    1.209812] shpchp: Standard Hot Plug PCI Controller Driver version: 0.4
[    1.210091] Serial: 8250/16550 driver, 32 ports, IRQ sharing enabled
[    1.211059] Linux agpgart interface v0.103
[    1.326913] loop: module loaded
[    1.326945] Invalid max_queues (4), will use default max: 1.
[    1.326967] Grepstub xb_write sending data
[    1.326968] Grepstub xb_write sending data
[    1.327227] Grepstub xb_write sending data
[    1.327246] Grepstub xb_write sending data
[    1.327369] Grepstub xb_write sending data
[    1.327387] going into mutate with iters = 4, len = 37
[    1.327391] mutating str[30]=/ with with 0x76
[    1.327394] mutating str[22]=d with with 0xffffff81
[    1.327397] mutating str[17]=a with with 0x48
[    1.327400] mutating str[10]=a with with 0xffffffad
[    1.327403] Grepstub xb_write sending data
[    1.327566] vbd vbd-51714: 2 unable to read other end from device/vbd/51714.  missing or inaccessible.
[    1.327577] Random seed : 1556626072
[    1.327578] Modifying to, and finally sending 2 unable to read other end from device/vbd/51714.  missing or inaccessible.
[    1.327583] Grepstub xb_write sending data
[    1.327602] Grepstub xb_write sending data
[    1.327605] Grepstub xb_write sending data
[    1.327844] Grepstub xb_write sending data
[    1.327862] Grepstub xb_write sending data
[    1.328041] grepstub : Reading dir : device/vbd/51714, node : state, fmt : %d
[    1.328063] Grepstub xb_write sending data
[    1.328079] Grepstub xb_write sending data
[    1.328315] grepstub : Result from xenbus_read, 1
[    1.328322] Random seed : -2020485878
[    1.328327] Modifying to, and finally sending 5
[    1.328332] Grepstub xb_write sending data
[    1.328349] Grepstub xb_write sending data
[    1.328352] Grepstub xb_write sending data
[    1.328786] grepstub : Writing transaction : 3 ,dir : device/vbd/51714, node : state, buf : 5
[    1.328808] Grepstub xb_write sending data
[    1.328825] Grepstub xb_write sending data
[    1.330963] Grepstub xb_write sending data
[    1.330984] Grepstub xb_write sending data
[    1.330993] vbd vbd-51714: talk_to_otherend on device/vbd/51714 failed.
[    1.331003] vbd: probe of vbd-51714 failed with error -2
[    1.331016] Grepstub xb_write sending data
[    1.331017] Grepstub xb_write sending data
[    1.331252] Grepstub xb_write sending data
[    1.331281] Grepstub xb_write sending data
[    1.331750] Grepstub xb_write sending data
[    1.331769] Grepstub xb_write sending data
[    1.331950] grepstub : Reading dir : device/vbd/51713, node : virtual-device, fmt : %i
[    1.331961] Grepstub xb_write sending data
[    1.331990] Grepstub xb_write sending data
[    1.332422] grepstub : Result from xenbus_read, 51713
[    1.332448] Grepstub xb_write sending data
[    1.332463] Grepstub xb_write sending data
[    1.332467] Grepstub xb_write sending data
[    1.332817] Grepstub xb_write sending data
[    1.332836] Grepstub xb_write sending data
[    1.333068] libphy: Fixed MDIO Bus: probed
[    1.333075] tun: Universal TUN/TAP device driver, 1.6
[    1.333111] PPP generic driver version 2.4.2
[    1.333136] xen_netfront: Initialising Xen virtual ethernet driver
[    1.333151] Grepstub xb_write sending data
[    1.333151] Grepstub xb_write sending data
[    1.333471] grepstub : Reading dir : /local/domain/0/backend/vbd/10/51713, node : max-ring-page-order, fmt : %u
[    1.333495] Grepstub xb_write sending data
[    1.333513] Grepstub xb_write sending data
[    1.333522] Grepstub xb_write sending data
[    1.333525] Grepstub xb_write sending data
[    1.333963] grepstub : Result from xenbus_read, 4
[    1.333983] grepstub : Reading dir : /local/domain/0/backend/vbd/10/51713, node : multi-queue-max-queues, fmt : %u
[    1.334003] Grepstub xb_write sending data
[    1.334020] Grepstub xb_write sending data
[    1.334029] Grepstub xb_write sending data
[    1.334032] Grepstub xb_write sending data
[    1.334376] grepstub : Result from xenbus_read, 2
[    1.334430] Grepstub xb_write sending data
[    1.334448] Grepstub xb_write sending data
[    1.334465] going into mutate with iters = 6, len = 16
[    1.334468] mutating str[0]= with with 0xffffff8d
[    1.334471] mutating str[3]=  with with 0x11
[    1.334474] mutating str[8]=  with with 0x20
[    1.334477] mutating str[14]=  with with 0x50
[    1.334480] mutating str[8]=  with with 0xffffffb5
[    1.334483] mutating str[11]=  with with 0xffffffbf
[    1.334486] Grepstub xb_write sending data
[    1.334488] Grepstub xb_write sending data
[    1.334822] Random seed : 1719147536
[    1.334842] Modifying to, and finally sending 8
[    1.334848] Grepstub xb_write sending data
[    1.334863] Grepstub xb_write sending data
[    1.334866] Grepstub xb_write sending data
[    2.231082] clocksource: tsc: mask: 0xffffffffffffffff max_cycles: 0x255cb30caa3, max_idle_ns: 440795217292 ns
