Parsing config from /etc/xen/xenguest.cfg
[    0.000000] Linux version 5.4.151custom_anish+ (root@pop-os) (gcc version 11.2.0 (Ubuntu 11.2.0-7ubuntu2)) #49 SMP Tue Jan 18 16:49:05 EST 2022 ()
[    0.000000] Command line: root=/dev/xvda2 ro elevator=noop
[    0.000000] KERNEL supported cpus:
[    0.000000]   Intel GenuineIntel
[    0.000000]   AMD AuthenticAMD
[    0.000000]   Hygon HygonGenuine
[    0.000000]   Centaur CentaurHauls
[    0.000000]   zhaoxin   Shanghai  
[    0.000000] Disabled fast string operations
[    0.000000] x86/fpu: Supporting XSAVE feature 0x001: 'x87 floating point registers'
[    0.000000] x86/fpu: Supporting XSAVE feature 0x002: 'SSE registers'
[    0.000000] x86/fpu: Supporting XSAVE feature 0x004: 'AVX registers'
[    0.000000] x86/fpu: xstate_offset[2]:  576, xstate_sizes[2]:  256
[    0.000000] x86/fpu: Enabled xstate features 0x7, context size is 832 bytes, using 'standard' format.
[    0.000000] ACPI in unprivileged domain disabled
[    0.000000] Released 0 page(s)
[    0.000000] BIOS-provided physical RAM map:
[    0.000000] Xen: [mem 0x0000000000000000-0x000000000009ffff] usable
[    0.000000] Xen: [mem 0x00000000000a0000-0x00000000000fffff] reserved
[    0.000000] Xen: [mem 0x0000000000100000-0x000000013b7fffff] usable
[    0.000000] NX (Execute Disable) protection: active
[    0.000000] DMI not present or invalid.
[    0.000000] Hypervisor detected: Xen PV
[    0.116700] tsc: Fast TSC calibration failed
[    0.116703] tsc: Detected 2591.996 MHz processor
[    0.116719] last_pfn = 0x13b800 max_arch_pfn = 0x400000000
[    0.116720] Disabled
[    0.116721] x86/PAT: MTRRs disabled, skipping PAT initialization too.
[    0.116738] x86/PAT: Configuration [0-7]: WB  WT  UC- UC  WC  WP  UC  UC  
[    0.116740] last_pfn = 0x100000 max_arch_pfn = 0x400000000
[    0.212268] check: Scanning 1 areas for low memory corruption
[    0.212278] Kernel/User page tables isolation: disabled on XEN PV.
[    0.843362] RAMDISK: [mem 0x04000000-0x07b80fff]
[    0.843421] NUMA turned off
[    0.843422] Faking a node at [mem 0x0000000000000000-0x000000013b7fffff]
[    0.843430] NODE_DATA(0) allocated [mem 0x13ae22000-0x13ae4bfff]
[    0.854917] Zone ranges:
[    0.854920]   DMA      [mem 0x0000000000001000-0x0000000000ffffff]
[    0.854921]   DMA32    [mem 0x0000000001000000-0x00000000ffffffff]
[    0.854922]   Normal   [mem 0x0000000100000000-0x000000013b7fffff]
[    0.854923]   Device   empty
[    0.854923] Movable zone start for each node
[    0.854926] Early memory node ranges
[    0.854926]   node   0: [mem 0x0000000000001000-0x000000000009ffff]
[    0.854927]   node   0: [mem 0x0000000000100000-0x000000013b7fffff]
[    0.855035] Zeroed struct page in unavailable ranges: 18529 pages
[    0.855036] Initmem setup node 0 [mem 0x0000000000001000-0x000000013b7fffff]
[    0.867666] p2m virtual area at (____ptrval____), size is 40000000
[    0.949532] Remapped 0 page(s)
[    0.949621] smpboot: Allowing 1 CPUs, 0 hotplug CPUs
[    0.949627] PM: Registered nosave memory: [mem 0x00000000-0x00000fff]
[    0.949628] PM: Registered nosave memory: [mem 0x000a0000-0x000fffff]
[    0.949630] Cannot find an available gap in the 32-bit address range
[    0.949630] PCI devices with unassigned 32-bit BARs may not work!
[    0.949631] [mem 0x13b900000-0x13bcfffff] available for PCI devices
[    0.949633] Booting paravirtualized kernel on Xen
[    0.949634] Xen version: 4.11.4-pre (preserve-AD)
[    0.949637] clocksource: refined-jiffies: mask: 0xffffffff max_cycles: 0xffffffff, max_idle_ns: 7645519600211568 ns
[    0.949641] setup_percpu: NR_CPUS:8192 nr_cpumask_bits:1 nr_cpu_ids:1 nr_node_ids:1
[    0.949748] percpu: Embedded 54 pages/cpu s184320 r8192 d28672 u2097152
[    0.949787] Built 1 zonelists, mobility grouping on.  Total pages: 1271978
[    0.949788] Policy zone: Normal
[    0.949790] Kernel command line: root=/dev/xvda2 ro elevator=noop
[    0.950131] Dentry cache hash table entries: 1048576 (order: 11, 8388608 bytes, linear)
[    0.950324] Inode-cache hash table entries: 524288 (order: 10, 4194304 bytes, linear)
[    0.950505] mem auto-init: stack:off, heap alloc:on, heap free:off
[    0.961163] Memory: 4951688K/5168764K available (16387K kernel code, 3654K rwdata, 9320K rodata, 2764K init, 5728K bss, 217076K reserved, 0K cma-reserved)
[    0.961170] random: get_random_u64 called from __kmem_cache_create+0x42/0x6f0 with crng_init=0
[    0.961390] SLUB: HWalign=64, Order=0-3, MinObjects=0, CPUs=1, Nodes=1
[    0.961682] ftrace: allocating 43028 entries in 169 pages
[    0.974179] rcu: Hierarchical RCU implementation.
[    0.974181] rcu: 	RCU restricting CPUs from NR_CPUS=8192 to nr_cpu_ids=1.
[    0.974182] rcu: RCU calculated value of scheduler-enlistment delay is 25 jiffies.
[    0.974183] rcu: Adjusting geometry for rcu_fanout_leaf=16, nr_cpu_ids=1
[    0.977959] Using NULL legacy PIC
[    0.977960] NR_IRQS: 524544, nr_irqs: 32, preallocated irqs: 0
[    0.978005] xen:events: Using FIFO-based ABI
[    0.978051] random: crng done (trusting CPU's manufacturer)
[    0.978079] Console: colour dummy device 80x25
[    0.978134] printk: console [tty0] enabled
[    0.980738] printk: console [hvc0] enabled
[    0.980775] clocksource: xen: mask: 0xffffffffffffffff max_cycles: 0x1cd42e4dffb, max_idle_ns: 881590591483 ns
[    0.980800] installing Xen timer for CPU 0
[    0.980830] clocksource: tsc-early: mask: 0xffffffffffffffff max_cycles: 0x255cb30caa3, max_idle_ns: 440795217292 ns
[    0.980850] Calibrating delay loop (skipped), value calculated using timer frequency.. 5183.99 BogoMIPS (lpj=10367984)
[    0.980856] pid_max: default: 32768 minimum: 301
[    0.980923] LSM: Security Framework initializing
[    0.980962] Yama: becoming mindful.
[    0.981018] AppArmor: AppArmor initialized
[    0.981141] Mount-cache hash table entries: 16384 (order: 5, 131072 bytes, linear)
[    0.981169] Mountpoint-cache hash table entries: 16384 (order: 5, 131072 bytes, linear)
[    0.981210] *** VALIDATE tmpfs ***
[    0.981435] *** VALIDATE proc ***
[    0.981560] *** VALIDATE cgroup1 ***
[    0.981564] *** VALIDATE cgroup2 ***
[    0.981654] Disabled fast string operations
[    0.981702] Last level iTLB entries: 4KB 64, 2MB 8, 4MB 8
[    0.981705] Last level dTLB entries: 4KB 64, 2MB 0, 4MB 0, 1GB 4
[    0.981713] Spectre V1 : Mitigation: usercopy/swapgs barriers and __user pointer sanitization
[    0.981718] Spectre V2 : Mitigation: Full generic retpoline
[    0.981721] Spectre V2 : Spectre v2 / SpectreRSB mitigation: Filling RSB on context switch
[    0.981724] Spectre V2 : Enabling Restricted Speculation for firmware calls
[    0.981741] Spectre V2 : mitigation: Enabling conditional Indirect Branch Prediction Barrier
[    0.981746] Speculative Store Bypass: Mitigation: Speculative Store Bypass disabled via prctl and seccomp
[    0.981751] MDS: Mitigation: Clear CPU buffers
[    1.024265] Freeing SMP alternatives memory: 40K
[    1.025540] VPMU disabled by hypervisor.
[    1.025699] Performance Events: unsupported p6 CPU model 165 no PMU driver, software events only.
[    1.025766] rcu: Hierarchical SRCU implementation.
[    1.026151] NMI watchdog: Perf NMI watchdog permanently disabled
[    1.026187] smp: Bringing up secondary CPUs ...
[    1.026191] smp: Brought up 1 node, 1 CPU
[    1.026194] smpboot: Max logical packages: 1
[    1.026437] devtmpfs: initialized
[    1.026471] x86/mm: Memory block size: 128MB
[    1.026800] clocksource: jiffies: mask: 0xffffffff max_cycles: 0xffffffff, max_idle_ns: 7645041785100000 ns
[    1.026808] futex hash table entries: 256 (order: 2, 16384 bytes, linear)
[    1.026842] pinctrl core: initialized pinctrl subsystem
[    1.026982] NET: Registered protocol family 16
[    1.026997] xen:grant_table: Grant tables using version 1 layout
[    1.027008] Grant table initialized
[    1.027031] audit: initializing netlink subsys (disabled)
[    1.027110] audit: type=2000 audit(1642542748.134:1): state=initialized audit_enabled=0 res=1
[    1.027188] EISA bus registered
[    1.027228] Grepstub xb_write sending data
[    1.027242] Grepstub xb_write sending data
[    1.027247] Grepstub xb_write sending data
[    1.028867] grepstub : Reading dir : cpu/0, node : availability, fmt : %15s
[    1.028875] Grepstub xb_write sending data
[    1.028880] Grepstub xb_write sending data
[    1.028885] grepstub : Result from xenbus_read, (efault)
[    1.028885] xen:cpu_hotplug: Unable to read cpu state
[    1.030087] PCI: setting up Xen PCI frontend stub
[    1.032195] fbcon: Taking over console
[    1.032204] ACPI: Interpreter disabled.
[    1.032216] xen:balloon: Initialising balloon driver
[    1.032265] Grepstub xb_write sending data
[    1.032282] Grepstub xb_write sending data
[    1.032286] Grepstub xb_write sending data
[    1.032293] Grepstub xb_write sending data
[    1.032293] Grepstub xb_write sending data
[    1.032293] Grepstub xb_write sending data
[    1.032293] grepstub : Reading dir : memory, node : target, fmt : %llu
[    1.032293] Grepstub xb_write sending data
[    1.032293] Grepstub xb_write sending data
[    1.032865] xen:manage: Failed to set shutdown watcher
[    1.036899] Grepstub xb_write sending data
