Parsing config from /etc/xen/xenguest.cfg
[    0.000000] Linux version 5.4.151custom_anish+ (root@pop-os) (gcc version 11.2.0 (Ubuntu 11.2.0-7ubuntu2)) #48 SMP Tue Jan 18 02:07:14 EST 2022 ()
[    0.000000] Command line: root=/dev/xvda2 ro elevator=noop
[    0.000000] KERNEL supported cpus:
[    0.000000]   Intel GenuineIntel
[    0.000000]   AMD AuthenticAMD
[    0.000000]   Hygon HygonGenuine
[    0.000000]   Centaur CentaurHauls
[    0.000000]   zhaoxin   Shanghai  
[    0.000000] Disabled fast string operations
[    0.000000] x86/fpu: Supporting XSAVE feature 0x001: 'x87 floating point registers'
[    0.000000] x86/fpu: Supporting XSAVE feature 0x002: 'SSE registers'
[    0.000000] x86/fpu: Supporting XSAVE feature 0x004: 'AVX registers'
[    0.000000] x86/fpu: xstate_offset[2]:  576, xstate_sizes[2]:  256
[    0.000000] x86/fpu: Enabled xstate features 0x7, context size is 832 bytes, using 'standard' format.
[    0.000000] ACPI in unprivileged domain disabled
[    0.000000] Released 0 page(s)
[    0.000000] BIOS-provided physical RAM map:
[    0.000000] Xen: [mem 0x0000000000000000-0x000000000009ffff] usable
[    0.000000] Xen: [mem 0x00000000000a0000-0x00000000000fffff] reserved
[    0.000000] Xen: [mem 0x0000000000100000-0x000000013b7fffff] usable
[    0.000000] NX (Execute Disable) protection: active
[    0.000000] DMI not present or invalid.
[    0.000000] Hypervisor detected: Xen PV
[    0.120997] tsc: Fast TSC calibration failed
[    0.120999] tsc: Detected 2591.996 MHz processor
[    0.121015] last_pfn = 0x13b800 max_arch_pfn = 0x400000000
[    0.121016] Disabled
[    0.121017] x86/PAT: MTRRs disabled, skipping PAT initialization too.
[    0.121022] x86/PAT: Configuration [0-7]: WB  WT  UC- UC  WC  WP  UC  UC  
[    0.121023] last_pfn = 0x100000 max_arch_pfn = 0x400000000
[    0.207367] check: Scanning 1 areas for low memory corruption
[    0.207375] Kernel/User page tables isolation: disabled on XEN PV.
[    0.836104] RAMDISK: [mem 0x04000000-0x07b80fff]
[    0.836168] NUMA turned off
[    0.836169] Faking a node at [mem 0x0000000000000000-0x000000013b7fffff]
[    0.836178] NODE_DATA(0) allocated [mem 0x13ae22000-0x13ae4bfff]
[    0.847657] Zone ranges:
[    0.847659]   DMA      [mem 0x0000000000001000-0x0000000000ffffff]
[    0.847660]   DMA32    [mem 0x0000000001000000-0x00000000ffffffff]
[    0.847661]   Normal   [mem 0x0000000100000000-0x000000013b7fffff]
[    0.847662]   Device   empty
[    0.847662] Movable zone start for each node
[    0.847664] Early memory node ranges
[    0.847665]   node   0: [mem 0x0000000000001000-0x000000000009ffff]
[    0.847666]   node   0: [mem 0x0000000000100000-0x000000013b7fffff]
[    0.847775] Zeroed struct page in unavailable ranges: 18529 pages
[    0.847776] Initmem setup node 0 [mem 0x0000000000001000-0x000000013b7fffff]
[    0.860411] p2m virtual area at (____ptrval____), size is 40000000
[    0.942483] Remapped 0 page(s)
[    0.942572] smpboot: Allowing 1 CPUs, 0 hotplug CPUs
[    0.942579] PM: Registered nosave memory: [mem 0x00000000-0x00000fff]
[    0.942580] PM: Registered nosave memory: [mem 0x000a0000-0x000fffff]
[    0.942581] Cannot find an available gap in the 32-bit address range
[    0.942582] PCI devices with unassigned 32-bit BARs may not work!
[    0.942583] [mem 0x13b900000-0x13bcfffff] available for PCI devices
[    0.942585] Booting paravirtualized kernel on Xen
[    0.942586] Xen version: 4.11.4-pre (preserve-AD)
[    0.942589] clocksource: refined-jiffies: mask: 0xffffffff max_cycles: 0xffffffff, max_idle_ns: 7645519600211568 ns
[    0.942593] setup_percpu: NR_CPUS:8192 nr_cpumask_bits:1 nr_cpu_ids:1 nr_node_ids:1
[    0.942719] percpu: Embedded 54 pages/cpu s184320 r8192 d28672 u2097152
[    0.942758] Built 1 zonelists, mobility grouping on.  Total pages: 1271978
[    0.942759] Policy zone: Normal
[    0.942761] Kernel command line: root=/dev/xvda2 ro elevator=noop
[    0.943144] Dentry cache hash table entries: 1048576 (order: 11, 8388608 bytes, linear)
[    0.943322] Inode-cache hash table entries: 524288 (order: 10, 4194304 bytes, linear)
[    0.943503] mem auto-init: stack:off, heap alloc:on, heap free:off
[    0.954253] Memory: 4951688K/5168764K available (16387K kernel code, 3654K rwdata, 9320K rodata, 2764K init, 5728K bss, 217076K reserved, 0K cma-reserved)
[    0.954261] random: get_random_u64 called from __kmem_cache_create+0x42/0x6f0 with crng_init=0
[    0.954490] SLUB: HWalign=64, Order=0-3, MinObjects=0, CPUs=1, Nodes=1
[    0.954789] ftrace: allocating 43028 entries in 169 pages
[    0.967618] rcu: Hierarchical RCU implementation.
[    0.967619] rcu: 	RCU restricting CPUs from NR_CPUS=8192 to nr_cpu_ids=1.
[    0.967621] rcu: RCU calculated value of scheduler-enlistment delay is 25 jiffies.
[    0.967621] rcu: Adjusting geometry for rcu_fanout_leaf=16, nr_cpu_ids=1
[    0.971434] Using NULL legacy PIC
[    0.971435] NR_IRQS: 524544, nr_irqs: 32, preallocated irqs: 0
[    0.971480] xen:events: Using FIFO-based ABI
[    0.971528] random: crng done (trusting CPU's manufacturer)
[    0.971557] Console: colour dummy device 80x25
[    0.971611] printk: console [tty0] enabled
[    0.972148] printk: console [hvc0] enabled
[    0.972176] clocksource: xen: mask: 0xffffffffffffffff max_cycles: 0x1cd42e4dffb, max_idle_ns: 881590591483 ns
[    0.972263] installing Xen timer for CPU 0
[    0.972495] clocksource: tsc-early: mask: 0xffffffffffffffff max_cycles: 0x255cb30caa3, max_idle_ns: 440795217292 ns
[    0.972507] Calibrating delay loop (skipped), value calculated using timer frequency.. 5183.99 BogoMIPS (lpj=10367984)
[    0.972513] pid_max: default: 32768 minimum: 301
[    0.972601] LSM: Security Framework initializing
[    0.972624] Yama: becoming mindful.
[    0.972680] AppArmor: AppArmor initialized
[    0.972792] Mount-cache hash table entries: 16384 (order: 5, 131072 bytes, linear)
[    0.972806] Mountpoint-cache hash table entries: 16384 (order: 5, 131072 bytes, linear)
[    0.972861] *** VALIDATE tmpfs ***
[    0.973080] *** VALIDATE proc ***
[    0.973228] *** VALIDATE cgroup1 ***
[    0.973232] *** VALIDATE cgroup2 ***
[    0.973325] Disabled fast string operations
[    0.973375] Last level iTLB entries: 4KB 64, 2MB 8, 4MB 8
[    0.973378] Last level dTLB entries: 4KB 64, 2MB 0, 4MB 0, 1GB 4
[    0.973387] Spectre V1 : Mitigation: usercopy/swapgs barriers and __user pointer sanitization
[    0.973392] Spectre V2 : Mitigation: Full generic retpoline
[    0.973394] Spectre V2 : Spectre v2 / SpectreRSB mitigation: Filling RSB on context switch
[    0.973398] Spectre V2 : Enabling Restricted Speculation for firmware calls
[    0.973402] Spectre V2 : mitigation: Enabling conditional Indirect Branch Prediction Barrier
[    0.973406] Speculative Store Bypass: Mitigation: Speculative Store Bypass disabled via prctl and seccomp
[    0.973412] MDS: Mitigation: Clear CPU buffers
[    1.016317] Freeing SMP alternatives memory: 40K
[    1.017611] VPMU disabled by hypervisor.
[    1.017771] Performance Events: unsupported p6 CPU model 165 no PMU driver, software events only.
[    1.017829] rcu: Hierarchical SRCU implementation.
[    1.018192] NMI watchdog: Perf NMI watchdog permanently disabled
[    1.018232] smp: Bringing up secondary CPUs ...
[    1.018236] smp: Brought up 1 node, 1 CPU
[    1.018239] smpboot: Max logical packages: 1
[    1.018521] devtmpfs: initialized
[    1.018558] x86/mm: Memory block size: 128MB
[    1.018898] clocksource: jiffies: mask: 0xffffffff max_cycles: 0xffffffff, max_idle_ns: 7645041785100000 ns
[    1.018907] futex hash table entries: 256 (order: 2, 16384 bytes, linear)
[    1.018942] pinctrl core: initialized pinctrl subsystem
[    1.019090] NET: Registered protocol family 16
[    1.019105] xen:grant_table: Grant tables using version 1 layout
[    1.019117] Grant table initialized
[    1.019142] audit: initializing netlink subsys (disabled)
[    1.019226] audit: type=2000 audit(1642542337.525:1): state=initialized audit_enabled=0 res=1
[    1.019307] EISA bus registered
[    1.019348] Grepstub xb_write sending data
[    1.019350] Grepstub xb_write sending data
[    1.019353] Grepstub xb_write sending data
[    1.019360] grepstub : Reading dir : cpu/0, node : availability, fmt : %15s
[    1.019360] Grepstub xb_write sending data
[    1.019360] Grepstub xb_write sending data
[    1.020523] grepstub : Result from xenbus_read, (efault)
[    1.020528] xen:cpu_hotplug: Unable to read cpu state
[    1.021797] PCI: setting up Xen PCI frontend stub
[    1.023968] fbcon: Taking over console
[    1.023993] ACPI: Interpreter disabled.
[    1.024003] xen:balloon: Initialising balloon driver
[    1.024053] Grepstub xb_write sending data
[    1.024054] Grepstub xb_write sending data
[    1.024057] Grepstub xb_write sending data
[    1.024064] xen_balloon: Failed to set balloon watcher
[    1.024064] Grepstub xb_write sending data
[    1.024064] Grepstub xb_write sending data
[    1.024064] Grepstub xb_write sending data
[    1.024064] xen:manage: Failed to set shutdown watcher
[    1.024064] Grepstub xb_write sending data
[    1.024064] Grepstub xb_write sending data
[    1.024527] Grepstub xb_write sending data
[    1.024532] Grepstub xb_write sending data
[    1.024535] Grepstub xb_write sending data
[    1.024539] Grepstub xb_write sending data
[    1.024551] Grepstub xb_write sending data
[    1.024557] Grepstub xb_write sending data
[    1.024557] Grepstub xb_write sending data
[    1.024557] Grepstub xb_write sending data
[    1.024557] Grepstub xb_write sending data
[    1.024557] Grepstub xb_write sending data
[    1.024557] iommu: Default domain type: Translated 
[    1.024678] SCSI subsystem initialized
[    1.024731] vgaarb: loaded
[    1.024755] usbcore: registered new interface driver usbfs
[    1.024764] usbcore: registered new interface driver hub
[    1.024770] usbcore: registered new device driver usb
[    1.024788] pps_core: LinuxPPS API ver. 1 registered
[    1.024791] pps_core: Software ver. 5.3.6 - Copyright 2005-2007 Rodolfo Giometti <giometti@linux.it>
[    1.024797] PTP clock support registered
[    1.024833] EDAC MC: Ver: 3.0.0
[    1.024909] PCI: System does not support PCI
[    1.024972] NetLabel: Initializing
[    1.024976] NetLabel:  domain hash size = 128
[    1.024992] NetLabel:  protocols = UNLABELED CIPSOv4 CALIPSO
[    1.025007] NetLabel:  unlabeled traffic allowed by default
[    1.025743] clocksource: Switched to clocksource xen
[    1.032739] *** VALIDATE bpf ***
[    1.032815] VFS: Disk quotas dquot_6.6.0
[    1.032837] VFS: Dquot-cache hash table entries: 512 (order 0, 4096 bytes)
[    1.032860] *** VALIDATE ramfs ***
[    1.032864] hugetlbfs: disabling because there are no supported hugepage sizes
[    1.032920] AppArmor: AppArmor Filesystem Enabled
[    1.032933] pnp: PnP ACPI: disabled
[    1.033849] thermal_sys: Registered thermal governor 'fair_share'
[    1.033850] thermal_sys: Registered thermal governor 'bang_bang'
[    1.033874] thermal_sys: Registered thermal governor 'step_wise'
[    1.033878] thermal_sys: Registered thermal governor 'user_space'
[    1.033881] thermal_sys: Registered thermal governor 'power_allocator'
[    1.033929] NET: Registered protocol family 2
[    1.034029] IP idents hash table entries: 131072 (order: 8, 1048576 bytes, linear)
[    1.034732] tcp_listen_portaddr_hash hash table entries: 4096 (order: 4, 65536 bytes, linear)
[    1.034782] TCP established hash table entries: 65536 (order: 7, 524288 bytes, linear)
[    1.034900] TCP bind hash table entries: 65536 (order: 8, 1048576 bytes, linear)
[    1.034961] TCP: Hash tables configured (established 65536 bind 65536)
[    1.034991] UDP hash table entries: 4096 (order: 5, 131072 bytes, linear)
[    1.035014] UDP-Lite hash table entries: 4096 (order: 5, 131072 bytes, linear)
[    1.035122] NET: Registered protocol family 1
[    1.035130] NET: Registered protocol family 44
[    1.035135] PCI: CLS 0 bytes, default 64
[    1.035168] Trying to unpack rootfs image as initramfs...
[    1.162431] Freeing initrd memory: 60932K
[    1.162558] check: Scanning for low memory corruption every 60 seconds
[    1.162813] Initialise system trusted keyrings
[    1.162825] Key type blacklist registered
[    1.162871] workingset: timestamp_bits=36 max_order=21 bucket_order=0
[    1.163632] zbud: loaded
[    1.163873] squashfs: version 4.0 (2009/01/31) Phillip Lougher
[    1.163985] fuse: init (API version 7.31)
[    1.163998] *** VALIDATE fuse ***
[    1.164001] *** VALIDATE fuse ***
[    1.164069] Platform Keyring initialized
[    1.166421] Key type asymmetric registered
[    1.166426] Asymmetric key parser 'x509' registered
[    1.166436] Block layer SCSI generic (bsg) driver version 0.4 loaded (major 244)
[    1.166475] io scheduler mq-deadline registered
[    1.166544] shpchp: Standard Hot Plug PCI Controller Driver version: 0.4
[    1.166815] Serial: 8250/16550 driver, 32 ports, IRQ sharing enabled
[    1.167794] Linux agpgart interface v0.103
[    1.260769] loop: module loaded
[    1.260862] Invalid max_queues (4), will use default max: 1.
[    1.261368] libphy: Fixed MDIO Bus: probed
[    1.261438] tun: Universal TUN/TAP device driver, 1.6
[    1.261551] PPP generic driver version 2.4.2
[    1.261629] xen_netfront: Initialising Xen virtual ethernet driver
[    1.261799] VFIO - User Level meta-driver version: 0.3
[    1.261963] ehci_hcd: USB 2.0 'Enhanced' Host Controller (EHCI) Driver
[    1.261991] ehci-pci: EHCI PCI platform driver
[    1.262020] ehci-platform: EHCI generic platform driver
[    1.262043] ohci_hcd: USB 1.1 'Open' Host Controller (OHCI) Driver
[    1.262064] ohci-pci: OHCI PCI platform driver
[    1.262089] ohci-platform: OHCI generic platform driver
[    1.262111] uhci_hcd: USB Universal Host Controller Interface driver
[    1.262199] i8042: PNP: No PS/2 controller found.
[    1.262212] i8042: Probing ports directly.
[    1.263184] i8042: No controller found
[    1.263328] mousedev: PS/2 mouse device common for all mice
[    1.263476] i2c /dev entries driver
[    1.263577] device-mapper: uevent: version 1.0.3
[    1.263718] device-mapper: ioctl: 4.41.0-ioctl (2019-09-16) initialised: dm-devel@redhat.com
[    1.263818] platform eisa.0: Probing EISA bus 0
[    1.263933] platform eisa.0: EISA: Detected 0 cards
[    1.263948] intel_pstate: CPU model not supported
[    1.263991] ledtrig-cpu: registered to indicate activity on CPUs
[    1.264144] drop_monitor: Initializing network drop monitor service
[    1.264630] NET: Registered protocol family 10
[    1.293139] Segment Routing with IPv6
[    1.293213] NET: Registered protocol family 17
[    1.293301] Key type dns_resolver registered
[    1.293460] RAS: Correctable Errors collector initialized.
[    1.293476] IPI shorthand broadcast: enabled
[    1.293489] sched_clock: Marking stable (1291514128, 1012298)->(1295319503, -2793077)
[    1.293798] registered taskstats version 1
[    1.293821] Loading compiled-in X.509 certificates
[    1.294698] Loaded X.509 cert 'Build time autogenerated kernel key: 44338da996bb5bbcd96aaf33d33630dd991c7e76'
[    1.294734] zswap: loaded using pool lzo/zbud
[    1.294939] Key type ._fscrypt registered
[    1.294947] Key type .fscrypt registered
[    1.301710] Key type encrypted registered
[    1.301759] AppArmor: AppArmor sha1 policy hashing enabled
[    1.301789] ima: No TPM chip found, activating TPM-bypass!
[    1.301797] ima: Allocated hash algorithm: sha1
[    1.301807] ima: No architecture policies found
[    1.301818] evm: Initialising EVM extended attributes:
[    1.301822] evm: security.selinux
[    1.301825] evm: security.SMACK64
[    1.301828] evm: security.SMACK64EXEC
[    1.301831] evm: security.SMACK64TRANSMUTE
[    1.301835] evm: security.SMACK64MMAP
[    1.301838] evm: security.apparmor
[    1.301841] evm: security.ima
[    1.301844] evm: security.capability
[    1.301847] evm: HMAC attrs: 0x1
[    1.302065] hctosys: unable to open rtc device (rtc0)
[    1.304079] Freeing unused decrypted memory: 2040K
[    1.305047] Freeing unused kernel image memory: 2764K
[    1.313701] Write protecting the kernel read-only data: 28672k
[    1.322291] Freeing unused kernel image memory: 2008K
[    1.322626] Freeing unused kernel image memory: 920K
[    1.360103] x86/mm: Checked W+X mappings: passed, no W+X pages found.
[    1.360132] Run /init as init process
Loading, please wait...
Starting version 245.4-4ubuntu3.15
Begin: Loading essential drivers ... done.
Begin: Running /scripts/init-premount ... done.
Begin: Mounting root file system ... Begin: Running /scripts/local-top ... done.
Begin: Running /scripts/local-premount ... done.
[    2.188731] clocksource: tsc: mask: 0xffffffffffffffff max_cycles: 0x255cb30caa3, max_idle_ns: 440795217292 ns
