Parsing config from /etc/xen/xenguest.cfg
[    0.000000] Linux version 5.4.151custom_anish+ (root@pop-os) (gcc version 11.2.0 (Ubuntu 11.2.0-7ubuntu2)) #48 SMP Tue Jan 18 02:07:14 EST 2022 ()
[    0.000000] Command line: root=/dev/xvda2 ro elevator=noop
[    0.000000] KERNEL supported cpus:
[    0.000000]   Intel GenuineIntel
[    0.000000]   AMD AuthenticAMD
[    0.000000]   Hygon HygonGenuine
[    0.000000]   Centaur CentaurHauls
[    0.000000]   zhaoxin   Shanghai  
[    0.000000] Disabled fast string operations
[    0.000000] x86/fpu: Supporting XSAVE feature 0x001: 'x87 floating point registers'
[    0.000000] x86/fpu: Supporting XSAVE feature 0x002: 'SSE registers'
[    0.000000] x86/fpu: Supporting XSAVE feature 0x004: 'AVX registers'
[    0.000000] x86/fpu: xstate_offset[2]:  576, xstate_sizes[2]:  256
[    0.000000] x86/fpu: Enabled xstate features 0x7, context size is 832 bytes, using 'standard' format.
[    0.000000] ACPI in unprivileged domain disabled
[    0.000000] Released 0 page(s)
[    0.000000] BIOS-provided physical RAM map:
[    0.000000] Xen: [mem 0x0000000000000000-0x000000000009ffff] usable
[    0.000000] Xen: [mem 0x00000000000a0000-0x00000000000fffff] reserved
[    0.000000] Xen: [mem 0x0000000000100000-0x000000013b7fffff] usable
[    0.000000] NX (Execute Disable) protection: active
[    0.000000] DMI not present or invalid.
[    0.000000] Hypervisor detected: Xen PV
[    0.123942] tsc: Fast TSC calibration failed
[    0.123944] tsc: Detected 2591.996 MHz processor
[    0.123960] last_pfn = 0x13b800 max_arch_pfn = 0x400000000
[    0.123961] Disabled
[    0.123962] x86/PAT: MTRRs disabled, skipping PAT initialization too.
[    0.123968] x86/PAT: Configuration [0-7]: WB  WT  UC- UC  WC  WP  UC  UC  
[    0.123969] last_pfn = 0x100000 max_arch_pfn = 0x400000000
[    0.221046] check: Scanning 1 areas for low memory corruption
[    0.221054] Kernel/User page tables isolation: disabled on XEN PV.
[    0.850684] RAMDISK: [mem 0x04000000-0x07b80fff]
[    0.850742] NUMA turned off
[    0.850743] Faking a node at [mem 0x0000000000000000-0x000000013b7fffff]
[    0.850751] NODE_DATA(0) allocated [mem 0x13ae22000-0x13ae4bfff]
[    0.862220] Zone ranges:
[    0.862222]   DMA      [mem 0x0000000000001000-0x0000000000ffffff]
[    0.862223]   DMA32    [mem 0x0000000001000000-0x00000000ffffffff]
[    0.862224]   Normal   [mem 0x0000000100000000-0x000000013b7fffff]
[    0.862225]   Device   empty
[    0.862226] Movable zone start for each node
[    0.862228] Early memory node ranges
[    0.862229]   node   0: [mem 0x0000000000001000-0x000000000009ffff]
[    0.862230]   node   0: [mem 0x0000000000100000-0x000000013b7fffff]
[    0.862338] Zeroed struct page in unavailable ranges: 18529 pages
[    0.862339] Initmem setup node 0 [mem 0x0000000000001000-0x000000013b7fffff]
[    0.874915] p2m virtual area at (____ptrval____), size is 40000000
[    0.957078] Remapped 0 page(s)
[    0.957165] smpboot: Allowing 1 CPUs, 0 hotplug CPUs
[    0.957172] PM: Registered nosave memory: [mem 0x00000000-0x00000fff]
[    0.957173] PM: Registered nosave memory: [mem 0x000a0000-0x000fffff]
[    0.957174] Cannot find an available gap in the 32-bit address range
[    0.957175] PCI devices with unassigned 32-bit BARs may not work!
[    0.957175] [mem 0x13b900000-0x13bcfffff] available for PCI devices
[    0.957178] Booting paravirtualized kernel on Xen
[    0.957178] Xen version: 4.11.4-pre (preserve-AD)
[    0.957181] clocksource: refined-jiffies: mask: 0xffffffff max_cycles: 0xffffffff, max_idle_ns: 7645519600211568 ns
[    0.957185] setup_percpu: NR_CPUS:8192 nr_cpumask_bits:1 nr_cpu_ids:1 nr_node_ids:1
[    0.957296] percpu: Embedded 54 pages/cpu s184320 r8192 d28672 u2097152
[    0.957335] Built 1 zonelists, mobility grouping on.  Total pages: 1271978
[    0.957336] Policy zone: Normal
[    0.957337] Kernel command line: root=/dev/xvda2 ro elevator=noop
[    0.957699] Dentry cache hash table entries: 1048576 (order: 11, 8388608 bytes, linear)
[    0.957870] Inode-cache hash table entries: 524288 (order: 10, 4194304 bytes, linear)
[    0.958032] mem auto-init: stack:off, heap alloc:on, heap free:off
[    0.968650] Memory: 4951688K/5168764K available (16387K kernel code, 3654K rwdata, 9320K rodata, 2764K init, 5728K bss, 217076K reserved, 0K cma-reserved)
[    0.968658] random: get_random_u64 called from __kmem_cache_create+0x42/0x6f0 with crng_init=0
[    0.968884] SLUB: HWalign=64, Order=0-3, MinObjects=0, CPUs=1, Nodes=1
[    0.969182] ftrace: allocating 43028 entries in 169 pages
[    0.981958] rcu: Hierarchical RCU implementation.
[    0.981960] rcu: 	RCU restricting CPUs from NR_CPUS=8192 to nr_cpu_ids=1.
[    0.981961] rcu: RCU calculated value of scheduler-enlistment delay is 25 jiffies.
[    0.981962] rcu: Adjusting geometry for rcu_fanout_leaf=16, nr_cpu_ids=1
[    0.985846] Using NULL legacy PIC
[    0.985847] NR_IRQS: 524544, nr_irqs: 32, preallocated irqs: 0
[    0.985890] xen:events: Using FIFO-based ABI
[    0.985936] random: crng done (trusting CPU's manufacturer)
[    0.985964] Console: colour dummy device 80x25
[    0.986019] printk: console [tty0] enabled
[    0.989511] printk: console [hvc0] enabled
[    0.989539] clocksource: xen: mask: 0xffffffffffffffff max_cycles: 0x1cd42e4dffb, max_idle_ns: 881590591483 ns
[    0.989598] installing Xen timer for CPU 0
[    0.989634] clocksource: tsc-early: mask: 0xffffffffffffffff max_cycles: 0x255cb30caa3, max_idle_ns: 440795217292 ns
[    0.989663] Calibrating delay loop (skipped), value calculated using timer frequency.. 5183.99 BogoMIPS (lpj=10367984)
[    0.989669] pid_max: default: 32768 minimum: 301
[    0.989737] LSM: Security Framework initializing
[    0.989757] Yama: becoming mindful.
[    0.989813] AppArmor: AppArmor initialized
[    0.989923] Mount-cache hash table entries: 16384 (order: 5, 131072 bytes, linear)
[    0.989937] Mountpoint-cache hash table entries: 16384 (order: 5, 131072 bytes, linear)
[    0.989977] *** VALIDATE tmpfs ***
[    0.990186] *** VALIDATE proc ***
[    0.990309] *** VALIDATE cgroup1 ***
[    0.990312] *** VALIDATE cgroup2 ***
[    0.990409] Disabled fast string operations
[    0.990457] Last level iTLB entries: 4KB 64, 2MB 8, 4MB 8
[    0.990460] Last level dTLB entries: 4KB 64, 2MB 0, 4MB 0, 1GB 4
[    0.990468] Spectre V1 : Mitigation: usercopy/swapgs barriers and __user pointer sanitization
[    0.990473] Spectre V2 : Mitigation: Full generic retpoline
[    0.990476] Spectre V2 : Spectre v2 / SpectreRSB mitigation: Filling RSB on context switch
[    0.990479] Spectre V2 : Enabling Restricted Speculation for firmware calls
[    0.990483] Spectre V2 : mitigation: Enabling conditional Indirect Branch Prediction Barrier
[    0.990487] Speculative Store Bypass: Mitigation: Speculative Store Bypass disabled via prctl and seccomp
[    0.990492] MDS: Mitigation: Clear CPU buffers
[    1.033321] Freeing SMP alternatives memory: 40K
[    1.034613] VPMU disabled by hypervisor.
[    1.034760] Performance Events: unsupported p6 CPU model 165 no PMU driver, software events only.
[    1.034817] rcu: Hierarchical SRCU implementation.
[    1.035174] NMI watchdog: Perf NMI watchdog permanently disabled
[    1.035213] smp: Bringing up secondary CPUs ...
[    1.035217] smp: Brought up 1 node, 1 CPU
[    1.035220] smpboot: Max logical packages: 1
[    1.035538] devtmpfs: initialized
[    1.035579] x86/mm: Memory block size: 128MB
[    1.035999] clocksource: jiffies: mask: 0xffffffff max_cycles: 0xffffffff, max_idle_ns: 7645041785100000 ns
[    1.036010] futex hash table entries: 256 (order: 2, 16384 bytes, linear)
[    1.036052] pinctrl core: initialized pinctrl subsystem
[    1.036215] NET: Registered protocol family 16
[    1.036231] xen:grant_table: Grant tables using version 1 layout
[    1.036244] Grant table initialized
[    1.036268] audit: initializing netlink subsys (disabled)
[    1.036379] audit: type=2000 audit(1642542379.752:1): state=initialized audit_enabled=0 res=1
[    1.036462] EISA bus registered
[    1.036505] Grepstub xb_write sending data
[    1.036506] Grepstub xb_write sending data
[    1.036509] Grepstub xb_write sending data
[    1.036516] grepstub : Reading dir : cpu/0, node : availability, fmt : %15s
[    1.036516] Grepstub xb_write sending data
[    1.036516] Grepstub xb_write sending data
[    1.036516] grepstub : Result from xenbus_read, (efault)
[    1.036516] xen:cpu_hotplug: Unable to read cpu state
[    1.037682] PCI: setting up Xen PCI frontend stub
[    1.039855] fbcon: Taking over console
[    1.039880] ACPI: Interpreter disabled.
[    1.039891] xen:balloon: Initialising balloon driver
[    1.039956] Grepstub xb_write sending data
[    1.039969] Grepstub xb_write sending data
[    1.039974] Grepstub xb_write sending data
[    1.039982] xen_balloon: Failed to set balloon watcher
[    1.039982] Grepstub xb_write sending data
[    1.039982] Grepstub xb_write sending data
[    1.039982] Grepstub xb_write sending data
[    1.039982] xen:manage: Failed to set shutdown watcher
[    1.039982] Grepstub xb_write sending data
[    1.039982] Grepstub xb_write sending data
[    1.039982] Grepstub xb_write sending data
[    1.039982] Grepstub xb_write sending data
[    1.039982] Grepstub xb_write sending data
[    1.039982] Grepstub xb_write sending data
[    1.039982] Grepstub xb_write sending data
[    1.039982] Grepstub xb_write sending data
[    1.039982] Grepstub xb_write sending data
[    1.039982] Grepstub xb_write sending data
[    1.039982] Grepstub xb_write sending data
[    1.039982] Grepstub xb_write sending data
[    1.039982] iommu: Default domain type: Translated 
[    1.039982] SCSI subsystem initialized
[    1.039982] vgaarb: loaded
[    1.041680] usbcore: registered new interface driver usbfs
[    1.041688] usbcore: registered new interface driver hub
[    1.041694] usbcore: registered new device driver usb
[    1.041713] pps_core: LinuxPPS API ver. 1 registered
[    1.041717] pps_core: Software ver. 5.3.6 - Copyright 2005-2007 Rodolfo Giometti <giometti@linux.it>
[    1.041722] PTP clock support registered
[    1.041762] EDAC MC: Ver: 3.0.0
[    1.041840] PCI: System does not support PCI
[    1.041905] NetLabel: Initializing
[    1.041908] NetLabel:  domain hash size = 128
[    1.041911] NetLabel:  protocols = UNLABELED CIPSOv4 CALIPSO
[    1.041923] NetLabel:  unlabeled traffic allowed by default
[    1.042586] clocksource: Switched to clocksource xen
[    1.049937] *** VALIDATE bpf ***
[    1.050001] VFS: Disk quotas dquot_6.6.0
[    1.050014] VFS: Dquot-cache hash table entries: 512 (order 0, 4096 bytes)
[    1.050034] *** VALIDATE ramfs ***
[    1.050037] hugetlbfs: disabling because there are no supported hugepage sizes
[    1.050094] AppArmor: AppArmor Filesystem Enabled
[    1.050108] pnp: PnP ACPI: disabled
[    1.051007] thermal_sys: Registered thermal governor 'fair_share'
[    1.051008] thermal_sys: Registered thermal governor 'bang_bang'
[    1.051012] thermal_sys: Registered thermal governor 'step_wise'
[    1.051016] thermal_sys: Registered thermal governor 'user_space'
[    1.051019] thermal_sys: Registered thermal governor 'power_allocator'
[    1.051066] NET: Registered protocol family 2
[    1.051225] IP idents hash table entries: 131072 (order: 8, 1048576 bytes, linear)
[    1.051963] tcp_listen_portaddr_hash hash table entries: 4096 (order: 4, 65536 bytes, linear)
[    1.052037] TCP established hash table entries: 65536 (order: 7, 524288 bytes, linear)
[    1.052227] TCP bind hash table entries: 65536 (order: 8, 1048576 bytes, linear)
[    1.052324] TCP: Hash tables configured (established 65536 bind 65536)
[    1.052371] UDP hash table entries: 4096 (order: 5, 131072 bytes, linear)
[    1.052402] UDP-Lite hash table entries: 4096 (order: 5, 131072 bytes, linear)
[    1.052534] NET: Registered protocol family 1
[    1.052542] NET: Registered protocol family 44
[    1.052548] PCI: CLS 0 bytes, default 64
[    1.052589] Trying to unpack rootfs image as initramfs...
[    1.174444] Freeing initrd memory: 60932K
[    1.174598] check: Scanning for low memory corruption every 60 seconds
[    1.174853] Initialise system trusted keyrings
[    1.174866] Key type blacklist registered
[    1.174911] workingset: timestamp_bits=36 max_order=21 bucket_order=0
[    1.175665] zbud: loaded
[    1.175929] squashfs: version 4.0 (2009/01/31) Phillip Lougher
[    1.176041] fuse: init (API version 7.31)
[    1.176055] *** VALIDATE fuse ***
[    1.176058] *** VALIDATE fuse ***
[    1.176122] Platform Keyring initialized
[    1.178497] Key type asymmetric registered
[    1.178502] Asymmetric key parser 'x509' registered
[    1.178511] Block layer SCSI generic (bsg) driver version 0.4 loaded (major 244)
[    1.178547] io scheduler mq-deadline registered
[    1.178615] shpchp: Standard Hot Plug PCI Controller Driver version: 0.4
[    1.178886] Serial: 8250/16550 driver, 32 ports, IRQ sharing enabled
[    1.179855] Linux agpgart interface v0.103
[    1.278003] loop: module loaded
[    1.278099] Invalid max_queues (4), will use default max: 1.
[    1.278611] libphy: Fixed MDIO Bus: probed
[    1.278631] tun: Universal TUN/TAP device driver, 1.6
[    1.278726] PPP generic driver version 2.4.2
[    1.278802] xen_netfront: Initialising Xen virtual ethernet driver
[    1.278906] VFIO - User Level meta-driver version: 0.3
[    1.279054] ehci_hcd: USB 2.0 'Enhanced' Host Controller (EHCI) Driver
[    1.279078] ehci-pci: EHCI PCI platform driver
[    1.279105] ehci-platform: EHCI generic platform driver
[    1.279127] ohci_hcd: USB 1.1 'Open' Host Controller (OHCI) Driver
[    1.279149] ohci-pci: OHCI PCI platform driver
[    1.279175] ohci-platform: OHCI generic platform driver
[    1.279197] uhci_hcd: USB Universal Host Controller Interface driver
[    1.279286] i8042: PNP: No PS/2 controller found.
[    1.279300] i8042: Probing ports directly.
[    1.280280] i8042: No controller found
[    1.280420] mousedev: PS/2 mouse device common for all mice
[    1.280570] i2c /dev entries driver
[    1.280668] device-mapper: uevent: version 1.0.3
[    1.280809] device-mapper: ioctl: 4.41.0-ioctl (2019-09-16) initialised: dm-devel@redhat.com
[    1.280906] platform eisa.0: Probing EISA bus 0
[    1.281024] platform eisa.0: EISA: Detected 0 cards
[    1.281039] intel_pstate: CPU model not supported
[    1.281082] ledtrig-cpu: registered to indicate activity on CPUs
[    1.281208] drop_monitor: Initializing network drop monitor service
[    1.281598] NET: Registered protocol family 10
[    1.313067] Segment Routing with IPv6
[    1.313147] NET: Registered protocol family 17
[    1.313237] Key type dns_resolver registered
[    1.313409] RAS: Correctable Errors collector initialized.
[    1.313425] IPI shorthand broadcast: enabled
[    1.313438] sched_clock: Marking stable (1305931057, 3759180)->(1311811143, -2120906)
[    1.313800] registered taskstats version 1
[    1.313828] Loading compiled-in X.509 certificates
[    1.314834] Loaded X.509 cert 'Build time autogenerated kernel key: 44338da996bb5bbcd96aaf33d33630dd991c7e76'
[    1.314874] zswap: loaded using pool lzo/zbud
[    1.315118] Key type ._fscrypt registered
[    1.315127] Key type .fscrypt registered
[    1.322523] Key type encrypted registered
[    1.322534] AppArmor: AppArmor sha1 policy hashing enabled
[    1.322543] ima: No TPM chip found, activating TPM-bypass!
[    1.322551] ima: Allocated hash algorithm: sha1
[    1.322560] ima: No architecture policies found
[    1.322571] evm: Initialising EVM extended attributes:
[    1.322575] evm: security.selinux
[    1.322578] evm: security.SMACK64
[    1.322581] evm: security.SMACK64EXEC
[    1.322584] evm: security.SMACK64TRANSMUTE
[    1.322588] evm: security.SMACK64MMAP
[    1.322591] evm: security.apparmor
[    1.322594] evm: security.ima
[    1.322597] evm: security.capability
[    1.322600] evm: HMAC attrs: 0x1
[    1.322813] hctosys: unable to open rtc device (rtc0)
[    1.324789] Freeing unused decrypted memory: 2040K
[    1.325899] Freeing unused kernel image memory: 2764K
[    1.332558] Write protecting the kernel read-only data: 28672k
[    1.341401] Freeing unused kernel image memory: 2008K
[    1.341808] Freeing unused kernel image memory: 920K
[    1.379579] x86/mm: Checked W+X mappings: passed, no W+X pages found.
[    1.379608] Run /init as init process
Loading, please wait...
Starting version 245.4-4ubuntu3.15
Failed to scan subsystems: No such file or directory
Begin: Loading essential drivers ... done.
Begin: Running /scripts/init-premount ... done.
Begin: Mounting root file system ... Begin: Running /scripts/local-top ... done.
Begin: Running /scripts/local-premount ... done.
[    2.205983] clocksource: tsc: mask: 0xffffffffffffffff max_cycles: 0x255cb30caa3, max_idle_ns: 440795217292 ns
