Parsing config from /etc/xen/xenguest.cfg
[    0.000000] Linux version 5.4.151custom_anish+ (root@pop-os) (gcc version 11.2.0 (Ubuntu 11.2.0-7ubuntu2)) #32 SMP Mon Jan 17 04:00:05 EST 2022 ()
[    0.000000] Command line: root=/dev/xvda2 ro elevator=noop
[    0.000000] KERNEL supported cpus:
[    0.000000]   Intel GenuineIntel
[    0.000000]   AMD AuthenticAMD
[    0.000000]   Hygon HygonGenuine
[    0.000000]   Centaur CentaurHauls
[    0.000000]   zhaoxin   Shanghai  
[    0.000000] Disabled fast string operations
[    0.000000] x86/fpu: Supporting XSAVE feature 0x001: 'x87 floating point registers'
[    0.000000] x86/fpu: Supporting XSAVE feature 0x002: 'SSE registers'
[    0.000000] x86/fpu: Supporting XSAVE feature 0x004: 'AVX registers'
[    0.000000] x86/fpu: xstate_offset[2]:  576, xstate_sizes[2]:  256
[    0.000000] x86/fpu: Enabled xstate features 0x7, context size is 832 bytes, using 'standard' format.
[    0.000000] ACPI in unprivileged domain disabled
[    0.000000] Released 0 page(s)
[    0.000000] BIOS-provided physical RAM map:
[    0.000000] Xen: [mem 0x0000000000000000-0x000000000009ffff] usable
[    0.000000] Xen: [mem 0x00000000000a0000-0x00000000000fffff] reserved
[    0.000000] Xen: [mem 0x0000000000100000-0x000000013b7fffff] usable
[    0.000000] NX (Execute Disable) protection: active
[    0.000000] DMI not present or invalid.
[    0.000000] Hypervisor detected: Xen PV
[    0.116427] tsc: Fast TSC calibration failed
[    0.116431] tsc: Detected 2591.978 MHz processor
[    0.116449] last_pfn = 0x13b800 max_arch_pfn = 0x400000000
[    0.116450] Disabled
[    0.116451] x86/PAT: MTRRs disabled, skipping PAT initialization too.
[    0.116457] x86/PAT: Configuration [0-7]: WB  WT  UC- UC  WC  WP  UC  UC  
[    0.116458] last_pfn = 0x100000 max_arch_pfn = 0x400000000
[    0.209233] check: Scanning 1 areas for low memory corruption
[    0.209242] Kernel/User page tables isolation: disabled on XEN PV.
[    0.838404] RAMDISK: [mem 0x04000000-0x07b7ffff]
[    0.838463] NUMA turned off
[    0.838464] Faking a node at [mem 0x0000000000000000-0x000000013b7fffff]
[    0.838472] NODE_DATA(0) allocated [mem 0x13ae22000-0x13ae4bfff]
[    0.850024] Zone ranges:
[    0.850027]   DMA      [mem 0x0000000000001000-0x0000000000ffffff]
[    0.850028]   DMA32    [mem 0x0000000001000000-0x00000000ffffffff]
[    0.850029]   Normal   [mem 0x0000000100000000-0x000000013b7fffff]
[    0.850030]   Device   empty
[    0.850031] Movable zone start for each node
[    0.850033] Early memory node ranges
[    0.850034]   node   0: [mem 0x0000000000001000-0x000000000009ffff]
[    0.850035]   node   0: [mem 0x0000000000100000-0x000000013b7fffff]
[    0.850144] Zeroed struct page in unavailable ranges: 18529 pages
[    0.850145] Initmem setup node 0 [mem 0x0000000000001000-0x000000013b7fffff]
[    0.863897] p2m virtual area at (____ptrval____), size is 40000000
[    0.946688] Remapped 0 page(s)
[    0.946775] smpboot: Allowing 1 CPUs, 0 hotplug CPUs
[    0.946782] PM: Registered nosave memory: [mem 0x00000000-0x00000fff]
[    0.946783] PM: Registered nosave memory: [mem 0x000a0000-0x000fffff]
[    0.946784] Cannot find an available gap in the 32-bit address range
[    0.946784] PCI devices with unassigned 32-bit BARs may not work!
[    0.946785] [mem 0x13b900000-0x13bcfffff] available for PCI devices
[    0.946788] Booting paravirtualized kernel on Xen
[    0.946789] Xen version: 4.11.4-pre (preserve-AD)
[    0.946792] clocksource: refined-jiffies: mask: 0xffffffff max_cycles: 0xffffffff, max_idle_ns: 7645519600211568 ns
[    0.946796] setup_percpu: NR_CPUS:8192 nr_cpumask_bits:1 nr_cpu_ids:1 nr_node_ids:1
[    0.946899] percpu: Embedded 54 pages/cpu s184320 r8192 d28672 u2097152
[    0.946939] Built 1 zonelists, mobility grouping on.  Total pages: 1271978
[    0.946940] Policy zone: Normal
[    0.946941] Kernel command line: root=/dev/xvda2 ro elevator=noop
[    0.947285] Dentry cache hash table entries: 1048576 (order: 11, 8388608 bytes, linear)
[    0.947482] Inode-cache hash table entries: 524288 (order: 10, 4194304 bytes, linear)
[    0.947670] mem auto-init: stack:off, heap alloc:on, heap free:off
[    0.958949] Memory: 4951692K/5168764K available (16387K kernel code, 3654K rwdata, 9320K rodata, 2764K init, 5728K bss, 217072K reserved, 0K cma-reserved)
[    0.958958] random: get_random_u64 called from __kmem_cache_create+0x42/0x6f0 with crng_init=0
[    0.959182] SLUB: HWalign=64, Order=0-3, MinObjects=0, CPUs=1, Nodes=1
[    0.959499] ftrace: allocating 43027 entries in 169 pages
[    0.972429] rcu: Hierarchical RCU implementation.
[    0.972431] rcu: 	RCU restricting CPUs from NR_CPUS=8192 to nr_cpu_ids=1.
[    0.972433] rcu: RCU calculated value of scheduler-enlistment delay is 25 jiffies.
[    0.972434] rcu: Adjusting geometry for rcu_fanout_leaf=16, nr_cpu_ids=1
[    0.976356] Using NULL legacy PIC
[    0.976358] NR_IRQS: 524544, nr_irqs: 32, preallocated irqs: 0
[    0.976407] xen:events: Using FIFO-based ABI
[    0.976456] random: crng done (trusting CPU's manufacturer)
[    0.976487] Console: colour dummy device 80x25
[    0.976542] printk: console [tty0] enabled
[    1.005823] printk: console [hvc0] enabled
[    1.005883] clocksource: xen: mask: 0xffffffffffffffff max_cycles: 0x1cd42e4dffb, max_idle_ns: 881590591483 ns
[    1.006206] installing Xen timer for CPU 0
[    1.006434] clocksource: tsc-early: mask: 0xffffffffffffffff max_cycles: 0x255ca2026c5, max_idle_ns: 440795210398 ns
[    1.006462] Calibrating delay loop (skipped), value calculated using timer frequency.. 5183.95 BogoMIPS (lpj=10367912)
[    1.006468] pid_max: default: 32768 minimum: 301
[    1.006550] LSM: Security Framework initializing
[    1.006589] Yama: becoming mindful.
[    1.006648] AppArmor: AppArmor initialized
[    1.006777] Mount-cache hash table entries: 16384 (order: 5, 131072 bytes, linear)
[    1.006805] Mountpoint-cache hash table entries: 16384 (order: 5, 131072 bytes, linear)
[    1.006848] *** VALIDATE tmpfs ***
[    1.007081] *** VALIDATE proc ***
[    1.007210] *** VALIDATE cgroup1 ***
[    1.007214] *** VALIDATE cgroup2 ***
[    1.007309] Disabled fast string operations
[    1.007360] Last level iTLB entries: 4KB 64, 2MB 8, 4MB 8
[    1.007363] Last level dTLB entries: 4KB 64, 2MB 0, 4MB 0, 1GB 4
[    1.007372] Spectre V1 : Mitigation: usercopy/swapgs barriers and __user pointer sanitization
[    1.007377] Spectre V2 : Mitigation: Full generic retpoline
[    1.007379] Spectre V2 : Spectre v2 / SpectreRSB mitigation: Filling RSB on context switch
[    1.007383] Spectre V2 : Enabling Restricted Speculation for firmware calls
[    1.007387] Spectre V2 : mitigation: Enabling conditional Indirect Branch Prediction Barrier
[    1.007392] Speculative Store Bypass: Mitigation: Speculative Store Bypass disabled via prctl and seccomp
[    1.007414] MDS: Mitigation: Clear CPU buffers
[    1.052164] Freeing SMP alternatives memory: 40K
[    1.053651] VPMU disabled by hypervisor.
[    1.053818] Performance Events: unsupported p6 CPU model 165 no PMU driver, software events only.
[    1.053888] rcu: Hierarchical SRCU implementation.
[    1.054263] NMI watchdog: Perf NMI watchdog permanently disabled
[    1.054320] smp: Bringing up secondary CPUs ...
[    1.054324] smp: Brought up 1 node, 1 CPU
[    1.054327] smpboot: Max logical packages: 1
[    1.054589] devtmpfs: initialized
[    1.054625] x86/mm: Memory block size: 128MB
[    1.054956] clocksource: jiffies: mask: 0xffffffff max_cycles: 0xffffffff, max_idle_ns: 7645041785100000 ns
[    1.054965] futex hash table entries: 256 (order: 2, 16384 bytes, linear)
[    1.054999] pinctrl core: initialized pinctrl subsystem
[    1.055141] NET: Registered protocol family 16
[    1.055157] xen:grant_table: Grant tables using version 1 layout
[    1.055168] Grant table initialized
[    1.055192] audit: initializing netlink subsys (disabled)
[    1.055293] audit: type=2000 audit(1642410176.707:1): state=initialized audit_enabled=0 res=1
[    1.055376] EISA bus registered
[    1.055442] grepstub : Reading dir : cpu/0, node : availability, fmt : %15s
[    1.055442] grepstub : Result from xenbus_read, online
[    1.055860] PCI: setting up Xen PCI frontend stub
[    1.059523] fbcon: Taking over console
[    1.059532] ACPI: Interpreter disabled.
[    1.059542] xen:balloon: Initialising balloon driver
[    1.059608] grepstub : Reading dir : memory, node : target, fmt : %llu
[    1.059608] grepstub : Result from xenbus_read, 5169152
[    1.059608] grepstub : Reading dir : memory, node : static-max, fmt : %llu
[    1.059608] Finally writing å
[    1.059608] grepstub : Result from xenbus_read, 5169152
[    1.059608] grepstub : Writing transaction : 0 ,dir : control, node : feature-poweroff, buf : å
[    1.059608] Finally writing 1
[    1.059608] grepstub : Writing transaction : 0 ,dir : control, node : feature-reboot, buf : 1
[    1.059608] Finally writing 1
[    1.059608] grepstub : Writing transaction : 0 ,dir : control, node : feature-suspend, buf : 1
[    1.059608] grepstub : Reading dir : control, node : sysrq, fmt : %c
[    1.059608] grepstub : Result from xenbus_read, (efault)
[    1.059608] iommu: Default domain type: Translated 
[    1.059608] SCSI subsystem initialized
[    1.059608] vgaarb: loaded
[    1.062492] usbcore: registered new interface driver usbfs
[    1.062501] usbcore: registered new interface driver hub
[    1.062507] usbcore: registered new device driver usb
[    1.066586] pps_core: LinuxPPS API ver. 1 registered
[    1.066592] pps_core: Software ver. 5.3.6 - Copyright 2005-2007 Rodolfo Giometti <giometti@linux.it>
[    1.066597] PTP clock support registered
[    1.066694] EDAC MC: Ver: 3.0.0
[    1.066798] PCI: System does not support PCI
[    1.066871] NetLabel: Initializing
[    1.066874] NetLabel:  domain hash size = 128
[    1.066877] NetLabel:  protocols = UNLABELED CIPSOv4 CALIPSO
[    1.066889] NetLabel:  unlabeled traffic allowed by default
[    1.067590] clocksource: Switched to clocksource xen
[    1.074361] *** VALIDATE bpf ***
[    1.074418] VFS: Disk quotas dquot_6.6.0
[    1.074445] VFS: Dquot-cache hash table entries: 512 (order 0, 4096 bytes)
[    1.074491] *** VALIDATE ramfs ***
[    1.074496] hugetlbfs: disabling because there are no supported hugepage sizes
[    1.074550] AppArmor: AppArmor Filesystem Enabled
[    1.074562] pnp: PnP ACPI: disabled
[    1.075409] thermal_sys: Registered thermal governor 'fair_share'
[    1.075410] thermal_sys: Registered thermal governor 'bang_bang'
[    1.075431] thermal_sys: Registered thermal governor 'step_wise'
[    1.075435] thermal_sys: Registered thermal governor 'user_space'
[    1.075450] thermal_sys: Registered thermal governor 'power_allocator'
[    1.075495] NET: Registered protocol family 2
[    1.075602] IP idents hash table entries: 131072 (order: 8, 1048576 bytes, linear)
[    1.076295] tcp_listen_portaddr_hash hash table entries: 4096 (order: 4, 65536 bytes, linear)
[    1.076359] TCP established hash table entries: 65536 (order: 7, 524288 bytes, linear)
[    1.076481] TCP bind hash table entries: 65536 (order: 8, 1048576 bytes, linear)
[    1.076543] TCP: Hash tables configured (established 65536 bind 65536)
[    1.076579] UDP hash table entries: 4096 (order: 5, 131072 bytes, linear)
[    1.076601] UDP-Lite hash table entries: 4096 (order: 5, 131072 bytes, linear)
[    1.076703] NET: Registered protocol family 1
[    1.076711] NET: Registered protocol family 44
[    1.076715] PCI: CLS 0 bytes, default 64
[    1.076747] Trying to unpack rootfs image as initramfs...
[    1.199585] Freeing initrd memory: 60928K
[    1.199762] check: Scanning for low memory corruption every 60 seconds
[    1.200006] Initialise system trusted keyrings
[    1.200032] Key type blacklist registered
[    1.200079] workingset: timestamp_bits=36 max_order=21 bucket_order=0
[    1.200821] zbud: loaded
[    1.201075] squashfs: version 4.0 (2009/01/31) Phillip Lougher
[    1.201184] fuse: init (API version 7.31)
[    1.201197] *** VALIDATE fuse ***
[    1.201200] *** VALIDATE fuse ***
[    1.201263] Platform Keyring initialized
[    1.203590] Key type asymmetric registered
[    1.203611] Asymmetric key parser 'x509' registered
[    1.203621] Block layer SCSI generic (bsg) driver version 0.4 loaded (major 244)
[    1.203659] io scheduler mq-deadline registered
[    1.203742] shpchp: Standard Hot Plug PCI Controller Driver version: 0.4
[    1.204008] Serial: 8250/16550 driver, 32 ports, IRQ sharing enabled
[    1.205105] Linux agpgart interface v0.103
[    1.302591] loop: module loaded
[    1.302614] Invalid max_queues (4), will use default max: 1.
[    1.303347] grepstub : Reading dir : device/vbd/51714, node : virtual-device, fmt : %i
[    1.303490] grepstub : Result from xenbus_read, 51714
[    1.303913] grepstub : Reading dir : /local/domain/0/backend/vbd/5/51714, node : max-ring-page-order, fmt : %u
[    1.304093] grepstub : Result from xenbus_read, 4
[    1.304128] grepstub : Reading dir : /local/domain/0/backend/vbd/5/51714, node : multi-queue-max-queues, fmt : %u
[    1.304337] grepstub : Result from xenbus_read, 2
[    1.304390] grepstub : Reading dir : device/vbd/51713, node : virtual-device, fmt : %i
[    1.304600] Finally writing 8
[    1.304611] grepstub : Result from xenbus_read, 51713
[    1.304846] grepstub : Writing transaction : 3 ,dir : device/vbd/51714, node : ring-ref, buf : 8
[    1.304854] Finally writing 
[    1.305032] libphy: Fixed MDIO Bus: probed
[    1.305038] tun: Universal TUN/TAP device driver, 1.6
[    1.305070] PPP generic driver version 2.4.2
[    1.305094] xen_netfront: Initialising Xen virtual ethernet driver
[    1.305310] grepstub : Writing transaction : 3 ,dir : device/vbd/51714, node : event-channel, buf : 
[    1.305318] Finally writing x86_64-abi
[    1.305551] grepstub : Writing transaction : 3 ,dir : device/vbd/51714, node : protocol, buf : x86_64-abi
[    1.305573] Finally writing ¿
[    1.305820] grepstub : Writing transaction : 3 ,dir : device/vbd/51714, node : feature-persistent, buf : ¿
[    1.306456] grepstub : Reading dir : device/vbd/51714, node : state, fmt : %d
[    1.306626] grepstub : Result from xenbus_read, 1
[    1.306644] Finally writing 3
[    1.306738] grepstub : Writing transaction : 4 ,dir : device/vbd/51714, node : state, buf : 3
[    1.306790] VFIO - User Level meta-driver version: 0.3
[    1.306846] ehci_hcd: USB 2.0 'Enhanced' Host Controller (EHCI) Driver
[    1.306853] ehci-pci: EHCI PCI platform driver
[    1.306860] ehci-platform: EHCI generic platform driver
[    1.306867] ohci_hcd: USB 1.1 'Open' Host Controller (OHCI) Driver
[    1.306873] ohci-pci: OHCI PCI platform driver
[    1.306879] ohci-platform: OHCI generic platform driver
[    1.306885] uhci_hcd: USB Universal Host Controller Interface driver
[    1.306918] i8042: PNP: No PS/2 controller found.
[    1.306921] i8042: Probing ports directly.
[    1.307765] i8042: No controller found
[    1.307823] mousedev: PS/2 mouse device common for all mice
[    1.307865] i2c /dev entries driver
[    1.307913] device-mapper: uevent: version 1.0.3
[    1.307973] device-mapper: ioctl: 4.41.0-ioctl (2019-09-16) initialised: dm-devel@redhat.com
[    1.308015] platform eisa.0: Probing EISA bus 0
[    1.308059] platform eisa.0: EISA: Detected 0 cards
[    1.308074] intel_pstate: CPU model not supported
[    1.308088] ledtrig-cpu: registered to indicate activity on CPUs
[    1.308128] drop_monitor: Initializing network drop monitor service
[    1.308252] NET: Registered protocol family 10
[    1.317115] Segment Routing with IPv6
[    1.317156] NET: Registered protocol family 17
[    1.317206] Key type dns_resolver registered
[    1.317305] RAS: Correctable Errors collector initialized.
[    1.317327] IPI shorthand broadcast: enabled
[    1.317334] sched_clock: Marking stable (1284431586, 30038882)->(1426189385, -111718917)
[    1.317481] registered taskstats version 1
[    1.317493] Loading compiled-in X.509 certificates
[    1.317974] Loaded X.509 cert 'Build time autogenerated kernel key: 44338da996bb5bbcd96aaf33d33630dd991c7e76'
[    1.317992] zswap: loaded using pool lzo/zbud
[    1.318108] Key type ._fscrypt registered
[    1.318112] Key type .fscrypt registered
[    1.322452] Key type encrypted registered
[    1.322458] AppArmor: AppArmor sha1 policy hashing enabled
[    1.322495] ima: No TPM chip found, activating TPM-bypass!
[    1.322501] ima: Allocated hash algorithm: sha1
[    1.322508] ima: No architecture policies found
[    1.322516] evm: Initialising EVM extended attributes:
[    1.322519] evm: security.selinux
[    1.322521] evm: security.SMACK64
[    1.322523] evm: security.SMACK64EXEC
[    1.322526] evm: security.SMACK64TRANSMUTE
[    1.322528] evm: security.SMACK64MMAP
[    1.322530] evm: security.apparmor
[    1.322532] evm: security.ima
[    1.322534] evm: security.capability
[    1.322536] evm: HMAC attrs: 0x1
[    1.323104] grepstub : Reading dir : /local/domain/0/backend/vbd/5/51713, node : max-ring-page-order, fmt : %u
[    1.323364] grepstub : Result from xenbus_read, 4
[    1.323372] grepstub : Reading dir : /local/domain/0/backend/vbd/5/51713, node : multi-queue-max-queues, fmt : %u
[    1.323550] grepstub : Result from xenbus_read, 2
[    1.323709] Finally writing Ã
[    1.323855] grepstub : Writing transaction : 5 ,dir : device/vbd/51713, node : ring-ref, buf : Ã
[    1.323862] Finally writing N0
[    1.324049] grepstub : Writing transaction : 5 ,dir : device/vbd/51713, node : event-channel, buf : N0
[    1.324056] Finally writing x86_64Ýabi
[    1.324210] grepstub : Writing transaction : 5 ,dir : device/vbd/51713, node : protocol, buf : x86_64Ýabi
[    1.324216] Finally writing ì
[    1.324347] grepstub : Writing transaction : 5 ,dir : device/vbd/51713, node : feature-persistent, buf : ì
[    1.325257] grepstub : Reading dir : device/vbd/51713, node : state, fmt : %d
[    1.325771] grepstub : Result from xenbus_read, 1
[    1.325779] Finally writing 3
[    1.467077] grepstub : Writing transaction : 6 ,dir : device/vbd/51713, node : state, buf : 3
[    1.468339] grepstub : Reading dir : /local/domain/0/backend/vif/5/0, node : feature-rx-copy, fmt : %u
[    1.468483] grepstub : Result from xenbus_read, 1
[    1.468491] grepstub : Reading dir : /local/domain/0/backend/vif/5/0, node : multi-queue-max-queues, fmt : %u
[    1.468774] grepstub : Result from xenbus_read, 2
[    1.468782] grepstub : Reading dir : /local/domain/0/backend/vif/5/0, node : feature-split-event-channels, fmt : %u
[    1.469226] grepstub : Result from xenbus_read, 1
[    1.470129] Finally writing œ
[    1.470320] grepstub : Writing transaction : 7 ,dir : device/vif/0, node : multi-queue-num-queues, buf : œ
[    1.470330] Finally writing n68
[    1.470584] grepstub : Writing transaction : 7 ,dir : device/vif/0, node : tx-ring-ref, buf : n68
[    1.470591] Finally writing 769
[    1.470846] grepstub : Writing transaction : 7 ,dir : device/vif/0, node : rx-ring-ref, buf : 769
[    1.470852] Finally writing 11
[    1.471122] grepstub : Writing transaction : 7 ,dir : device/vif/0, node : event-channel-tx, buf : 11
[    1.471141] Finally writing 1S
[    1.471401] grepstub : Writing transaction : 7 ,dir : device/vif/0, node : event-channel-rx, buf : 1S
[    1.471408] Finally writing ³
[    1.471727] grepstub : Writing transaction : 7 ,dir : device/vif/0, node : request-rx-copy, buf : ³
[    1.471734] Finally writing &
[    1.472003] grepstub : Writing transaction : 7 ,dir : device/vif/0, node : feature-rx-notify, buf : &
[    1.472022] Finally writing 1
[    1.472283] grepstub : Writing transaction : 7 ,dir : device/vif/0, node : feature-sg, buf : 1
[    1.472289] Finally writing 1
[    1.472595] grepstub : Writing transaction : 7 ,dir : device/vif/0, node : feature-gso-tcpv4, buf : 1
[    1.473041] Finally writing 1
[    1.473466] vif vif-0: 5 writing feature-gso-tcpv6
[    1.473490] Finally writing 5 writing feature-gso-tcpv6
[    1.474034] grepstub : Reading dir : device/vif/0, node : state, fmt : %d
[    1.474245] grepstub : Result from xenbus_read, 1
[    1.474255] Finally writing 5
[    1.474702] grepstub : Writing transaction : 9 ,dir : device/vif/0, node : state, buf : 5
[    1.476747] grepstub : Reading dir : device/vif/0, node : state, fmt : %d
[    1.477111] grepstub : Result from xenbus_read, 5
[    1.477117] Finally writing 6
[    1.478621] grepstub : Writing transaction : 10 ,dir : device/vif/0, node : state, buf : 6
[    1.481436] grepstub : Reading dir : device/vbd/51714, node : state, fmt : %d
[    1.481713] grepstub : Result from xenbus_read, 3
[    1.481733] Finally writing 6
[    1.482102] grepstub : Writing transaction : 11 ,dir : device/vbd/51714, node : state, buf : 6
[    1.482598] grepstub : Reading dir : device/vbd/51713, node : state, fmt : %d
[    1.482666] grepstub : Result from xenbus_read, 3
[    1.482673] Finally writing 6
[    1.482768] grepstub : Writing transaction : 12 ,dir : device/vbd/51713, node : state, buf : 6
[    1.570597] hctosys: unable to open rtc device (rtc0)
[    1.572037] Freeing unused decrypted memory: 2040K
[    1.572767] Freeing unused kernel image memory: 2764K
[    1.572772] Write protecting the kernel read-only data: 28672k
[    1.581037] Freeing unused kernel image memory: 2008K
[    1.581350] Freeing unused kernel image memory: 920K
[    1.618013] x86/mm: Checked W+X mappings: passed, no W+X pages found.
[    1.618021] Run /init as init process
Loading, please wait...
Starting version 245.4-4ubuntu3.13
Begin: Loading essential drivers ... done.
Begin: Running /scripts/init-premount ... done.
Begin: Mounting root file system ... Begin: Running /scripts/local-top ... done.
Begin: Running /scripts/local-premount ... done.
[    2.222577] clocksource: tsc: mask: 0xffffffffffffffff max_cycles: 0x255ca2026c5, max_idle_ns: 440795210398 ns
Begin: Waiting for root file system ... Begin: Running /scripts/local-block ... done.
done.
Gave up waiting for root file system device.  Common problems:
 - Boot args (cat /proc/cmdline)
   - Check rootdelay= (did the system wait long enough?)
 - Missing modules (cat /proc/modules; ls /dev)
ALERT!  /dev/xvda2 does not exist.  Dropping to a shell!


BusyBox v1.30.1 (Ubuntu 1:1.30.1-4ubuntu6.3) built-in shell (ash)
Enter 'help' for a list of built-in commands.

(initramfs) [6n