Parsing config from /etc/xen/xenguest.cfg
[    0.000000] Linux version 5.4.151custom_anish+ (root@pop-os) (gcc version 11.2.0 (Ubuntu 11.2.0-7ubuntu2)) #51 SMP Tue Jan 18 17:10:40 EST 2022 ()
[    0.000000] Command line: root=/dev/xvda2 ro elevator=noop
[    0.000000] KERNEL supported cpus:
[    0.000000]   Intel GenuineIntel
[    0.000000]   AMD AuthenticAMD
[    0.000000]   Hygon HygonGenuine
[    0.000000]   Centaur CentaurHauls
[    0.000000]   zhaoxin   Shanghai  
[    0.000000] Disabled fast string operations
[    0.000000] x86/fpu: Supporting XSAVE feature 0x001: 'x87 floating point registers'
[    0.000000] x86/fpu: Supporting XSAVE feature 0x002: 'SSE registers'
[    0.000000] x86/fpu: Supporting XSAVE feature 0x004: 'AVX registers'
[    0.000000] x86/fpu: xstate_offset[2]:  576, xstate_sizes[2]:  256
[    0.000000] x86/fpu: Enabled xstate features 0x7, context size is 832 bytes, using 'standard' format.
[    0.000000] ACPI in unprivileged domain disabled
[    0.000000] Released 0 page(s)
[    0.000000] BIOS-provided physical RAM map:
[    0.000000] Xen: [mem 0x0000000000000000-0x000000000009ffff] usable
[    0.000000] Xen: [mem 0x00000000000a0000-0x00000000000fffff] reserved
[    0.000000] Xen: [mem 0x0000000000100000-0x000000013b7fffff] usable
[    0.000000] NX (Execute Disable) protection: active
[    0.000000] DMI not present or invalid.
[    0.000000] Hypervisor detected: Xen PV
[    0.123150] tsc: Fast TSC calibration failed
[    0.123152] tsc: Detected 2591.996 MHz processor
[    0.123168] last_pfn = 0x13b800 max_arch_pfn = 0x400000000
[    0.123169] Disabled
[    0.123170] x86/PAT: MTRRs disabled, skipping PAT initialization too.
[    0.123175] x86/PAT: Configuration [0-7]: WB  WT  UC- UC  WC  WP  UC  UC  
[    0.123176] last_pfn = 0x100000 max_arch_pfn = 0x400000000
[    0.210281] check: Scanning 1 areas for low memory corruption
[    0.210291] Kernel/User page tables isolation: disabled on XEN PV.
[    0.843488] RAMDISK: [mem 0x04000000-0x07b80fff]
[    0.843547] NUMA turned off
[    0.843548] Faking a node at [mem 0x0000000000000000-0x000000013b7fffff]
[    0.843556] NODE_DATA(0) allocated [mem 0x13ae22000-0x13ae4bfff]
[    0.855019] Zone ranges:
[    0.855022]   DMA      [mem 0x0000000000001000-0x0000000000ffffff]
[    0.855023]   DMA32    [mem 0x0000000001000000-0x00000000ffffffff]
[    0.855024]   Normal   [mem 0x0000000100000000-0x000000013b7fffff]
[    0.855025]   Device   empty
[    0.855026] Movable zone start for each node
[    0.855028] Early memory node ranges
[    0.855029]   node   0: [mem 0x0000000000001000-0x000000000009ffff]
[    0.855030]   node   0: [mem 0x0000000000100000-0x000000013b7fffff]
[    0.855138] Zeroed struct page in unavailable ranges: 18529 pages
[    0.855139] Initmem setup node 0 [mem 0x0000000000001000-0x000000013b7fffff]
[    0.868107] p2m virtual area at (____ptrval____), size is 40000000
[    0.950895] Remapped 0 page(s)
[    0.950983] smpboot: Allowing 1 CPUs, 0 hotplug CPUs
[    0.950989] PM: Registered nosave memory: [mem 0x00000000-0x00000fff]
[    0.950990] PM: Registered nosave memory: [mem 0x000a0000-0x000fffff]
[    0.950991] Cannot find an available gap in the 32-bit address range
[    0.950992] PCI devices with unassigned 32-bit BARs may not work!
[    0.950993] [mem 0x13b900000-0x13bcfffff] available for PCI devices
[    0.950995] Booting paravirtualized kernel on Xen
[    0.950996] Xen version: 4.11.4-pre (preserve-AD)
[    0.950999] clocksource: refined-jiffies: mask: 0xffffffff max_cycles: 0xffffffff, max_idle_ns: 7645519600211568 ns
[    0.951003] setup_percpu: NR_CPUS:8192 nr_cpumask_bits:1 nr_cpu_ids:1 nr_node_ids:1
[    0.951106] percpu: Embedded 54 pages/cpu s184320 r8192 d28672 u2097152
[    0.951146] Built 1 zonelists, mobility grouping on.  Total pages: 1271978
[    0.951147] Policy zone: Normal
[    0.951148] Kernel command line: root=/dev/xvda2 ro elevator=noop
[    0.951497] Dentry cache hash table entries: 1048576 (order: 11, 8388608 bytes, linear)
[    0.951657] Inode-cache hash table entries: 524288 (order: 10, 4194304 bytes, linear)
[    0.951800] mem auto-init: stack:off, heap alloc:on, heap free:off
[    0.962470] Memory: 4951688K/5168764K available (16387K kernel code, 3654K rwdata, 9320K rodata, 2764K init, 5728K bss, 217076K reserved, 0K cma-reserved)
[    0.962478] random: get_random_u64 called from __kmem_cache_create+0x42/0x6f0 with crng_init=0
[    0.962703] SLUB: HWalign=64, Order=0-3, MinObjects=0, CPUs=1, Nodes=1
[    0.963001] ftrace: allocating 43028 entries in 169 pages
[    0.975827] rcu: Hierarchical RCU implementation.
[    0.975829] rcu: 	RCU restricting CPUs from NR_CPUS=8192 to nr_cpu_ids=1.
[    0.975831] rcu: RCU calculated value of scheduler-enlistment delay is 25 jiffies.
[    0.975831] rcu: Adjusting geometry for rcu_fanout_leaf=16, nr_cpu_ids=1
[    0.979755] Using NULL legacy PIC
[    0.979756] NR_IRQS: 524544, nr_irqs: 32, preallocated irqs: 0
[    0.979800] xen:events: Using FIFO-based ABI
[    0.979846] random: crng done (trusting CPU's manufacturer)
[    0.979874] Console: colour dummy device 80x25
[    0.979928] printk: console [tty0] enabled
[    0.980306] printk: console [hvc0] enabled
[    0.980334] clocksource: xen: mask: 0xffffffffffffffff max_cycles: 0x1cd42e4dffb, max_idle_ns: 881590591483 ns
[    0.980459] installing Xen timer for CPU 0
[    0.980632] clocksource: tsc-early: mask: 0xffffffffffffffff max_cycles: 0x255cb30caa3, max_idle_ns: 440795217292 ns
[    0.980656] Calibrating delay loop (skipped), value calculated using timer frequency.. 5183.99 BogoMIPS (lpj=10367984)
[    0.980662] pid_max: default: 32768 minimum: 301
[    0.980731] LSM: Security Framework initializing
[    0.980752] Yama: becoming mindful.
[    0.980808] AppArmor: AppArmor initialized
[    0.980918] Mount-cache hash table entries: 16384 (order: 5, 131072 bytes, linear)
[    0.980932] Mountpoint-cache hash table entries: 16384 (order: 5, 131072 bytes, linear)
[    0.980971] *** VALIDATE tmpfs ***
[    0.981181] *** VALIDATE proc ***
[    0.981322] *** VALIDATE cgroup1 ***
[    0.981326] *** VALIDATE cgroup2 ***
[    0.981417] Disabled fast string operations
[    0.981467] Last level iTLB entries: 4KB 64, 2MB 8, 4MB 8
[    0.981471] Last level dTLB entries: 4KB 64, 2MB 0, 4MB 0, 1GB 4
[    0.981479] Spectre V1 : Mitigation: usercopy/swapgs barriers and __user pointer sanitization
[    0.981484] Spectre V2 : Mitigation: Full generic retpoline
[    0.981486] Spectre V2 : Spectre v2 / SpectreRSB mitigation: Filling RSB on context switch
[    0.981490] Spectre V2 : Enabling Restricted Speculation for firmware calls
[    0.981494] Spectre V2 : mitigation: Enabling conditional Indirect Branch Prediction Barrier
[    0.981498] Speculative Store Bypass: Mitigation: Speculative Store Bypass disabled via prctl and seccomp
[    0.981503] MDS: Mitigation: Clear CPU buffers
[    1.024314] Freeing SMP alternatives memory: 40K
[    1.025582] VPMU disabled by hypervisor.
[    1.025727] Performance Events: unsupported p6 CPU model 165 no PMU driver, software events only.
[    1.025782] rcu: Hierarchical SRCU implementation.
[    1.026151] NMI watchdog: Perf NMI watchdog permanently disabled
[    1.026190] smp: Bringing up secondary CPUs ...
[    1.026194] smp: Brought up 1 node, 1 CPU
[    1.026197] smpboot: Max logical packages: 1
[    1.026458] devtmpfs: initialized
[    1.026494] x86/mm: Memory block size: 128MB
[    1.026825] clocksource: jiffies: mask: 0xffffffff max_cycles: 0xffffffff, max_idle_ns: 7645041785100000 ns
[    1.026834] futex hash table entries: 256 (order: 2, 16384 bytes, linear)
[    1.026867] pinctrl core: initialized pinctrl subsystem
[    1.027013] NET: Registered protocol family 16
[    1.027028] xen:grant_table: Grant tables using version 1 layout
[    1.027040] Grant table initialized
[    1.027063] audit: initializing netlink subsys (disabled)
[    1.027145] audit: type=2000 audit(1642543988.443:1): state=initialized audit_enabled=0 res=1
[    1.027224] EISA bus registered
[    1.027265] Grepstub xb_write sending data
[    1.027280] Grepstub xb_write sending data
[    1.027284] Grepstub xb_write sending data
[    1.027291] grepstub : Reading dir : cpu/0, node : availability, fmt : %15s
[    1.027291] Grepstub xb_write sending data
[    1.027291] Grepstub xb_write sending data
[    1.027291] grepstub : Result from xenbus_read, online
[    1.028674] PCI: setting up Xen PCI frontend stub
[    1.030815] fbcon: Taking over console
[    1.030824] ACPI: Interpreter disabled.
[    1.030835] xen:balloon: Initialising balloon driver
[    1.030895] Grepstub xb_write sending data
[    1.030914] Grepstub xb_write sending data
[    1.030918] Grepstub xb_write sending data
[    1.030927] grepstub : Reading dir : memory, node : target, fmt : %llu
[    1.030927] Grepstub xb_write sending data
[    1.030927] Grepstub xb_write sending data
[    1.030927] Grepstub xb_write sending data
[    1.030927] Grepstub xb_write sending data
[    1.030927] Grepstub xb_write sending data
[    1.030927] grepstub : Result from xenbus_read, 5169152
[    1.030927] grepstub : Reading dir : memory, node : static-max, fmt : %llu
[    1.030927] Grepstub xb_write sending data
[    1.030927] Grepstub xb_write sending data
[    1.030927] Grepstub xb_write sending data
[    1.030927] Grepstub xb_write sending data
[    1.030927] Grepstub xb_write sending data
[    1.030927] grepstub : Result from xenbus_read, 5169152
[    1.030927] Random seed : -2031972086
[    1.030927] Modifying to, and finally sending 1
[    1.030927] Grepstub xb_write sending data
[    1.030927] Grepstub xb_write sending data
[    1.030927] Grepstub xb_write sending data
[    1.030927] Grepstub xb_write sending data
[    1.030927] Grepstub xb_write sending data
[    1.032677] grepstub : Writing transaction : 0 ,dir : control, node : feature-poweroff, buf : 1
[    1.032695] Random seed : -59627383
[    1.032700] Modifying to, and finally sending ò
[    1.032705] Grepstub xb_write sending data
[    1.032719] Grepstub xb_write sending data
[    1.032723] Grepstub xb_write sending data
[    1.032725] Grepstub xb_write sending data
[    1.032727] Grepstub xb_write sending data
[    1.032732] grepstub : Writing transaction : 0 ,dir : control, node : feature-reboot, buf : ò
[    1.032732] Random seed : 1392788531
[    1.032732] Modifying to, and finally sending ›
[    1.032732] Grepstub xb_write sending data
[    1.032732] Grepstub xb_write sending data
[    1.032732] Grepstub xb_write sending data
[    1.032732] Grepstub xb_write sending data
[    1.032732] Grepstub xb_write sending data
[    1.032736] grepstub : Writing transaction : 0 ,dir : control, node : feature-suspend, buf : ›
[    1.032736] Grepstub xb_write sending data
[    1.032736] Grepstub xb_write sending data
[    1.032736] Grepstub xb_write sending data
[    1.032736] Grepstub xb_write sending data
[    1.032736] grepstub : Reading dir : control, node : sysrq, fmt : %c
[    1.032736] Grepstub xb_write sending data
[    1.032736] Grepstub xb_write sending data
[    1.032736] Grepstub xb_write sending data
[    1.032736] Grepstub xb_write sending data
[    1.032736] Grepstub xb_write sending data
[    1.032736] grepstub : Result from xenbus_read, (efault)
[    1.032736] Grepstub xb_write sending data
[    1.032736] Grepstub xb_write sending data
[    1.032736] Grepstub xb_write sending data
[    1.032736] Grepstub xb_write sending data
[    1.032736] Grepstub xb_write sending data
[    1.032736] Grepstub xb_write sending data
[    1.032736] Grepstub xb_write sending data
[    1.032736] Grepstub xb_write sending data
[    1.032736] Grepstub xb_write sending data
[    1.032736] iommu: Default domain type: Translated 
[    1.032830] SCSI subsystem initialized
[    1.032883] vgaarb: loaded
[    1.032909] usbcore: registered new interface driver usbfs
[    1.032917] usbcore: registered new interface driver hub
[    1.032922] usbcore: registered new device driver usb
[    1.032940] pps_core: LinuxPPS API ver. 1 registered
[    1.032944] pps_core: Software ver. 5.3.6 - Copyright 2005-2007 Rodolfo Giometti <giometti@linux.it>
[    1.032949] PTP clock support registered
[    1.032985] EDAC MC: Ver: 3.0.0
[    1.033060] PCI: System does not support PCI
[    1.033126] NetLabel: Initializing
[    1.033129] NetLabel:  domain hash size = 128
[    1.033132] NetLabel:  protocols = UNLABELED CIPSOv4 CALIPSO
[    1.033143] NetLabel:  unlabeled traffic allowed by default
[    1.033821] clocksource: Switched to clocksource xen
[    1.040599] *** VALIDATE bpf ***
[    1.040636] VFS: Disk quotas dquot_6.6.0
[    1.040648] VFS: Dquot-cache hash table entries: 512 (order 0, 4096 bytes)
[    1.040687] *** VALIDATE ramfs ***
[    1.040691] hugetlbfs: disabling because there are no supported hugepage sizes
[    1.040749] AppArmor: AppArmor Filesystem Enabled
[    1.040761] pnp: PnP ACPI: disabled
[    1.041667] thermal_sys: Registered thermal governor 'fair_share'
[    1.041668] thermal_sys: Registered thermal governor 'bang_bang'
[    1.041673] thermal_sys: Registered thermal governor 'step_wise'
[    1.041677] thermal_sys: Registered thermal governor 'user_space'
[    1.041680] thermal_sys: Registered thermal governor 'power_allocator'
[    1.176286] NET: Registered protocol family 2
[    1.176385] IP idents hash table entries: 131072 (order: 8, 1048576 bytes, linear)
[    1.177116] tcp_listen_portaddr_hash hash table entries: 4096 (order: 4, 65536 bytes, linear)
[    1.177182] TCP established hash table entries: 65536 (order: 7, 524288 bytes, linear)
[    1.177298] TCP bind hash table entries: 65536 (order: 8, 1048576 bytes, linear)
[    1.177355] TCP: Hash tables configured (established 65536 bind 65536)
[    1.177386] UDP hash table entries: 4096 (order: 5, 131072 bytes, linear)
[    1.177408] UDP-Lite hash table entries: 4096 (order: 5, 131072 bytes, linear)
[    1.177516] NET: Registered protocol family 1
[    1.177524] NET: Registered protocol family 44
[    1.177529] PCI: CLS 0 bytes, default 64
[    1.177567] Trying to unpack rootfs image as initramfs...
[    1.299720] Freeing initrd memory: 60932K
[    1.299881] check: Scanning for low memory corruption every 60 seconds
[    1.300133] Initialise system trusted keyrings
[    1.300145] Key type blacklist registered
[    1.300191] workingset: timestamp_bits=36 max_order=21 bucket_order=0
[    1.300969] zbud: loaded
[    1.301260] squashfs: version 4.0 (2009/01/31) Phillip Lougher
[    1.301379] fuse: init (API version 7.31)
[    1.301393] *** VALIDATE fuse ***
[    1.301397] *** VALIDATE fuse ***
[    1.301463] Platform Keyring initialized
[    1.303743] Key type asymmetric registered
[    1.303765] Asymmetric key parser 'x509' registered
[    1.303774] Block layer SCSI generic (bsg) driver version 0.4 loaded (major 244)
[    1.303815] io scheduler mq-deadline registered
[    1.303884] shpchp: Standard Hot Plug PCI Controller Driver version: 0.4
[    1.304158] Serial: 8250/16550 driver, 32 ports, IRQ sharing enabled
[    1.305183] Linux agpgart interface v0.103
[    1.400830] loop: module loaded
[    1.400863] Invalid max_queues (4), will use default max: 1.
[    1.401067] libphy: Fixed MDIO Bus: probed
[    1.401075] tun: Universal TUN/TAP device driver, 1.6
[    1.401111] PPP generic driver version 2.4.2
[    1.401134] xen_netfront: Initialising Xen virtual ethernet driver
[    1.401165] VFIO - User Level meta-driver version: 0.3
[    1.401217] ehci_hcd: USB 2.0 'Enhanced' Host Controller (EHCI) Driver
[    1.401225] ehci-pci: EHCI PCI platform driver
[    1.401233] ehci-platform: EHCI generic platform driver
[    1.401239] ohci_hcd: USB 1.1 'Open' Host Controller (OHCI) Driver
[    1.401245] ohci-pci: OHCI PCI platform driver
[    1.401252] ohci-platform: OHCI generic platform driver
[    1.401258] uhci_hcd: USB Universal Host Controller Interface driver
[    1.401288] i8042: PNP: No PS/2 controller found.
[    1.401292] i8042: Probing ports directly.
[    1.402137] i8042: No controller found
[    1.402212] mousedev: PS/2 mouse device common for all mice
[    1.402276] i2c /dev entries driver
[    1.402311] device-mapper: uevent: version 1.0.3
[    1.402354] device-mapper: ioctl: 4.41.0-ioctl (2019-09-16) initialised: dm-devel@redhat.com
[    1.402387] platform eisa.0: Probing EISA bus 0
[    1.402422] platform eisa.0: EISA: Detected 0 cards
[    1.402427] intel_pstate: CPU model not supported
[    1.402441] ledtrig-cpu: registered to indicate activity on CPUs
[    1.402483] drop_monitor: Initializing network drop monitor service
[    1.402597] NET: Registered protocol family 10
[    1.412177] Segment Routing with IPv6
[    1.412223] NET: Registered protocol family 17
[    1.412275] Key type dns_resolver registered
[    1.412363] RAS: Correctable Errors collector initialized.
[    1.412372] IPI shorthand broadcast: enabled
[    1.412379] sched_clock: Marking stable (1407829006, 842251)->(1412928186, -4256929)
[    1.412526] registered taskstats version 1
[    1.412540] Loading compiled-in X.509 certificates
[    1.413108] Loaded X.509 cert 'Build time autogenerated kernel key: 44338da996bb5bbcd96aaf33d33630dd991c7e76'
[    1.413133] zswap: loaded using pool lzo/zbud
[    1.413266] Key type ._fscrypt registered
[    1.413271] Key type .fscrypt registered
[    1.417995] Key type encrypted registered
[    1.418025] AppArmor: AppArmor sha1 policy hashing enabled
[    1.418033] ima: No TPM chip found, activating TPM-bypass!
[    1.418039] ima: Allocated hash algorithm: sha1
[    1.418047] ima: No architecture policies found
[    1.418055] evm: Initialising EVM extended attributes:
[    1.418059] evm: security.selinux
[    1.418061] evm: security.SMACK64
[    1.418064] evm: security.SMACK64EXEC
[    1.418066] evm: security.SMACK64TRANSMUTE
[    1.418069] evm: security.SMACK64MMAP
[    1.418086] evm: security.apparmor
[    1.418089] evm: security.ima
[    1.418091] evm: security.capability
[    1.418094] evm: HMAC attrs: 0x1
[    1.418268] hctosys: unable to open rtc device (rtc0)
[    1.419823] Freeing unused decrypted memory: 2040K
[    1.420713] Freeing unused kernel image memory: 2764K
[    1.424772] Write protecting the kernel read-only data: 28672k
[    1.434104] Freeing unused kernel image memory: 2008K
[    1.434460] Freeing unused kernel image memory: 920K
[    1.472884] x86/mm: Checked W+X mappings: passed, no W+X pages found.
[    1.472901] Run /init as init process
Loading, please wait...
Starting version 245.4-4ubuntu3.15
Begin: Loading essential drivers ... done.
Begin: Running /scripts/init-premount ... done.
Begin: Mounting root file system ... Begin: Running /scripts/local-top ... done.
Begin: Running /scripts/local-premount ... done.
[    2.324941] clocksource: tsc: mask: 0xffffffffffffffff max_cycles: 0x255cb30caa3, max_idle_ns: 440795217292 ns
Begin: Waiting for root file system ... Begin: Running /scripts/local-block ... done.
done.
Gave up waiting for root file system device.  Common problems:
 - Boot args (cat /proc/cmdline)
   - Check rootdelay= (did the system wait long enough?)
 - Missing modules (cat /proc/modules; ls /dev)
ALERT!  /dev/xvda2 does not exist.  Dropping to a shell!


BusyBox v1.30.1 (Ubuntu 1:1.30.1-4ubuntu6.4) built-in shell (ash)
Enter 'help' for a list of built-in commands.

(initramfs) [6n