Parsing config from /etc/xen/xenguest.cfg
[    0.000000] Linux version 5.4.151custom_anish+ (root@pop-os) (gcc version 11.2.0 (Ubuntu 11.2.0-7ubuntu2)) #47 SMP Tue Jan 18 01:54:26 EST 2022 ()
[    0.000000] Command line: root=/dev/xvda2 ro elevator=noop
[    0.000000] KERNEL supported cpus:
[    0.000000]   Intel GenuineIntel
[    0.000000]   AMD AuthenticAMD
[    0.000000]   Hygon HygonGenuine
[    0.000000]   Centaur CentaurHauls
[    0.000000]   zhaoxin   Shanghai  
[    0.000000] Disabled fast string operations
[    0.000000] x86/fpu: Supporting XSAVE feature 0x001: 'x87 floating point registers'
[    0.000000] x86/fpu: Supporting XSAVE feature 0x002: 'SSE registers'
[    0.000000] x86/fpu: Supporting XSAVE feature 0x004: 'AVX registers'
[    0.000000] x86/fpu: xstate_offset[2]:  576, xstate_sizes[2]:  256
[    0.000000] x86/fpu: Enabled xstate features 0x7, context size is 832 bytes, using 'standard' format.
[    0.000000] ACPI in unprivileged domain disabled
[    0.000000] Released 0 page(s)
[    0.000000] BIOS-provided physical RAM map:
[    0.000000] Xen: [mem 0x0000000000000000-0x000000000009ffff] usable
[    0.000000] Xen: [mem 0x00000000000a0000-0x00000000000fffff] reserved
[    0.000000] Xen: [mem 0x0000000000100000-0x000000013b7fffff] usable
[    0.000000] NX (Execute Disable) protection: active
[    0.000000] DMI not present or invalid.
[    0.000000] Hypervisor detected: Xen PV
[    0.126697] tsc: Fast TSC calibration failed
[    0.126699] tsc: Detected 2591.964 MHz processor
[    0.126715] last_pfn = 0x13b800 max_arch_pfn = 0x400000000
[    0.126716] Disabled
[    0.126717] x86/PAT: MTRRs disabled, skipping PAT initialization too.
[    0.126734] x86/PAT: Configuration [0-7]: WB  WT  UC- UC  WC  WP  UC  UC  
[    0.126735] last_pfn = 0x100000 max_arch_pfn = 0x400000000
[    0.213048] check: Scanning 1 areas for low memory corruption
[    0.213056] Kernel/User page tables isolation: disabled on XEN PV.
[    0.847983] RAMDISK: [mem 0x04000000-0x07b80fff]
[    0.848057] NUMA turned off
[    0.848058] Faking a node at [mem 0x0000000000000000-0x000000013b7fffff]
[    0.848066] NODE_DATA(0) allocated [mem 0x13ae22000-0x13ae4bfff]
[    0.859941] Zone ranges:
[    0.859943]   DMA      [mem 0x0000000000001000-0x0000000000ffffff]
[    0.859944]   DMA32    [mem 0x0000000001000000-0x00000000ffffffff]
[    0.859946]   Normal   [mem 0x0000000100000000-0x000000013b7fffff]
[    0.859947]   Device   empty
[    0.859947] Movable zone start for each node
[    0.859949] Early memory node ranges
[    0.859950]   node   0: [mem 0x0000000000001000-0x000000000009ffff]
[    0.859951]   node   0: [mem 0x0000000000100000-0x000000013b7fffff]
[    0.860099] Zeroed struct page in unavailable ranges: 18529 pages
[    0.860100] Initmem setup node 0 [mem 0x0000000000001000-0x000000013b7fffff]
[    0.873846] p2m virtual area at (____ptrval____), size is 40000000
[    0.956076] Remapped 0 page(s)
[    0.956164] smpboot: Allowing 1 CPUs, 0 hotplug CPUs
[    0.956171] PM: Registered nosave memory: [mem 0x00000000-0x00000fff]
[    0.956172] PM: Registered nosave memory: [mem 0x000a0000-0x000fffff]
[    0.956173] Cannot find an available gap in the 32-bit address range
[    0.956173] PCI devices with unassigned 32-bit BARs may not work!
[    0.956174] [mem 0x13b900000-0x13bcfffff] available for PCI devices
[    0.956176] Booting paravirtualized kernel on Xen
[    0.956177] Xen version: 4.11.4-pre (preserve-AD)
[    0.956180] clocksource: refined-jiffies: mask: 0xffffffff max_cycles: 0xffffffff, max_idle_ns: 7645519600211568 ns
[    0.956184] setup_percpu: NR_CPUS:8192 nr_cpumask_bits:1 nr_cpu_ids:1 nr_node_ids:1
[    0.956294] percpu: Embedded 54 pages/cpu s184320 r8192 d28672 u2097152
[    0.956333] Built 1 zonelists, mobility grouping on.  Total pages: 1271978
[    0.956334] Policy zone: Normal
[    0.956336] Kernel command line: root=/dev/xvda2 ro elevator=noop
[    0.956709] Dentry cache hash table entries: 1048576 (order: 11, 8388608 bytes, linear)
[    0.956874] Inode-cache hash table entries: 524288 (order: 10, 4194304 bytes, linear)
[    0.957053] mem auto-init: stack:off, heap alloc:on, heap free:off
[    0.968099] Memory: 4951688K/5168764K available (16387K kernel code, 3654K rwdata, 9320K rodata, 2764K init, 5728K bss, 217076K reserved, 0K cma-reserved)
[    0.968108] random: get_random_u64 called from __kmem_cache_create+0x42/0x6f0 with crng_init=0
[    0.968336] SLUB: HWalign=64, Order=0-3, MinObjects=0, CPUs=1, Nodes=1
[    0.968635] ftrace: allocating 43029 entries in 169 pages
[    0.981514] rcu: Hierarchical RCU implementation.
[    0.981516] rcu: 	RCU restricting CPUs from NR_CPUS=8192 to nr_cpu_ids=1.
[    0.981517] rcu: RCU calculated value of scheduler-enlistment delay is 25 jiffies.
[    0.981518] rcu: Adjusting geometry for rcu_fanout_leaf=16, nr_cpu_ids=1
[    0.985466] Using NULL legacy PIC
[    0.985468] NR_IRQS: 524544, nr_irqs: 32, preallocated irqs: 0
[    0.985514] xen:events: Using FIFO-based ABI
[    0.985564] random: crng done (trusting CPU's manufacturer)
[    0.985593] Console: colour dummy device 80x25
[    0.985648] printk: console [tty0] enabled
[    0.985899] printk: console [hvc0] enabled
[    0.985927] clocksource: xen: mask: 0xffffffffffffffff max_cycles: 0x1cd42e4dffb, max_idle_ns: 881590591483 ns
[    0.985955] installing Xen timer for CPU 0
[    0.985986] clocksource: tsc-early: mask: 0xffffffffffffffff max_cycles: 0x255c950f28f, max_idle_ns: 440795327585 ns
[    0.986007] Calibrating delay loop (skipped), value calculated using timer frequency.. 5183.92 BogoMIPS (lpj=10367856)
[    0.986025] pid_max: default: 32768 minimum: 301
[    0.986096] LSM: Security Framework initializing
[    0.986131] Yama: becoming mindful.
[    0.986189] AppArmor: AppArmor initialized
[    0.986320] Mount-cache hash table entries: 16384 (order: 5, 131072 bytes, linear)
[    0.986348] Mountpoint-cache hash table entries: 16384 (order: 5, 131072 bytes, linear)
[    0.986391] *** VALIDATE tmpfs ***
[    0.986627] *** VALIDATE proc ***
[    0.986759] *** VALIDATE cgroup1 ***
[    0.986763] *** VALIDATE cgroup2 ***
[    0.986857] Disabled fast string operations
[    0.986907] Last level iTLB entries: 4KB 64, 2MB 8, 4MB 8
[    0.986924] Last level dTLB entries: 4KB 64, 2MB 0, 4MB 0, 1GB 4
[    0.986933] Spectre V1 : Mitigation: usercopy/swapgs barriers and __user pointer sanitization
[    0.986939] Spectre V2 : Mitigation: Full generic retpoline
[    0.986941] Spectre V2 : Spectre v2 / SpectreRSB mitigation: Filling RSB on context switch
[    0.986956] Spectre V2 : Enabling Restricted Speculation for firmware calls
[    0.986961] Spectre V2 : mitigation: Enabling conditional Indirect Branch Prediction Barrier
[    0.986966] Speculative Store Bypass: Mitigation: Speculative Store Bypass disabled via prctl and seccomp
[    0.986971] MDS: Mitigation: Clear CPU buffers
[    1.029893] Freeing SMP alternatives memory: 40K
[    1.031224] VPMU disabled by hypervisor.
[    1.031389] Performance Events: unsupported p6 CPU model 165 no PMU driver, software events only.
[    1.031462] rcu: Hierarchical SRCU implementation.
[    1.031842] NMI watchdog: Perf NMI watchdog permanently disabled
[    1.031902] smp: Bringing up secondary CPUs ...
[    1.031907] smp: Brought up 1 node, 1 CPU
[    1.031911] smpboot: Max logical packages: 1
[    1.032205] devtmpfs: initialized
[    1.032241] x86/mm: Memory block size: 128MB
[    1.032579] clocksource: jiffies: mask: 0xffffffff max_cycles: 0xffffffff, max_idle_ns: 7645041785100000 ns
[    1.032588] futex hash table entries: 256 (order: 2, 16384 bytes, linear)
[    1.032623] pinctrl core: initialized pinctrl subsystem
[    1.032771] NET: Registered protocol family 16
[    1.032787] xen:grant_table: Grant tables using version 1 layout
[    1.032799] Grant table initialized
[    1.032823] audit: initializing netlink subsys (disabled)
[    1.032907] audit: type=2000 audit(1642489111.031:1): state=initialized audit_enabled=0 res=1
[    1.032989] EISA bus registered
[    1.033030] Generated xb_write data
[    1.033030] Grepstub xb_write sending data
[    1.033049] Grepstub xb_write sending data
[    1.033052] Generated xb_write data
