Parsing config from /etc/xen/xenguest.cfg
[    0.000000] Linux version 5.4.151custom_anish+ (root@pop-os) (gcc version 11.2.0 (Ubuntu 11.2.0-7ubuntu2)) #53 SMP Tue Jan 18 17:24:43 EST 2022 ()
[    0.000000] Command line: root=/dev/xvda2 ro elevator=noop
[    0.000000] KERNEL supported cpus:
[    0.000000]   Intel GenuineIntel
[    0.000000]   AMD AuthenticAMD
[    0.000000]   Hygon HygonGenuine
[    0.000000]   Centaur CentaurHauls
[    0.000000]   zhaoxin   Shanghai  
[    0.000000] Disabled fast string operations
[    0.000000] x86/fpu: Supporting XSAVE feature 0x001: 'x87 floating point registers'
[    0.000000] x86/fpu: Supporting XSAVE feature 0x002: 'SSE registers'
[    0.000000] x86/fpu: Supporting XSAVE feature 0x004: 'AVX registers'
[    0.000000] x86/fpu: xstate_offset[2]:  576, xstate_sizes[2]:  256
[    0.000000] x86/fpu: Enabled xstate features 0x7, context size is 832 bytes, using 'standard' format.
[    0.000000] ACPI in unprivileged domain disabled
[    0.000000] Released 0 page(s)
[    0.000000] BIOS-provided physical RAM map:
[    0.000000] Xen: [mem 0x0000000000000000-0x000000000009ffff] usable
[    0.000000] Xen: [mem 0x00000000000a0000-0x00000000000fffff] reserved
[    0.000000] Xen: [mem 0x0000000000100000-0x000000013b7fffff] usable
[    0.000000] NX (Execute Disable) protection: active
[    0.000000] DMI not present or invalid.
[    0.000000] Hypervisor detected: Xen PV
[    0.125225] tsc: Fast TSC calibration failed
[    0.125227] tsc: Detected 2591.996 MHz processor
[    0.125243] last_pfn = 0x13b800 max_arch_pfn = 0x400000000
[    0.125244] Disabled
[    0.125245] x86/PAT: MTRRs disabled, skipping PAT initialization too.
[    0.125251] x86/PAT: Configuration [0-7]: WB  WT  UC- UC  WC  WP  UC  UC  
[    0.125252] last_pfn = 0x100000 max_arch_pfn = 0x400000000
[    0.212134] check: Scanning 1 areas for low memory corruption
[    0.212143] Kernel/User page tables isolation: disabled on XEN PV.
[    0.842485] RAMDISK: [mem 0x04000000-0x07b80fff]
[    0.842543] NUMA turned off
[    0.842544] Faking a node at [mem 0x0000000000000000-0x000000013b7fffff]
[    0.842553] NODE_DATA(0) allocated [mem 0x13ae22000-0x13ae4bfff]
[    0.854032] Zone ranges:
[    0.854034]   DMA      [mem 0x0000000000001000-0x0000000000ffffff]
[    0.854036]   DMA32    [mem 0x0000000001000000-0x00000000ffffffff]
[    0.854036]   Normal   [mem 0x0000000100000000-0x000000013b7fffff]
[    0.854037]   Device   empty
[    0.854038] Movable zone start for each node
[    0.854040] Early memory node ranges
[    0.854041]   node   0: [mem 0x0000000000001000-0x000000000009ffff]
[    0.854042]   node   0: [mem 0x0000000000100000-0x000000013b7fffff]
[    0.854151] Zeroed struct page in unavailable ranges: 18529 pages
[    0.854152] Initmem setup node 0 [mem 0x0000000000001000-0x000000013b7fffff]
[    0.867887] p2m virtual area at (____ptrval____), size is 40000000
[    0.949671] Remapped 0 page(s)
[    0.949759] smpboot: Allowing 1 CPUs, 0 hotplug CPUs
[    0.949765] PM: Registered nosave memory: [mem 0x00000000-0x00000fff]
[    0.949766] PM: Registered nosave memory: [mem 0x000a0000-0x000fffff]
[    0.949767] Cannot find an available gap in the 32-bit address range
[    0.949768] PCI devices with unassigned 32-bit BARs may not work!
[    0.949769] [mem 0x13b900000-0x13bcfffff] available for PCI devices
[    0.949771] Booting paravirtualized kernel on Xen
[    0.949772] Xen version: 4.11.4-pre (preserve-AD)
[    0.949775] clocksource: refined-jiffies: mask: 0xffffffff max_cycles: 0xffffffff, max_idle_ns: 7645519600211568 ns
[    0.949779] setup_percpu: NR_CPUS:8192 nr_cpumask_bits:1 nr_cpu_ids:1 nr_node_ids:1
[    0.949884] percpu: Embedded 54 pages/cpu s184320 r8192 d28672 u2097152
[    0.949923] Built 1 zonelists, mobility grouping on.  Total pages: 1271978
[    0.949924] Policy zone: Normal
[    0.949925] Kernel command line: root=/dev/xvda2 ro elevator=noop
[    0.950272] Dentry cache hash table entries: 1048576 (order: 11, 8388608 bytes, linear)
[    0.950432] Inode-cache hash table entries: 524288 (order: 10, 4194304 bytes, linear)
[    0.950581] mem auto-init: stack:off, heap alloc:on, heap free:off
[    0.961408] Memory: 4951688K/5168764K available (16387K kernel code, 3654K rwdata, 9320K rodata, 2764K init, 5728K bss, 217076K reserved, 0K cma-reserved)
[    0.961416] random: get_random_u64 called from __kmem_cache_create+0x42/0x6f0 with crng_init=0
[    0.961641] SLUB: HWalign=64, Order=0-3, MinObjects=0, CPUs=1, Nodes=1
[    0.961941] ftrace: allocating 43028 entries in 169 pages
[    0.974747] rcu: Hierarchical RCU implementation.
[    0.974749] rcu: 	RCU restricting CPUs from NR_CPUS=8192 to nr_cpu_ids=1.
[    0.974750] rcu: RCU calculated value of scheduler-enlistment delay is 25 jiffies.
[    0.974751] rcu: Adjusting geometry for rcu_fanout_leaf=16, nr_cpu_ids=1
[    0.978564] Using NULL legacy PIC
[    0.978565] NR_IRQS: 524544, nr_irqs: 32, preallocated irqs: 0
[    0.978609] xen:events: Using FIFO-based ABI
[    0.978655] random: crng done (trusting CPU's manufacturer)
[    0.978685] Console: colour dummy device 80x25
[    0.978738] printk: console [tty0] enabled
[    0.978993] printk: console [hvc0] enabled
[    0.979021] clocksource: xen: mask: 0xffffffffffffffff max_cycles: 0x1cd42e4dffb, max_idle_ns: 881590591483 ns
[    0.979047] installing Xen timer for CPU 0
[    0.979077] clocksource: tsc-early: mask: 0xffffffffffffffff max_cycles: 0x255cb30caa3, max_idle_ns: 440795217292 ns
[    0.979097] Calibrating delay loop (skipped), value calculated using timer frequency.. 5183.99 BogoMIPS (lpj=10367984)
[    0.979103] pid_max: default: 32768 minimum: 301
[    0.979169] LSM: Security Framework initializing
[    0.979203] Yama: becoming mindful.
[    0.979259] AppArmor: AppArmor initialized
[    0.979383] Mount-cache hash table entries: 16384 (order: 5, 131072 bytes, linear)
[    0.979409] Mountpoint-cache hash table entries: 16384 (order: 5, 131072 bytes, linear)
[    0.979450] *** VALIDATE tmpfs ***
[    0.979675] *** VALIDATE proc ***
[    0.979815] *** VALIDATE cgroup1 ***
[    0.979831] *** VALIDATE cgroup2 ***
[    0.979922] Disabled fast string operations
[    0.979983] Last level iTLB entries: 4KB 64, 2MB 8, 4MB 8
[    0.979998] Last level dTLB entries: 4KB 64, 2MB 0, 4MB 0, 1GB 4
[    0.980006] Spectre V1 : Mitigation: usercopy/swapgs barriers and __user pointer sanitization
[    0.980011] Spectre V2 : Mitigation: Full generic retpoline
[    0.980014] Spectre V2 : Spectre v2 / SpectreRSB mitigation: Filling RSB on context switch
[    0.980018] Spectre V2 : Enabling Restricted Speculation for firmware calls
[    0.980021] Spectre V2 : mitigation: Enabling conditional Indirect Branch Prediction Barrier
[    0.980026] Speculative Store Bypass: Mitigation: Speculative Store Bypass disabled via prctl and seccomp
[    0.980031] MDS: Mitigation: Clear CPU buffers
[    1.022808] Freeing SMP alternatives memory: 40K
[    1.024175] VPMU disabled by hypervisor.
[    1.024336] Performance Events: unsupported p6 CPU model 165 no PMU driver, software events only.
[    1.024406] rcu: Hierarchical SRCU implementation.
[    1.024789] NMI watchdog: Perf NMI watchdog permanently disabled
[    1.024827] smp: Bringing up secondary CPUs ...
[    1.024831] smp: Brought up 1 node, 1 CPU
[    1.024834] smpboot: Max logical packages: 1
[    1.025078] devtmpfs: initialized
[    1.025113] x86/mm: Memory block size: 128MB
[    1.025441] clocksource: jiffies: mask: 0xffffffff max_cycles: 0xffffffff, max_idle_ns: 7645041785100000 ns
[    1.025449] futex hash table entries: 256 (order: 2, 16384 bytes, linear)
[    1.025483] pinctrl core: initialized pinctrl subsystem
[    1.025623] NET: Registered protocol family 16
[    1.025637] xen:grant_table: Grant tables using version 1 layout
[    1.025649] Grant table initialized
[    1.025672] audit: initializing netlink subsys (disabled)
[    1.025752] audit: type=2000 audit(1642544874.653:1): state=initialized audit_enabled=0 res=1
[    1.025836] EISA bus registered
[    1.025890] Grepstub xb_write sending data
[    1.025892] Grepstub xb_write sending data
[    1.025895] Grepstub xb_write sending data
[    1.027119] grepstub : Reading dir : cpu/0, node : availability, fmt : %15s
[    1.027128] Grepstub xb_write sending data
[    1.027133] Grepstub xb_write sending data
[    1.027139] grepstub : Result from xenbus_read, online
[    1.028319] PCI: setting up Xen PCI frontend stub
[    1.030452] fbcon: Taking over console
[    1.030461] ACPI: Interpreter disabled.
[    1.030471] xen:balloon: Initialising balloon driver
[    1.030514] Grepstub xb_write sending data
[    1.030533] Grepstub xb_write sending data
[    1.030537] Grepstub xb_write sending data
[    1.030544] Grepstub xb_write sending data
[    1.030544] Grepstub xb_write sending data
[    1.030544] Grepstub xb_write sending data
[    1.030544] grepstub : Reading dir : memory, node : target, fmt : %llu
[    1.030544] Grepstub xb_write sending data
[    1.030544] Grepstub xb_write sending data
[    1.030544] Grepstub xb_write sending data
[    1.030544] Grepstub xb_write sending data
[    1.030544] Grepstub xb_write sending data
[    1.030544] grepstub : Result from xenbus_read, 5169152
[    1.031116] grepstub : Reading dir : memory, node : static-max, fmt : %llu
[    1.031149] Grepstub xb_write sending data
[    1.031262] Grepstub xb_write sending data
[    1.031279] Random seed : 490964281
[    1.031283] Modifying to, and finally sending ò
[    1.031288] Grepstub xb_write sending data
[    1.031290] Grepstub xb_write sending data
[    1.031293] Grepstub xb_write sending data
[    1.031297] grepstub : Writing transaction : 0 ,dir : control, node : feature-poweroff, buf : ò
[    1.031297] Random seed : -112998506
[    1.031297] Modifying to, and finally sending 1
[    1.031297] Grepstub xb_write sending data
[    1.031297] Grepstub xb_write sending data
[    1.031297] Grepstub xb_write sending data
[    1.031297] grepstub : Result from xenbus_read, 5169152
[    1.031297] Grepstub xb_write sending data
[    1.031297] Grepstub xb_write sending data
[    1.031297] grepstub : Writing transaction : 0 ,dir : control, node : feature-reboot, buf : 1
[    1.031297] Random seed : 799583655
[    1.031297] Modifying to, and finally sending 1
[    1.031297] Grepstub xb_write sending data
[    1.031297] Grepstub xb_write sending data
[    1.031297] Grepstub xb_write sending data
[    1.031297] Grepstub xb_write sending data
[    1.031297] Grepstub xb_write sending data
[    1.031297] grepstub : Writing transaction : 0 ,dir : control, node : feature-suspend, buf : 1
[    1.031297] Grepstub xb_write sending data
[    1.031297] Grepstub xb_write sending data
[    1.031297] Grepstub xb_write sending data
[    1.031297] Grepstub xb_write sending data
[    1.031297] Grepstub xb_write sending data
[    1.031297] Grepstub xb_write sending data
[    1.031297] Grepstub xb_write sending data
[    1.031297] Grepstub xb_write sending data
[    1.031297] Grepstub xb_write sending data
[    1.031297] going into mutate with len = 9
[    1.031297] mutating pos 3 with with 0x39
[    1.031297] mutating pos 9 with with 0xffffffaf
[    1.031297] mutating pos 9 with with 0x72
[    1.031297] mutating pos 7 with with 0x8
[    1.031297] mutating pos 2 with with 0xffffffa4
[    1.031297] mutating pos 4 with with 0x50
[    1.031297] mutating pos 6 with with 0xffffff8b
[    1.031297] mutating pos 0 with with 0xffffffb0
[    1.031297] mutating pos 5 with with 0x16
[    1.031297] Grepstub xb_write sending data
[    1.031297] Grepstub xb_write sending data
[    1.031297] grepstub : Reading dir : control, node : sysrq, fmt : %c
[    1.031297] Grepstub xb_write sending data
[    1.031297] Grepstub xb_write sending data
[    1.031297] Grepstub xb_write sending data
[    1.031297] Grepstub xb_write sending data
[    1.031297] Grepstub xb_write sending data
[    1.031297] grepstub : Result from xenbus_read, (efault)
[    1.031297] Grepstub xb_write sending data
[    1.031297] Grepstub xb_write sending data
[    1.031297] iommu: Default domain type: Translated 
[    1.031297] SCSI subsystem initialized
[    1.031356] vgaarb: loaded
[    1.031381] usbcore: registered new interface driver usbfs
[    1.031405] usbcore: registered new interface driver hub
[    1.031425] usbcore: registered new device driver usb
[    1.031446] pps_core: LinuxPPS API ver. 1 registered
[    1.031461] pps_core: Software ver. 5.3.6 - Copyright 2005-2007 Rodolfo Giometti <giometti@linux.it>
[    1.031468] PTP clock support registered
[    1.031509] EDAC MC: Ver: 3.0.0
[    1.031606] PCI: System does not support PCI
[    1.031676] NetLabel: Initializing
[    1.031679] NetLabel:  domain hash size = 128
[    1.031682] NetLabel:  protocols = UNLABELED CIPSOv4 CALIPSO
[    1.031693] NetLabel:  unlabeled traffic allowed by default
[    1.032366] clocksource: Switched to clocksource xen
[    1.038826] *** VALIDATE bpf ***
[    1.038863] VFS: Disk quotas dquot_6.6.0
[    1.038874] VFS: Dquot-cache hash table entries: 512 (order 0, 4096 bytes)
[    1.038890] *** VALIDATE ramfs ***
[    1.038894] hugetlbfs: disabling because there are no supported hugepage sizes
[    1.038947] AppArmor: AppArmor Filesystem Enabled
[    1.038957] pnp: PnP ACPI: disabled
[    1.039843] thermal_sys: Registered thermal governor 'fair_share'
[    1.039844] thermal_sys: Registered thermal governor 'bang_bang'
[    1.039863] thermal_sys: Registered thermal governor 'step_wise'
[    1.039866] thermal_sys: Registered thermal governor 'user_space'
[    1.039869] thermal_sys: Registered thermal governor 'power_allocator'
[    1.039915] NET: Registered protocol family 2
[    1.040023] IP idents hash table entries: 131072 (order: 8, 1048576 bytes, linear)
[    1.040720] tcp_listen_portaddr_hash hash table entries: 4096 (order: 4, 65536 bytes, linear)
[    1.040774] TCP established hash table entries: 65536 (order: 7, 524288 bytes, linear)
[    1.040887] TCP bind hash table entries: 65536 (order: 8, 1048576 bytes, linear)
[    1.040943] TCP: Hash tables configured (established 65536 bind 65536)
[    1.040972] UDP hash table entries: 4096 (order: 5, 131072 bytes, linear)
[    1.040994] UDP-Lite hash table entries: 4096 (order: 5, 131072 bytes, linear)
[    1.041096] NET: Registered protocol family 1
[    1.041104] NET: Registered protocol family 44
[    1.041108] PCI: CLS 0 bytes, default 64
[    1.041140] Trying to unpack rootfs image as initramfs...
[    1.160506] Freeing initrd memory: 60932K
[    1.160645] check: Scanning for low memory corruption every 60 seconds
[    1.160895] Initialise system trusted keyrings
[    1.160906] Key type blacklist registered
[    1.160950] workingset: timestamp_bits=36 max_order=21 bucket_order=0
[    1.161676] zbud: loaded
[    1.161906] squashfs: version 4.0 (2009/01/31) Phillip Lougher
[    1.162011] fuse: init (API version 7.31)
[    1.162023] *** VALIDATE fuse ***
[    1.162027] *** VALIDATE fuse ***
[    1.162087] Platform Keyring initialized
[    1.164378] Key type asymmetric registered
[    1.164382] Asymmetric key parser 'x509' registered
[    1.164390] Block layer SCSI generic (bsg) driver version 0.4 loaded (major 244)
[    1.164424] io scheduler mq-deadline registered
[    1.164488] shpchp: Standard Hot Plug PCI Controller Driver version: 0.4
[    1.164780] Serial: 8250/16550 driver, 32 ports, IRQ sharing enabled
[    1.165713] Linux agpgart interface v0.103
[    1.259462] loop: module loaded
[    1.259491] Invalid max_queues (4), will use default max: 1.
[    1.259993] libphy: Fixed MDIO Bus: probed
[    1.260009] tun: Universal TUN/TAP device driver, 1.6
[    1.260102] PPP generic driver version 2.4.2
[    1.260177] xen_netfront: Initialising Xen virtual ethernet driver
[    1.260281] VFIO - User Level meta-driver version: 0.3
[    1.260427] ehci_hcd: USB 2.0 'Enhanced' Host Controller (EHCI) Driver
[    1.260452] ehci-pci: EHCI PCI platform driver
[    1.260477] ehci-platform: EHCI generic platform driver
[    1.260499] ohci_hcd: USB 1.1 'Open' Host Controller (OHCI) Driver
[    1.260520] ohci-pci: OHCI PCI platform driver
[    1.260675] ohci-platform: OHCI generic platform driver
[    1.260711] uhci_hcd: USB Universal Host Controller Interface driver
[    1.260810] i8042: PNP: No PS/2 controller found.
[    1.260822] i8042: Probing ports directly.
[    1.261841] i8042: No controller found
[    1.262010] mousedev: PS/2 mouse device common for all mice
[    1.262165] i2c /dev entries driver
[    1.262267] device-mapper: uevent: version 1.0.3
[    1.262496] device-mapper: ioctl: 4.41.0-ioctl (2019-09-16) initialised: dm-devel@redhat.com
[    1.262656] platform eisa.0: Probing EISA bus 0
[    1.262774] platform eisa.0: EISA: Detected 0 cards
[    1.262789] intel_pstate: CPU model not supported
[    1.262847] ledtrig-cpu: registered to indicate activity on CPUs
[    1.262982] drop_monitor: Initializing network drop monitor service
[    1.263464] NET: Registered protocol family 10
[    1.289792] Segment Routing with IPv6
[    1.289857] NET: Registered protocol family 17
[    1.289930] Key type dns_resolver registered
[    1.290074] RAS: Correctable Errors collector initialized.
[    1.290087] IPI shorthand broadcast: enabled
[    1.290097] sched_clock: Marking stable (1286649543, 473940)->(1439120348, -151996865)
[    1.290317] registered taskstats version 1
[    1.290335] Loading compiled-in X.509 certificates
[    1.291172] Loaded X.509 cert 'Build time autogenerated kernel key: 44338da996bb5bbcd96aaf33d33630dd991c7e76'
[    1.291207] zswap: loaded using pool lzo/zbud
[    1.291404] Key type ._fscrypt registered
[    1.291412] Key type .fscrypt registered
[    1.297668] Key type encrypted registered
[    1.297677] AppArmor: AppArmor sha1 policy hashing enabled
[    1.297686] ima: No TPM chip found, activating TPM-bypass!
[    1.297694] ima: Allocated hash algorithm: sha1
[    1.297703] ima: No architecture policies found
[    1.297714] evm: Initialising EVM extended attributes:
[    1.297718] evm: security.selinux
[    1.297721] evm: security.SMACK64
[    1.297724] evm: security.SMACK64EXEC
[    1.297727] evm: security.SMACK64TRANSMUTE
[    1.297730] evm: security.SMACK64MMAP
[    1.297733] evm: security.apparmor
[    1.297736] evm: security.ima
[    1.297739] evm: security.capability
[    1.297742] evm: HMAC attrs: 0x1
[    1.297962] hctosys: unable to open rtc device (rtc0)
[    1.299819] Freeing unused decrypted memory: 2040K
[    1.300739] Freeing unused kernel image memory: 2764K
[    1.304428] Write protecting the kernel read-only data: 28672k
[    1.313158] Freeing unused kernel image memory: 2008K
[    1.313519] Freeing unused kernel image memory: 920K
[    1.350596] x86/mm: Checked W+X mappings: passed, no W+X pages found.
[    1.350611] Run /init as init process
Loading, please wait...
Starting version 245.4-4ubuntu3.15
Begin: Loading essential drivers ... done.
Begin: Running /scripts/init-premount ... done.
Begin: Mounting root file system ... Begin: Running /scripts/local-top ... done.
Begin: Running /scripts/local-premount ... done.
[    2.163404] clocksource: tsc: mask: 0xffffffffffffffff max_cycles: 0x255cb30caa3, max_idle_ns: 440795217292 ns
