Parsing config from /etc/xen/xenguest.cfg
[    0.000000] Linux version 5.4.151custom_anish+ (root@pop-os) (gcc version 11.2.0 (Ubuntu 11.2.0-7ubuntu2)) #35 SMP Mon Jan 17 04:25:48 EST 2022 ()
[    0.000000] Command line: root=/dev/xvda2 ro elevator=noop
[    0.000000] KERNEL supported cpus:
[    0.000000]   Intel GenuineIntel
[    0.000000]   AMD AuthenticAMD
[    0.000000]   Hygon HygonGenuine
[    0.000000]   Centaur CentaurHauls
[    0.000000]   zhaoxin   Shanghai  
[    0.000000] Disabled fast string operations
[    0.000000] x86/fpu: Supporting XSAVE feature 0x001: 'x87 floating point registers'
[    0.000000] x86/fpu: Supporting XSAVE feature 0x002: 'SSE registers'
[    0.000000] x86/fpu: Supporting XSAVE feature 0x004: 'AVX registers'
[    0.000000] x86/fpu: xstate_offset[2]:  576, xstate_sizes[2]:  256
[    0.000000] x86/fpu: Enabled xstate features 0x7, context size is 832 bytes, using 'standard' format.
[    0.000000] ACPI in unprivileged domain disabled
[    0.000000] Released 0 page(s)
[    0.000000] BIOS-provided physical RAM map:
[    0.000000] Xen: [mem 0x0000000000000000-0x000000000009ffff] usable
[    0.000000] Xen: [mem 0x00000000000a0000-0x00000000000fffff] reserved
[    0.000000] Xen: [mem 0x0000000000100000-0x000000013b7fffff] usable
[    0.000000] NX (Execute Disable) protection: active
[    0.000000] DMI not present or invalid.
[    0.000000] Hypervisor detected: Xen PV
[    0.119799] tsc: Fast TSC calibration failed
[    0.119803] tsc: Detected 2591.978 MHz processor
[    0.119822] last_pfn = 0x13b800 max_arch_pfn = 0x400000000
[    0.119823] Disabled
[    0.119824] x86/PAT: MTRRs disabled, skipping PAT initialization too.
[    0.119831] x86/PAT: Configuration [0-7]: WB  WT  UC- UC  WC  WP  UC  UC  
[    0.119832] last_pfn = 0x100000 max_arch_pfn = 0x400000000
[    0.217519] check: Scanning 1 areas for low memory corruption
[    0.217530] Kernel/User page tables isolation: disabled on XEN PV.
[    0.868536] RAMDISK: [mem 0x04000000-0x07b7ffff]
[    0.868618] NUMA turned off
[    0.868620] Faking a node at [mem 0x0000000000000000-0x000000013b7fffff]
[    0.868628] NODE_DATA(0) allocated [mem 0x13ae22000-0x13ae4bfff]
[    0.880391] Zone ranges:
[    0.880393]   DMA      [mem 0x0000000000001000-0x0000000000ffffff]
[    0.880395]   DMA32    [mem 0x0000000001000000-0x00000000ffffffff]
[    0.880395]   Normal   [mem 0x0000000100000000-0x000000013b7fffff]
[    0.880396]   Device   empty
[    0.880397] Movable zone start for each node
[    0.880399] Early memory node ranges
[    0.880400]   node   0: [mem 0x0000000000001000-0x000000000009ffff]
[    0.880401]   node   0: [mem 0x0000000000100000-0x000000013b7fffff]
[    0.880511] Zeroed struct page in unavailable ranges: 18529 pages
[    0.880512] Initmem setup node 0 [mem 0x0000000000001000-0x000000013b7fffff]
[    0.894645] p2m virtual area at (____ptrval____), size is 40000000
[    0.979589] Remapped 0 page(s)
[    0.979678] smpboot: Allowing 1 CPUs, 0 hotplug CPUs
[    0.979685] PM: Registered nosave memory: [mem 0x00000000-0x00000fff]
[    0.979686] PM: Registered nosave memory: [mem 0x000a0000-0x000fffff]
[    0.979687] Cannot find an available gap in the 32-bit address range
[    0.979687] PCI devices with unassigned 32-bit BARs may not work!
[    0.979688] [mem 0x13b900000-0x13bcfffff] available for PCI devices
[    0.979691] Booting paravirtualized kernel on Xen
[    0.979692] Xen version: 4.11.4-pre (preserve-AD)
[    0.979695] clocksource: refined-jiffies: mask: 0xffffffff max_cycles: 0xffffffff, max_idle_ns: 7645519600211568 ns
[    0.979698] setup_percpu: NR_CPUS:8192 nr_cpumask_bits:1 nr_cpu_ids:1 nr_node_ids:1
[    0.979807] percpu: Embedded 54 pages/cpu s184320 r8192 d28672 u2097152
[    0.979846] Built 1 zonelists, mobility grouping on.  Total pages: 1271978
[    0.979847] Policy zone: Normal
[    0.979848] Kernel command line: root=/dev/xvda2 ro elevator=noop
[    0.980238] Dentry cache hash table entries: 1048576 (order: 11, 8388608 bytes, linear)
[    0.980418] Inode-cache hash table entries: 524288 (order: 10, 4194304 bytes, linear)
[    0.980571] mem auto-init: stack:off, heap alloc:on, heap free:off
[    0.991690] Memory: 4951692K/5168764K available (16387K kernel code, 3654K rwdata, 9320K rodata, 2764K init, 5728K bss, 217072K reserved, 0K cma-reserved)
[    0.991698] random: get_random_u64 called from __kmem_cache_create+0x42/0x6f0 with crng_init=0
[    0.991923] SLUB: HWalign=64, Order=0-3, MinObjects=0, CPUs=1, Nodes=1
[    0.992221] ftrace: allocating 43027 entries in 169 pages
[    1.005368] rcu: Hierarchical RCU implementation.
[    1.005370] rcu: 	RCU restricting CPUs from NR_CPUS=8192 to nr_cpu_ids=1.
[    1.005371] rcu: RCU calculated value of scheduler-enlistment delay is 25 jiffies.
[    1.005372] rcu: Adjusting geometry for rcu_fanout_leaf=16, nr_cpu_ids=1
[    1.009335] Using NULL legacy PIC
[    1.009337] NR_IRQS: 524544, nr_irqs: 32, preallocated irqs: 0
[    1.009382] xen:events: Using FIFO-based ABI
[    1.009428] random: crng done (trusting CPU's manufacturer)
[    1.009459] Console: colour dummy device 80x25
[    1.009513] printk: console [tty0] enabled
[    1.009761] printk: console [hvc0] enabled
[    1.009788] clocksource: xen: mask: 0xffffffffffffffff max_cycles: 0x1cd42e4dffb, max_idle_ns: 881590591483 ns
[    1.009814] installing Xen timer for CPU 0
[    1.009846] clocksource: tsc-early: mask: 0xffffffffffffffff max_cycles: 0x255ca2026c5, max_idle_ns: 440795210398 ns
[    1.009865] Calibrating delay loop (skipped), value calculated using timer frequency.. 5183.95 BogoMIPS (lpj=10367912)
[    1.009871] pid_max: default: 32768 minimum: 301
[    1.009939] LSM: Security Framework initializing
[    1.009974] Yama: becoming mindful.
[    1.010029] AppArmor: AppArmor initialized
[    1.010153] Mount-cache hash table entries: 16384 (order: 5, 131072 bytes, linear)
[    1.010180] Mountpoint-cache hash table entries: 16384 (order: 5, 131072 bytes, linear)
[    1.010222] *** VALIDATE tmpfs ***
[    1.010461] *** VALIDATE proc ***
[    1.010602] *** VALIDATE cgroup1 ***
[    1.010619] *** VALIDATE cgroup2 ***
[    1.010727] Disabled fast string operations
[    1.010789] Last level iTLB entries: 4KB 64, 2MB 8, 4MB 8
[    1.010804] Last level dTLB entries: 4KB 64, 2MB 0, 4MB 0, 1GB 4
[    1.010816] Spectre V1 : Mitigation: usercopy/swapgs barriers and __user pointer sanitization
[    1.010832] Spectre V2 : Mitigation: Full generic retpoline
[    1.010870] Spectre V2 : Spectre v2 / SpectreRSB mitigation: Filling RSB on context switch
[    1.010874] Spectre V2 : Enabling Restricted Speculation for firmware calls
[    1.010879] Spectre V2 : mitigation: Enabling conditional Indirect Branch Prediction Barrier
[    1.010895] Speculative Store Bypass: Mitigation: Speculative Store Bypass disabled via prctl and seccomp
[    1.010900] MDS: Mitigation: Clear CPU buffers
[    1.055350] Freeing SMP alternatives memory: 40K
[    1.056623] VPMU disabled by hypervisor.
[    1.056765] Performance Events: unsupported p6 CPU model 165 no PMU driver, software events only.
[    1.056819] rcu: Hierarchical SRCU implementation.
[    1.057170] NMI watchdog: Perf NMI watchdog permanently disabled
[    1.057207] smp: Bringing up secondary CPUs ...
[    1.057211] smp: Brought up 1 node, 1 CPU
[    1.057214] smpboot: Max logical packages: 1
[    1.057497] devtmpfs: initialized
[    1.057533] x86/mm: Memory block size: 128MB
[    1.057872] clocksource: jiffies: mask: 0xffffffff max_cycles: 0xffffffff, max_idle_ns: 7645041785100000 ns
[    1.057881] futex hash table entries: 256 (order: 2, 16384 bytes, linear)
[    1.057916] pinctrl core: initialized pinctrl subsystem
[    1.058057] NET: Registered protocol family 16
[    1.058072] xen:grant_table: Grant tables using version 1 layout
[    1.058084] Grant table initialized
[    1.058108] audit: initializing netlink subsys (disabled)
[    1.058212] audit: type=2000 audit(1642411681.968:1): state=initialized audit_enabled=0 res=1
[    1.058291] EISA bus registered
[    1.058352] grepstub : Reading dir : cpu/0, node : availability, fmt : %15s
[    1.058352] grepstub : Result from xenbus_read, online
[    1.059191] PCI: setting up Xen PCI frontend stub
[    1.063591] fbcon: Taking over console
[    1.063600] ACPI: Interpreter disabled.
[    1.063611] xen:balloon: Initialising balloon driver
[    1.063681] grepstub : Reading dir : memory, node : target, fmt : %llu
[    1.063681] grepstub : Result from xenbus_read, 5169152
[    1.063681] grepstub : Reading dir : memory, node : static-max, fmt : %llu
[    1.063681] grepstub : Result from xenbus_read, 5169152
[    1.063681] Finally writing 1
[    1.063681] grepstub : Writing transaction : 0 ,dir : control, node : feature-poweroff, buf : 1
[    1.063681] Finally writing ß
[    1.063681] grepstub : Writing transaction : 0 ,dir : control, node : feature-reboot, buf : ß
[    1.063681] Finally writing 1
[    1.063681] grepstub : Writing transaction : 0 ,dir : control, node : feature-suspend, buf : 1
[    1.063681] grepstub : Reading dir : control, node : sysrq, fmt : %c
[    1.066169] grepstub : Result from xenbus_read, (efault)
[    1.066169] iommu: Default domain type: Translated 
[    1.066169] SCSI subsystem initialized
[    1.066169] vgaarb: loaded
[    1.066183] usbcore: registered new interface driver usbfs
[    1.066190] usbcore: registered new interface driver hub
[    1.066211] usbcore: registered new device driver usb
[    1.066234] pps_core: LinuxPPS API ver. 1 registered
[    1.066249] pps_core: Software ver. 5.3.6 - Copyright 2005-2007 Rodolfo Giometti <giometti@linux.it>
[    1.066256] PTP clock support registered
[    1.066298] EDAC MC: Ver: 3.0.0
[    1.066392] PCI: System does not support PCI
[    1.066476] NetLabel: Initializing
[    1.066492] NetLabel:  domain hash size = 128
[    1.066495] NetLabel:  protocols = UNLABELED CIPSOv4 CALIPSO
[    1.066508] NetLabel:  unlabeled traffic allowed by default
[    1.067215] clocksource: Switched to clocksource xen
[    1.073794] *** VALIDATE bpf ***
[    1.073830] VFS: Disk quotas dquot_6.6.0
[    1.073842] VFS: Dquot-cache hash table entries: 512 (order 0, 4096 bytes)
[    1.073858] *** VALIDATE ramfs ***
[    1.073862] hugetlbfs: disabling because there are no supported hugepage sizes
[    1.073948] AppArmor: AppArmor Filesystem Enabled
[    1.073960] pnp: PnP ACPI: disabled
[    1.074826] thermal_sys: Registered thermal governor 'fair_share'
[    1.074827] thermal_sys: Registered thermal governor 'bang_bang'
[    1.074846] thermal_sys: Registered thermal governor 'step_wise'
[    1.074849] thermal_sys: Registered thermal governor 'user_space'
[    1.074852] thermal_sys: Registered thermal governor 'power_allocator'
[    1.074898] NET: Registered protocol family 2
[    1.074990] IP idents hash table entries: 131072 (order: 8, 1048576 bytes, linear)
[    1.075700] tcp_listen_portaddr_hash hash table entries: 4096 (order: 4, 65536 bytes, linear)
[    1.075766] TCP established hash table entries: 65536 (order: 7, 524288 bytes, linear)
[    1.075896] TCP bind hash table entries: 65536 (order: 8, 1048576 bytes, linear)
[    1.075957] TCP: Hash tables configured (established 65536 bind 65536)
[    1.075987] UDP hash table entries: 4096 (order: 5, 131072 bytes, linear)
[    1.076010] UDP-Lite hash table entries: 4096 (order: 5, 131072 bytes, linear)
[    1.076129] NET: Registered protocol family 1
[    1.076150] NET: Registered protocol family 44
[    1.076155] PCI: CLS 0 bytes, default 64
[    1.076187] Trying to unpack rootfs image as initramfs...
[    1.198841] Freeing initrd memory: 60928K
[    1.198961] check: Scanning for low memory corruption every 60 seconds
[    1.199238] Initialise system trusted keyrings
[    1.199249] Key type blacklist registered
[    1.199295] workingset: timestamp_bits=36 max_order=21 bucket_order=0
[    1.200023] zbud: loaded
[    1.200255] squashfs: version 4.0 (2009/01/31) Phillip Lougher
[    1.200358] fuse: init (API version 7.31)
[    1.200370] *** VALIDATE fuse ***
[    1.200374] *** VALIDATE fuse ***
[    1.200436] Platform Keyring initialized
[    1.202699] Key type asymmetric registered
[    1.202703] Asymmetric key parser 'x509' registered
[    1.202712] Block layer SCSI generic (bsg) driver version 0.4 loaded (major 244)
[    1.202748] io scheduler mq-deadline registered
[    1.202811] shpchp: Standard Hot Plug PCI Controller Driver version: 0.4
[    1.203099] Serial: 8250/16550 driver, 32 ports, IRQ sharing enabled
[    1.204043] Linux agpgart interface v0.103
[    1.298135] loop: module loaded
[    1.298217] Invalid max_queues (4), will use default max: 1.
[    1.300295] grepstub : Reading dir : device/vbd/51714, node : virtual-device, fmt : %i
[    1.300883] grepstub : Result from xenbus_read, 51714
[    1.302516] grepstub : Reading dir : /local/domain/0/backend/vbd/12/51714, node : max-ring-page-order, fmt : %u
[    1.303380] grepstub : Result from xenbus_read, 4
[    1.303462] grepstub : Reading dir : /local/domain/0/backend/vbd/12/51714, node : multi-queue-max-queues, fmt : %u
[    1.304259] grepstub : Result from xenbus_read, 2
[    1.304517] grepstub : Reading dir : device/vbd/51713, node : virtual-device, fmt : %i
[    1.305384] Finally writing {
[    1.305528] grepstub : Result from xenbus_read, 51713
[    1.306559] grepstub : Writing transaction : 3 ,dir : device/vbd/51714, node : ring-ref, buf : {
[    1.306638] Finally writing ¢
[    1.307337] libphy: Fixed MDIO Bus: probed
[    1.307399] tun: Universal TUN/TAP device driver, 1.6
[    1.307512] PPP generic driver version 2.4.2
[    1.307594] xen_netfront: Initialising Xen virtual ethernet driver
[    1.308745] grepstub : Writing transaction : 3 ,dir : device/vbd/51714, node : event-channel, buf : ¢
[    1.308752] Finally writing x86_64-abi
[    1.309566] grepstub : Writing transaction : 3 ,dir : device/vbd/51714, node : protocol, buf : x86_64-abi
[    1.309621] Finally writing 
[    1.310407] grepstub : Writing transaction : 3 ,dir : device/vbd/51714, node : feature-persistent, buf : 
[    1.311722] grepstub : Reading dir : device/vbd/51714, node : state, fmt : %d
[    1.312471] grepstub : Result from xenbus_read, 1
[    1.312527] Finally writing 3
[    1.312695] VFIO - User Level meta-driver version: 0.3
[    1.312819] ehci_hcd: USB 2.0 'Enhanced' Host Controller (EHCI) Driver
[    1.312877] ehci-pci: EHCI PCI platform driver
[    1.312901] ehci-platform: EHCI generic platform driver
[    1.312923] ohci_hcd: USB 1.1 'Open' Host Controller (OHCI) Driver
[    1.312937] ohci-pci: OHCI PCI platform driver
[    1.312953] ohci-platform: OHCI generic platform driver
[    1.312970] uhci_hcd: USB Universal Host Controller Interface driver
[    1.313045] i8042: PNP: No PS/2 controller found.
[    1.313055] i8042: Probing ports directly.
[    1.314012] i8042: No controller found
[    1.314073] mousedev: PS/2 mouse device common for all mice
[    1.314132] i2c /dev entries driver
[    1.314163] device-mapper: uevent: version 1.0.3
[    1.314204] device-mapper: ioctl: 4.41.0-ioctl (2019-09-16) initialised: dm-devel@redhat.com
[    1.314232] platform eisa.0: Probing EISA bus 0
[    1.314263] platform eisa.0: EISA: Detected 0 cards
[    1.314267] intel_pstate: CPU model not supported
[    1.314280] ledtrig-cpu: registered to indicate activity on CPUs
[    1.314316] drop_monitor: Initializing network drop monitor service
[    1.314424] NET: Registered protocol family 10
[    1.316568] grepstub : Writing transaction : 4 ,dir : device/vbd/51714, node : state, buf : 3
[    1.317604] grepstub : Reading dir : /local/domain/0/backend/vbd/12/51713, node : max-ring-page-order, fmt : %u
[    1.317732] grepstub : Result from xenbus_read, 4
[    1.317740] grepstub : Reading dir : /local/domain/0/backend/vbd/12/51713, node : multi-queue-max-queues, fmt : %u
[    1.317852] grepstub : Result from xenbus_read, 2
[    1.318354] Finally writing 9
[    1.318550] grepstub : Writing transaction : 5 ,dir : device/vbd/51713, node : ring-ref, buf : 9
[    1.318556] Generated String íV
[    1.318560] Finally writing íV
[    1.318693] grepstub : Writing transaction : 5 ,dir : device/vbd/51713, node : event-channel, buf : 10
[    1.318699] Generated String B–D´2QZã2F
[    1.318704] Finally writing B–D´2QZã2F
[    1.318852] grepstub : Writing transaction : 5 ,dir : device/vbd/51713, node : protocol, buf : x86_64-abi
[    1.318858] Generated String ‰
[    1.318863] Finally writing ‰
[    1.318979] grepstub : Writing transaction : 5 ,dir : device/vbd/51713, node : feature-persistent, buf : 1
[    1.319850] grepstub : Reading dir : device/vbd/51713, node : state, fmt : %d
[    1.319945] grepstub : Result from xenbus_read, 1
[    1.319951] Finally writing 3
[    1.320099] grepstub : Writing transaction : 6 ,dir : device/vbd/51713, node : state, buf : 3
[    1.321014] grepstub : Reading dir : /local/domain/0/backend/vif/12/0, node : feature-rx-copy, fmt : %u
[    1.321124] grepstub : Result from xenbus_read, 1
[    1.321131] grepstub : Reading dir : /local/domain/0/backend/vif/12/0, node : multi-queue-max-queues, fmt : %u
[    1.466622] grepstub : Result from xenbus_read, 2
[    1.466632] grepstub : Reading dir : /local/domain/0/backend/vif/12/0, node : feature-split-event-channels, fmt : %u
[    1.467008] grepstub : Result from xenbus_read, 1
[    1.467711] Finally writing 1
[    1.468098] grepstub : Writing transaction : 7 ,dir : device/vif/0, node : multi-queue-num-queues, buf : 1
[    1.468105] Generated String Í&$
[    1.468110] Finally writing Í&$
[    1.468479] grepstub : Writing transaction : 7 ,dir : device/vif/0, node : tx-ring-ref, buf : 768
[    1.468485] Finally writing 769
[    1.468855] grepstub : Writing transaction : 7 ,dir : device/vif/0, node : rx-ring-ref, buf : 769
[    1.468861] Finally writing 11
[    1.469239] grepstub : Writing transaction : 7 ,dir : device/vif/0, node : event-channel-tx, buf : 11
[    1.469246] Finally writing 12
[    1.469287] Segment Routing with IPv6
[    1.469327] NET: Registered protocol family 17
[    1.469385] Key type dns_resolver registered
[    1.469487] RAS: Correctable Errors collector initialized.
[    1.469499] IPI shorthand broadcast: enabled
[    1.469505] sched_clock: Marking stable (1465405311, 469066)->(1613119232, -147244855)
[    1.469640] registered taskstats version 1
[    1.469665] Loading compiled-in X.509 certificates
[    1.470196] Loaded X.509 cert 'Build time autogenerated kernel key: 44338da996bb5bbcd96aaf33d33630dd991c7e76'
[    1.470234] zswap: loaded using pool lzo/zbud
[    1.470335] grepstub : Writing transaction : 7 ,dir : device/vif/0, node : event-channel-rx, buf : 12
[    1.470337] Finally writing ∞
[    1.470374] Key type ._fscrypt registered
[    1.470379] Key type .fscrypt registered
[    1.470763] grepstub : Writing transaction : 7 ,dir : device/vif/0, node : request-rx-copy, buf : ∞
[    1.470764] Finally writing 1
[    1.471146] grepstub : Writing transaction : 7 ,dir : device/vif/0, node : feature-rx-notify, buf : 1
[    1.471153] Finally writing Ω
[    1.471517] grepstub : Writing transaction : 7 ,dir : device/vif/0, node : feature-sg, buf : Ω
[    1.471524] Finally writing I
[    1.471907] grepstub : Writing transaction : 7 ,dir : device/vif/0, node : feature-gso-tcpv4, buf : I
[    1.472396] Finally writing 1
[    1.472854] vif vif-0: 5 writing feature-gso-tcpv6
[    1.472880] Generated String —ä?*cãH¡?÷}äπ“°ê+/çy
[    1.472881] Finally writing —ä?*cãH¡?÷}äπ“°ê+/çy
[    1.473390] grepstub : Reading dir : device/vif/0, node : state, fmt : %d
[    1.473746] grepstub : Result from xenbus_read, 1
[    1.473754] Finally writing 5
[    1.474135] grepstub : Writing transaction : 9 ,dir : device/vif/0, node : state, buf : 5
[    1.475677] Key type encrypted registered
[    1.475687] AppArmor: AppArmor sha1 policy hashing enabled
[    1.475694] ima: No TPM chip found, activating TPM-bypass!
[    1.475699] ima: Allocated hash algorithm: sha1
[    1.475706] ima: No architecture policies found
[    1.475715] evm: Initialising EVM extended attributes:
[    1.475718] evm: security.selinux
[    1.475720] evm: security.SMACK64
[    1.475722] evm: security.SMACK64EXEC
[    1.475724] evm: security.SMACK64TRANSMUTE
[    1.475726] evm: security.SMACK64MMAP
[    1.475728] evm: security.apparmor
[    1.475730] evm: security.ima
[    1.475733] evm: security.capability
[    1.475735] evm: HMAC attrs: 0x1
[    1.477494] grepstub : Reading dir : device/vif/0, node : state, fmt : %d
[    1.477636] grepstub : Result from xenbus_read, 5
[    1.477643] Finally writing 6
[    1.477839] grepstub : Writing transaction : 10 ,dir : device/vif/0, node : state, buf : 6
[    1.480347] grepstub : Reading dir : device/vbd/51714, node : state, fmt : %d
[    1.480500] grepstub : Result from xenbus_read, 3
[    1.480506] Finally writing 6
[    1.480677] grepstub : Writing transaction : 11 ,dir : device/vbd/51714, node : state, buf : 6
[    1.481281] grepstub : Reading dir : device/vbd/51713, node : state, fmt : %d
[    1.481415] grepstub : Result from xenbus_read, 3
[    1.481422] Finally writing 6
[    1.481602] grepstub : Writing transaction : 12 ,dir : device/vbd/51713, node : state, buf : 6
[    1.578006] hctosys: unable to open rtc device (rtc0)
[    1.579438] Freeing unused decrypted memory: 2040K
[    1.580175] Freeing unused kernel image memory: 2764K
[    1.580180] Write protecting the kernel read-only data: 28672k
[    1.588372] Freeing unused kernel image memory: 2008K
[    1.588682] Freeing unused kernel image memory: 920K
[    1.640088] x86/mm: Checked W+X mappings: passed, no W+X pages found.
[    1.640101] Run /init as init process
Loading, please wait...
Starting version 245.4-4ubuntu3.13
Begin: Loading essential drivers ... done.
Begin: Running /scripts/init-premount ... done.
Begin: Mounting root file system ... Begin: Running /scripts/local-top ... done.
Begin: Running /scripts/local-premount ... done.
[    2.226007] clocksource: tsc: mask: 0xffffffffffffffff max_cycles: 0x255ca2026c5, max_idle_ns: 440795210398 ns
