Parsing config from /etc/xen/xenguest.cfg
[    0.000000] Linux version 5.4.151custom_anish+ (root@pop-os) (gcc version 11.2.0 (Ubuntu 11.2.0-7ubuntu2)) #38 SMP Tue Jan 18 00:14:41 EST 2022 ()
[    0.000000] Command line: root=/dev/xvda2 ro elevator=noop
[    0.000000] KERNEL supported cpus:
[    0.000000]   Intel GenuineIntel
[    0.000000]   AMD AuthenticAMD
[    0.000000]   Hygon HygonGenuine
[    0.000000]   Centaur CentaurHauls
[    0.000000]   zhaoxin   Shanghai  
[    0.000000] Disabled fast string operations
[    0.000000] x86/fpu: Supporting XSAVE feature 0x001: 'x87 floating point registers'
[    0.000000] x86/fpu: Supporting XSAVE feature 0x002: 'SSE registers'
[    0.000000] x86/fpu: Supporting XSAVE feature 0x004: 'AVX registers'
[    0.000000] x86/fpu: xstate_offset[2]:  576, xstate_sizes[2]:  256
[    0.000000] x86/fpu: Enabled xstate features 0x7, context size is 832 bytes, using 'standard' format.
[    0.000000] ACPI in unprivileged domain disabled
[    0.000000] Released 0 page(s)
[    0.000000] BIOS-provided physical RAM map:
[    0.000000] Xen: [mem 0x0000000000000000-0x000000000009ffff] usable
[    0.000000] Xen: [mem 0x00000000000a0000-0x00000000000fffff] reserved
[    0.000000] Xen: [mem 0x0000000000100000-0x000000013b7fffff] usable
[    0.000000] NX (Execute Disable) protection: active
[    0.000000] DMI not present or invalid.
[    0.000000] Hypervisor detected: Xen PV
[    0.120690] tsc: Fast TSC calibration failed
[    0.120692] tsc: Detected 2591.964 MHz processor
[    0.120708] last_pfn = 0x13b800 max_arch_pfn = 0x400000000
[    0.120709] Disabled
[    0.120710] x86/PAT: MTRRs disabled, skipping PAT initialization too.
[    0.120716] x86/PAT: Configuration [0-7]: WB  WT  UC- UC  WC  WP  UC  UC  
[    0.120717] last_pfn = 0x100000 max_arch_pfn = 0x400000000
[    0.219422] check: Scanning 1 areas for low memory corruption
[    0.219432] Kernel/User page tables isolation: disabled on XEN PV.
[    0.850940] RAMDISK: [mem 0x04000000-0x07b80fff]
[    0.850999] NUMA turned off
[    0.851000] Faking a node at [mem 0x0000000000000000-0x000000013b7fffff]
[    0.851009] NODE_DATA(0) allocated [mem 0x13ae22000-0x13ae4bfff]
[    0.862710] Zone ranges:
[    0.862711]   DMA      [mem 0x0000000000001000-0x0000000000ffffff]
[    0.862713]   DMA32    [mem 0x0000000001000000-0x00000000ffffffff]
[    0.862714]   Normal   [mem 0x0000000100000000-0x000000013b7fffff]
[    0.862714]   Device   empty
[    0.862715] Movable zone start for each node
[    0.862717] Early memory node ranges
[    0.862718]   node   0: [mem 0x0000000000001000-0x000000000009ffff]
[    0.862719]   node   0: [mem 0x0000000000100000-0x000000013b7fffff]
[    0.862836] Zeroed struct page in unavailable ranges: 18529 pages
[    0.862837] Initmem setup node 0 [mem 0x0000000000001000-0x000000013b7fffff]
[    0.875577] p2m virtual area at (____ptrval____), size is 40000000
[    0.957423] Remapped 0 page(s)
[    0.957513] smpboot: Allowing 1 CPUs, 0 hotplug CPUs
[    0.957520] PM: Registered nosave memory: [mem 0x00000000-0x00000fff]
[    0.957521] PM: Registered nosave memory: [mem 0x000a0000-0x000fffff]
[    0.957522] Cannot find an available gap in the 32-bit address range
[    0.957522] PCI devices with unassigned 32-bit BARs may not work!
[    0.957523] [mem 0x13b900000-0x13bcfffff] available for PCI devices
[    0.957526] Booting paravirtualized kernel on Xen
[    0.957527] Xen version: 4.11.4-pre (preserve-AD)
[    0.957530] clocksource: refined-jiffies: mask: 0xffffffff max_cycles: 0xffffffff, max_idle_ns: 7645519600211568 ns
[    0.957533] setup_percpu: NR_CPUS:8192 nr_cpumask_bits:1 nr_cpu_ids:1 nr_node_ids:1
[    0.957666] percpu: Embedded 54 pages/cpu s184320 r8192 d28672 u2097152
[    0.957706] Built 1 zonelists, mobility grouping on.  Total pages: 1271978
[    0.957707] Policy zone: Normal
[    0.957709] Kernel command line: root=/dev/xvda2 ro elevator=noop
[    0.958083] Dentry cache hash table entries: 1048576 (order: 11, 8388608 bytes, linear)
[    0.958259] Inode-cache hash table entries: 524288 (order: 10, 4194304 bytes, linear)
[    0.958448] mem auto-init: stack:off, heap alloc:on, heap free:off
[    0.969465] Memory: 4951688K/5168764K available (16387K kernel code, 3654K rwdata, 9320K rodata, 2764K init, 5728K bss, 217076K reserved, 0K cma-reserved)
[    0.969473] random: get_random_u64 called from __kmem_cache_create+0x42/0x6f0 with crng_init=0
[    0.969719] SLUB: HWalign=64, Order=0-3, MinObjects=0, CPUs=1, Nodes=1
[    0.970017] ftrace: allocating 43024 entries in 169 pages
[    0.982835] rcu: Hierarchical RCU implementation.
[    0.982837] rcu: 	RCU restricting CPUs from NR_CPUS=8192 to nr_cpu_ids=1.
[    0.982838] rcu: RCU calculated value of scheduler-enlistment delay is 25 jiffies.
[    0.982839] rcu: Adjusting geometry for rcu_fanout_leaf=16, nr_cpu_ids=1
[    0.986645] Using NULL legacy PIC
[    0.986646] NR_IRQS: 524544, nr_irqs: 32, preallocated irqs: 0
[    0.986691] xen:events: Using FIFO-based ABI
[    0.986739] random: crng done (trusting CPU's manufacturer)
[    0.986769] Console: colour dummy device 80x25
[    0.986821] printk: console [tty0] enabled
[    0.987299] printk: console [hvc0] enabled
[    0.987330] clocksource: xen: mask: 0xffffffffffffffff max_cycles: 0x1cd42e4dffb, max_idle_ns: 881590591483 ns
[    0.987446] installing Xen timer for CPU 0
[    0.987612] clocksource: tsc-early: mask: 0xffffffffffffffff max_cycles: 0x255c950f28f, max_idle_ns: 440795327585 ns
[    0.987654] Calibrating delay loop (skipped), value calculated using timer frequency.. 5183.92 BogoMIPS (lpj=10367856)
[    0.987660] pid_max: default: 32768 minimum: 301
[    0.987730] LSM: Security Framework initializing
[    0.987752] Yama: becoming mindful.
[    0.987807] AppArmor: AppArmor initialized
[    0.987918] Mount-cache hash table entries: 16384 (order: 5, 131072 bytes, linear)
[    0.987932] Mountpoint-cache hash table entries: 16384 (order: 5, 131072 bytes, linear)
[    0.987972] *** VALIDATE tmpfs ***
[    0.988184] *** VALIDATE proc ***
[    0.988309] *** VALIDATE cgroup1 ***
[    0.988312] *** VALIDATE cgroup2 ***
[    0.988413] Disabled fast string operations
[    0.988462] Last level iTLB entries: 4KB 64, 2MB 8, 4MB 8
[    0.988465] Last level dTLB entries: 4KB 64, 2MB 0, 4MB 0, 1GB 4
[    0.988473] Spectre V1 : Mitigation: usercopy/swapgs barriers and __user pointer sanitization
[    0.988478] Spectre V2 : Mitigation: Full generic retpoline
[    0.988481] Spectre V2 : Spectre v2 / SpectreRSB mitigation: Filling RSB on context switch
[    0.988484] Spectre V2 : Enabling Restricted Speculation for firmware calls
[    0.988488] Spectre V2 : mitigation: Enabling conditional Indirect Branch Prediction Barrier
[    0.988492] Speculative Store Bypass: Mitigation: Speculative Store Bypass disabled via prctl and seccomp
[    0.988497] MDS: Mitigation: Clear CPU buffers
[    1.032210] Freeing SMP alternatives memory: 40K
[    1.033536] VPMU disabled by hypervisor.
[    1.033684] Performance Events: unsupported p6 CPU model 165 no PMU driver, software events only.
[    1.033738] rcu: Hierarchical SRCU implementation.
[    1.034106] NMI watchdog: Perf NMI watchdog permanently disabled
[    1.034144] smp: Bringing up secondary CPUs ...
[    1.034148] smp: Brought up 1 node, 1 CPU
[    1.034151] smpboot: Max logical packages: 1
[    1.034437] devtmpfs: initialized
[    1.034472] x86/mm: Memory block size: 128MB
[    1.034821] clocksource: jiffies: mask: 0xffffffff max_cycles: 0xffffffff, max_idle_ns: 7645041785100000 ns
[    1.034830] futex hash table entries: 256 (order: 2, 16384 bytes, linear)
[    1.034865] pinctrl core: initialized pinctrl subsystem
[    1.035008] NET: Registered protocol family 16
[    1.035023] xen:grant_table: Grant tables using version 1 layout
[    1.035035] Grant table initialized
[    1.035057] audit: initializing netlink subsys (disabled)
[    1.035138] audit: type=2000 audit(1642483394.297:1): state=initialized audit_enabled=0 res=1
[    1.035216] EISA bus registered
[    1.035678] grepstub : Reading dir : cpu/0, node : availability, fmt : %15s
[    1.035700] grepstub : Result from xenbus_read, online
[    1.036918] PCI: setting up Xen PCI frontend stub
[    1.039063] fbcon: Taking over console
[    1.039088] ACPI: Interpreter disabled.
[    1.039099] xen:balloon: Initialising balloon driver
[    1.039670] grepstub : Reading dir : memory, node : target, fmt : %llu
[    1.039694] grepstub : Result from xenbus_read, 5169152
[    1.039694] grepstub : Reading dir : memory, node : static-max, fmt : %llu
[    1.039709] grepstub : Result from xenbus_read, 5169152
[    1.039714] Random seed : 697157380
[    1.039718] Generated String ¸
[    1.039721] Modifying to, and finally sending ¸
[    1.039741] grepstub : Writing transaction : 0 ,dir : control, node : feature-poweroff, buf : 1
[    1.039741] Random seed : 323672750
[    1.039741] Modifying to, and finally sending 1
[    1.039741] grepstub : Writing transaction : 0 ,dir : control, node : feature-reboot, buf : 1
[    1.039741] Random seed : 706713056
[    1.039741] Generated String M
[    1.039741] Modifying to, and finally sending M
[    1.039741] grepstub : Writing transaction : 0 ,dir : control, node : feature-suspend, buf : 1
[    1.039741] grepstub : Reading dir : control, node : sysrq, fmt : %c
[    1.039741] grepstub : Result from xenbus_read, (efault)
[    1.039741] iommu: Default domain type: Translated 
[    1.039851] SCSI subsystem initialized
[    1.039916] vgaarb: loaded
[    1.039943] usbcore: registered new interface driver usbfs
[    1.039950] usbcore: registered new interface driver hub
[    1.039956] usbcore: registered new device driver usb
[    1.039976] pps_core: LinuxPPS API ver. 1 registered
[    1.039979] pps_core: Software ver. 5.3.6 - Copyright 2005-2007 Rodolfo Giometti <giometti@linux.it>
[    1.039985] PTP clock support registered
[    1.040026] EDAC MC: Ver: 3.0.0
[    1.040105] PCI: System does not support PCI
[    1.040174] NetLabel: Initializing
[    1.040177] NetLabel:  domain hash size = 128
[    1.040180] NetLabel:  protocols = UNLABELED CIPSOv4 CALIPSO
[    1.040192] NetLabel:  unlabeled traffic allowed by default
[    1.044191] clocksource: Switched to clocksource xen
[    1.051709] *** VALIDATE bpf ***
[    1.051769] VFS: Disk quotas dquot_6.6.0
[    1.051782] VFS: Dquot-cache hash table entries: 512 (order 0, 4096 bytes)
[    1.051817] *** VALIDATE ramfs ***
[    1.051820] hugetlbfs: disabling because there are no supported hugepage sizes
[    1.051877] AppArmor: AppArmor Filesystem Enabled
[    1.051891] pnp: PnP ACPI: disabled
[    1.052811] thermal_sys: Registered thermal governor 'fair_share'
[    1.052812] thermal_sys: Registered thermal governor 'bang_bang'
[    1.052817] thermal_sys: Registered thermal governor 'step_wise'
[    1.052821] thermal_sys: Registered thermal governor 'user_space'
[    1.052824] thermal_sys: Registered thermal governor 'power_allocator'
[    1.052870] NET: Registered protocol family 2
[    1.053021] IP idents hash table entries: 131072 (order: 8, 1048576 bytes, linear)
[    1.053732] tcp_listen_portaddr_hash hash table entries: 4096 (order: 4, 65536 bytes, linear)
[    1.053801] TCP established hash table entries: 65536 (order: 7, 524288 bytes, linear)
[    1.053970] TCP bind hash table entries: 65536 (order: 8, 1048576 bytes, linear)
[    1.054059] TCP: Hash tables configured (established 65536 bind 65536)
[    1.054104] UDP hash table entries: 4096 (order: 5, 131072 bytes, linear)
[    1.054134] UDP-Lite hash table entries: 4096 (order: 5, 131072 bytes, linear)
[    1.054259] NET: Registered protocol family 1
[    1.054267] NET: Registered protocol family 44
[    1.054273] PCI: CLS 0 bytes, default 64
[    1.054311] Trying to unpack rootfs image as initramfs...
[    1.196081] Freeing initrd memory: 60932K
[    1.196246] check: Scanning for low memory corruption every 60 seconds
[    1.196545] Initialise system trusted keyrings
[    1.196558] Key type blacklist registered
[    1.196607] workingset: timestamp_bits=36 max_order=21 bucket_order=0
[    1.197372] zbud: loaded
[    1.197615] squashfs: version 4.0 (2009/01/31) Phillip Lougher
[    1.197724] fuse: init (API version 7.31)
[    1.197737] *** VALIDATE fuse ***
[    1.197740] *** VALIDATE fuse ***
[    1.197807] Platform Keyring initialized
[    1.200163] Key type asymmetric registered
[    1.200186] Asymmetric key parser 'x509' registered
[    1.200196] Block layer SCSI generic (bsg) driver version 0.4 loaded (major 244)
[    1.200237] io scheduler mq-deadline registered
[    1.200306] shpchp: Standard Hot Plug PCI Controller Driver version: 0.4
[    1.200602] Serial: 8250/16550 driver, 32 ports, IRQ sharing enabled
[    1.201574] Linux agpgart interface v0.103
[    1.307999] loop: module loaded
[    1.308102] Invalid max_queues (4), will use default max: 1.
[    1.310283] grepstub : Reading dir : device/vbd/51714, node : virtual-device, fmt : %i
[    1.310852] grepstub : Result from xenbus_read, 51714
[    1.312618] grepstub : Reading dir : /local/domain/0/backend/vbd/4/51714, node : max-ring-page-order, fmt : %u
[    1.313474] grepstub : Result from xenbus_read, 4
[    1.313556] grepstub : Reading dir : /local/domain/0/backend/vbd/4/51714, node : multi-queue-max-queues, fmt : %u
[    1.315132] grepstub : Result from xenbus_read, 2
[    1.315351] grepstub : Reading dir : device/vbd/51713, node : virtual-device, fmt : %i
[    1.316198] Random seed : 919040726
[    1.316295] Modifying to, and finally sending 8
[    1.316495] grepstub : Result from xenbus_read, 51713
[    1.317463] grepstub : Writing transaction : 3 ,dir : device/vbd/51714, node : ring-ref, buf : 8
[    1.317494] Random seed : -732408595
[    1.317514] Modifying to, and finally sending 9
[    1.318075] libphy: Fixed MDIO Bus: probed
[    1.318112] tun: Universal TUN/TAP device driver, 1.6
[    1.318215] PPP generic driver version 2.4.2
[    1.318297] xen_netfront: Initialising Xen virtual ethernet driver
[    1.319384] grepstub : Writing transaction : 3 ,dir : device/vbd/51714, node : event-channel, buf : 9
[    1.319391] Random seed : -1700145145
[    1.319507] Modifying to, and finally sending x86_64-abi
[    1.321168] grepstub : Writing transaction : 3 ,dir : device/vbd/51714, node : protocol, buf : x86_64-abi
[    1.321196] Random seed : -1145644690
[    1.321216] Modifying to, and finally sending 1
[    1.322683] grepstub : Writing transaction : 3 ,dir : device/vbd/51714, node : feature-persistent, buf : 1
[    1.326348] grepstub : Reading dir : device/vbd/51714, node : state, fmt : %d
[    1.327312] grepstub : Result from xenbus_read, 1
[    1.327342] Random seed : 1016516433
[    1.327356] Modifying to, and finally sending 3
[    1.327541] VFIO - User Level meta-driver version: 0.3
[    1.327822] ehci_hcd: USB 2.0 'Enhanced' Host Controller (EHCI) Driver
[    1.327851] ehci-pci: EHCI PCI platform driver
[    1.327881] ehci-platform: EHCI generic platform driver
[    1.327911] ohci_hcd: USB 1.1 'Open' Host Controller (OHCI) Driver
[    1.327936] ohci-pci: OHCI PCI platform driver
[    1.327959] ohci-platform: OHCI generic platform driver
[    1.327982] uhci_hcd: USB Universal Host Controller Interface driver
[    1.328078] i8042: PNP: No PS/2 controller found.
[    1.328092] i8042: Probing ports directly.
[    1.329138] i8042: No controller found
[    1.329182] grepstub : Writing transaction : 4 ,dir : device/vbd/51714, node : state, buf : 3
[    1.329341] mousedev: PS/2 mouse device common for all mice
[    1.329467] i2c /dev entries driver
[    1.329725] device-mapper: uevent: version 1.0.3
[    1.330060] grepstub : Reading dir : /local/domain/0/backend/vbd/4/51713, node : max-ring-page-order, fmt : %u
[    1.330162] device-mapper: ioctl: 4.41.0-ioctl (2019-09-16) initialised: dm-devel@redhat.com
[    1.330388] grepstub : Result from xenbus_read, 4
[    1.330391] grepstub : Reading dir : /local/domain/0/backend/vbd/4/51713, node : multi-queue-max-queues, fmt : %u
[    1.330493] platform eisa.0: Probing EISA bus 0
[    1.330706] grepstub : Result from xenbus_read, 2
[    1.330825] platform eisa.0: EISA: Detected 0 cards
[    1.330846] intel_pstate: CPU model not supported
[    1.330876] ledtrig-cpu: registered to indicate activity on CPUs
[    1.330982] drop_monitor: Initializing network drop monitor service
[    1.331266] NET: Registered protocol family 10
[    1.333338] Random seed : 370169117
[    1.333342] Modifying to, and finally sending 9
[    1.333700] grepstub : Writing transaction : 5 ,dir : device/vbd/51713, node : ring-ref, buf : 9
[    1.333717] Random seed : 1062813851
[    1.333730] Modifying to, and finally sending 10
[    1.338919] grepstub : Writing transaction : 5 ,dir : device/vbd/51713, node : event-channel, buf : 10
[    1.338934] Random seed : 748844241
[    1.338945] Modifying to, and finally sending x86_64-abi
[    1.339245] grepstub : Writing transaction : 5 ,dir : device/vbd/51713, node : protocol, buf : x86_64-abi
[    1.339254] Random seed : 1848839966
[    1.339263] Modifying to, and finally sending 1
[    1.339924] grepstub : Writing transaction : 5 ,dir : device/vbd/51713, node : feature-persistent, buf : 1
[    1.340496] grepstub : Reading dir : device/vbd/51713, node : state, fmt : %d
[    1.340692] grepstub : Result from xenbus_read, 1
[    1.340703] Random seed : -755783945
[    1.340709] Modifying to, and finally sending 3
[    1.342158] grepstub : Writing transaction : 6 ,dir : device/vbd/51713, node : state, buf : 3
[    1.345771] grepstub : Reading dir : /local/domain/0/backend/vif/4/0, node : feature-rx-copy, fmt : %u
[    1.347000] grepstub : Result from xenbus_read, 1
[    1.347028] grepstub : Reading dir : /local/domain/0/backend/vif/4/0, node : multi-queue-max-queues, fmt : %u
[    1.348503] grepstub : Result from xenbus_read, 2
[    1.348514] grepstub : Reading dir : /local/domain/0/backend/vif/4/0, node : feature-split-event-channels, fmt : %u
[    1.349716] grepstub : Result from xenbus_read, 1
[    1.350105] Segment Routing with IPv6
[    1.350140] NET: Registered protocol family 17
[    1.350190] Key type dns_resolver registered
[    1.350296] RAS: Correctable Errors collector initialized.
[    1.350305] IPI shorthand broadcast: enabled
[    1.350313] sched_clock: Marking stable (1346720334, 947754)->(1352955146, -5287058)
[    1.350489] registered taskstats version 1
[    1.350503] Loading compiled-in X.509 certificates
[    1.351134] Loaded X.509 cert 'Build time autogenerated kernel key: 44338da996bb5bbcd96aaf33d33630dd991c7e76'
[    1.351163] zswap: loaded using pool lzo/zbud
[    1.351389] Key type ._fscrypt registered
[    1.351395] Key type .fscrypt registered
[    1.352756] Random seed : -926922479
[    1.352757] Generated String ç
[    1.352764] Modifying to, and finally sending ç
[    1.353614] grepstub : Writing transaction : 7 ,dir : device/vif/0, node : multi-queue-num-queues, buf : 1
[    1.353622] Random seed : -1494155533
[    1.353629] Modifying to, and finally sending 768
[    1.353818] grepstub : Writing transaction : 7 ,dir : device/vif/0, node : tx-ring-ref, buf : 768
[    1.353825] Random seed : -1763303349
[    1.353831] Modifying to, and finally sending 769
[    1.354004] grepstub : Writing transaction : 7 ,dir : device/vif/0, node : rx-ring-ref, buf : 769
[    1.354011] Random seed : 639195035
[    1.354016] Modifying to, and finally sending 11
[    1.354225] grepstub : Writing transaction : 7 ,dir : device/vif/0, node : event-channel-tx, buf : 11
[    1.354232] Random seed : -774548157
[    1.386532] Modifying to, and finally sending 12
[    1.387447] grepstub : Writing transaction : 7 ,dir : device/vif/0, node : event-channel-rx, buf : 12
[    1.387454] Random seed : -426912768
[    1.387459] Modifying to, and finally sending F
[    1.387872] grepstub : Writing transaction : 7 ,dir : device/vif/0, node : request-rx-copy, buf : F
[    1.387878] Random seed : -657491955
[    1.387883] Modifying to, and finally sending 1
[    1.388386] grepstub : Writing transaction : 7 ,dir : device/vif/0, node : feature-rx-notify, buf : 1
[    1.388392] Random seed : 1020299527
[    1.388397] Generated String ˙
[    1.388400] Modifying to, and finally sending ˙
[    1.388827] grepstub : Writing transaction : 7 ,dir : device/vif/0, node : feature-sg, buf : 1
[    1.388833] Random seed : 997724096
[    1.388837] Generated String d
[    1.388840] Modifying to, and finally sending d
[    1.389143] Key type encrypted registered
[    1.389169] AppArmor: AppArmor sha1 policy hashing enabled
[    1.389179] ima: No TPM chip found, activating TPM-bypass!
[    1.389203] ima: Allocated hash algorithm: sha1
[    1.389211] ima: No architecture policies found
[    1.389221] evm: Initialising EVM extended attributes:
[    1.389226] evm: security.selinux
[    1.389241] evm: security.SMACK64
[    1.389244] evm: security.SMACK64EXEC
[    1.389246] evm: security.SMACK64TRANSMUTE
[    1.389248] evm: security.SMACK64MMAP
[    1.389250] evm: security.apparmor
[    1.389252] evm: security.ima
[    1.389255] evm: security.capability
[    1.389257] evm: HMAC attrs: 0x1
[    1.389415] grepstub : Writing transaction : 7 ,dir : device/vif/0, node : feature-gso-tcpv4, buf : 1
[    1.389416] Random seed : -562383515
[    1.389421] Generated String ”
[    1.389424] Modifying to, and finally sending ”
[    1.389978] Random seed : -1805077113
[    1.389984] Generated String A
[    1.389988] Modifying to, and finally sending A
[    1.390889] grepstub : Reading dir : /local/domain/0/backend/vif/4/0, node : feature-sg, fmt : %u
[    1.391382] grepstub : Result from xenbus_read, 1
[    1.391391] grepstub : Reading dir : /local/domain/0/backend/vif/4/0, node : feature-ipv6-csum-offload, fmt : %u
[    1.392169] grepstub : Result from xenbus_read, 1
[    1.392177] grepstub : Reading dir : /local/domain/0/backend/vif/4/0, node : feature-gso-tcpv4, fmt : %u
[    1.392472] grepstub : Result from xenbus_read, 1
[    1.392480] grepstub : Reading dir : /local/domain/0/backend/vif/4/0, node : feature-gso-tcpv6, fmt : %u
[    1.392920] grepstub : Result from xenbus_read, 1
[    1.392986] grepstub : Reading dir : /local/domain/0/backend/vif/4/0, node : feature-sg, fmt : %u
[    1.393380] grepstub : Result from xenbus_read, 1
[    1.393387] grepstub : Reading dir : /local/domain/0/backend/vif/4/0, node : feature-ipv6-csum-offload, fmt : %u
[    1.393896] grepstub : Result from xenbus_read, 1
[    1.393904] grepstub : Reading dir : /local/domain/0/backend/vif/4/0, node : feature-gso-tcpv4, fmt : %u
[    1.394330] grepstub : Result from xenbus_read, 1
[    1.394337] grepstub : Reading dir : /local/domain/0/backend/vif/4/0, node : feature-gso-tcpv6, fmt : %u
[    1.394735] grepstub : Result from xenbus_read, 1
[    1.395370] grepstub : Reading dir : device/vif/0, node : state, fmt : %d
[    1.395818] grepstub : Result from xenbus_read, 1
[    1.395826] Random seed : -1026711672
[    1.395829] Generated String 
[    1.395831] Modifying to, and finally sending 
[    1.396579] grepstub : Writing transaction : 8 ,dir : device/vif/0, node : state, buf : 4
[    1.403555] grepstub : Reading dir : /local/domain/0/backend/vbd/4/51714, node : physical-sector-size, fmt : %u
[    1.417426] grepstub : Result from xenbus_read, 512
[    1.417441] grepstub : Reading dir : /local/domain/0/backend/vbd/4/51714, node : feature-barrier, fmt : %u
[    1.417833] grepstub : Result from xenbus_read, 1
[    1.417843] grepstub : Reading dir : /local/domain/0/backend/vbd/4/51714, node : feature-flush-cache, fmt : %u
[    1.418199] grepstub : Result from xenbus_read, 1
[    1.418208] grepstub : Reading dir : /local/domain/0/backend/vbd/4/51714, node : feature-discard, fmt : %u
[    1.418569] grepstub : Result from xenbus_read, 1
[    1.418577] grepstub : Reading dir : /local/domain/0/backend/vbd/4/51714, node : discard-granularity, fmt : %u
[    1.418992] grepstub : Result from xenbus_read, 4096
[    1.419001] grepstub : Reading dir : /local/domain/0/backend/vbd/4/51714, node : discard-alignment, fmt : %u
[    1.419365] grepstub : Result from xenbus_read, 0
[    1.419373] grepstub : Reading dir : /local/domain/0/backend/vbd/4/51714, node : discard-secure, fmt : %u
[    1.419719] grepstub : Result from xenbus_read, 0
[    1.419727] grepstub : Reading dir : /local/domain/0/backend/vbd/4/51714, node : feature-persistent, fmt : %u
[    1.419890] grepstub : Result from xenbus_read, 1
[    1.419900] grepstub : Reading dir : /local/domain/0/backend/vbd/4/51714, node : feature-max-indirect-segments, fmt : %u
[    1.420223] grepstub : Result from xenbus_read, 256
[    1.420709] blkfront: xvda2: flush diskcache: enabled; persistent grants: enabled; indirect descriptors: enabled;
[    1.420884] grepstub : Reading dir : device/vbd/51714, node : state, fmt : %d
[    1.421034] grepstub : Result from xenbus_read, 3
[    1.421042] Random seed : -144683926
[    1.421045] Modifying to, and finally sending 4
[    1.421202] grepstub : Writing transaction : 9 ,dir : device/vbd/51714, node : state, buf : 4
[    1.443057] grepstub : Reading dir : /local/domain/0/backend/vbd/4/51713, node : physical-sector-size, fmt : %u
[    1.443248] grepstub : Result from xenbus_read, 512
[    1.443290] grepstub : Reading dir : /local/domain/0/backend/vbd/4/51713, node : feature-barrier, fmt : %u
[    1.443436] grepstub : Result from xenbus_read, 1
[    1.443446] grepstub : Reading dir : /local/domain/0/backend/vbd/4/51713, node : feature-flush-cache, fmt : %u
[    1.443591] grepstub : Result from xenbus_read, 1
[    1.443601] grepstub : Reading dir : /local/domain/0/backend/vbd/4/51713, node : feature-discard, fmt : %u
[    1.444676] grepstub : Result from xenbus_read, 1
[    1.444684] grepstub : Reading dir : /local/domain/0/backend/vbd/4/51713, node : discard-granularity, fmt : %u
[    1.444848] grepstub : Result from xenbus_read, 4096
[    1.444856] grepstub : Reading dir : /local/domain/0/backend/vbd/4/51713, node : discard-alignment, fmt : %u
[    1.445010] grepstub : Result from xenbus_read, 0
[    1.445017] grepstub : Reading dir : /local/domain/0/backend/vbd/4/51713, node : discard-secure, fmt : %u
[    1.445170] grepstub : Result from xenbus_read, 0
[    1.445178] grepstub : Reading dir : /local/domain/0/backend/vbd/4/51713, node : feature-persistent, fmt : %u
[    1.445330] grepstub : Result from xenbus_read, 1
[    1.585183] grepstub : Reading dir : /local/domain/0/backend/vbd/4/51713, node : feature-max-indirect-segments, fmt : %u
[    1.585380] grepstub : Result from xenbus_read, 256
[    1.585855] blkfront: xvda1: flush diskcache: enabled; persistent grants: enabled; indirect descriptors: enabled;
[    1.586049] grepstub : Reading dir : device/vbd/51713, node : state, fmt : %d
[    1.586234] grepstub : Result from xenbus_read, 3
[    1.586243] Random seed : 1686473376
[    1.586246] Modifying to, and finally sending 4
[    1.586528] grepstub : Writing transaction : 10 ,dir : device/vbd/51713, node : state, buf : 4
[    1.599335] grepstub : Reading dir : device/vif/0, node : state, fmt : %d
[    1.600202] grepstub : Result from xenbus_read, 
[    1.688085] hctosys: unable to open rtc device (rtc0)
[    1.694050] Freeing unused decrypted memory: 2040K
[    1.697167] Freeing unused kernel image memory: 2764K
[    1.697255] Write protecting the kernel read-only data: 28672k
[    1.724081] Freeing unused kernel image memory: 2008K
[    1.724688] Freeing unused kernel image memory: 920K
[    1.766018] x86/mm: Checked W+X mappings: passed, no W+X pages found.
[    1.766031] Run /init as init process
Loading, please wait...
Starting version 245.4-4ubuntu3.15
[    1.957029] grepstub : Reading dir : /local/domain/0/backend/vif/4/0, node : feature-sg, fmt : %u
[    1.957199] grepstub : Result from xenbus_read, 1
[    1.957210] grepstub : Reading dir : /local/domain/0/backend/vif/4/0, node : feature-ipv6-csum-offload, fmt : %u
[    1.957547] grepstub : Result from xenbus_read, 1
[    1.957555] grepstub : Reading dir : /local/domain/0/backend/vif/4/0, node : feature-gso-tcpv4, fmt : %u
[    1.957849] grepstub : Result from xenbus_read, 1
[    1.957856] grepstub : Reading dir : /local/domain/0/backend/vif/4/0, node : feature-gso-tcpv6, fmt : %u
Begin: Loading essential drivers ... done.
Begin: Running /scripts/init-premount ... done.
Begin: Mounting root file system ... Begin: Running /scripts/local-top ... done.
Begin: Running /scripts/local-premount ... done.
Begin: Will now check root file system ... fsck from util-linux 2.34
[/usr/sbin/fsck.ext4 (1) -- /dev/xvda2] fsck.ext4 -a -C0 /dev/xvda2 
/dev/xvda2: recovering journal
/dev/xvda2: clean, 18326/262144 files, 263066/1048576 blocks
done.
[    1.958215] grepstub : Result from xenbus_read, 1
[    2.076584] EXT4-fs (xvda2): mounted filesystem with ordered data mode. Opts: (null)
done.
Begin: Running /scripts/local-bottom ... done.
Begin: Running /scripts/init-bottom ... done.
[    2.197632] systemd[1]: Failed to look up module alias 'autofs4': Function not implemented
[    2.198457] cgroup2: Unknown parameter 'memory_recursiveprot'
[    2.200855] systemd[1]: systemd 247.3-6 running in system mode. (+PAM +AUDIT +SELINUX +IMA +APPARMOR +SMACK +SYSVINIT +UTMP +LIBCRYPTSETUP +GCRYPT +GNUTLS +ACL +XZ +LZ4 +ZSTD +SECCOMP +BLKID +ELFUTILS +KMOD +IDN2 -IDN +PCRE2 default-hierarchy=unified)
[    2.200974] systemd[1]: Detected virtualization xen.
[    2.200988] systemd[1]: Detected architecture x86-64.

Welcome to [1mDebian GNU/Linux 11 (bullseye)[0m!

[    2.201774] systemd[1]: Set hostname to <xenguest>.
[    2.203755] clocksource: tsc: mask: 0xffffffffffffffff max_cycles: 0x255c950f28f, max_idle_ns: 440795327585 ns
[    2.337892] systemd[1]: Queued start job for default target Graphical Interface.
[    2.339453] systemd[1]: Created slice system-getty.slice.
[[0;32m  OK  [0m] Created slice [0;1;39msystem-getty.slice[0m.
[    2.339950] systemd[1]: Created slice system-modprobe.slice.
[[0;32m  OK  [0m] Created slice [0;1;39msystem-modprobe.slice[0m.
[    2.340310] systemd[1]: Created slice system-serial\x2dgetty.slice.
[[0;32m  OK  [0m] Created slice [0;1;39msystem-serial\x2dgetty.slice[0m.
[    2.340544] systemd[1]: Started Dispatch Password Requests to Console Directory Watch.
[[0;32m  OK  [0m] Started [0;1;39mDispatch Password ‚Ä¶ts to Console Directory Watch[0m.
[    2.340702] systemd[1]: Started Forward Password Requests to Wall Directory Watch.
[[0;32m  OK  [0m] Started [0;1;39mForward Password R‚Ä¶uests to Wall Directory Watch[0m.
[    2.340825] systemd[1]: Starting of Arbitrary Executable File Formats File System Automount Point not supported.
[[0;1;38;5;185mUNSUPP[0m] Starting of [0;1;39mArbitrary Exec‚Ä¶Automount Point[0m not supported.
[    2.340936] systemd[1]: Reached target Local Encrypted Volumes.
[[0;32m  OK  [0m] Reached target [0;1;39mLocal Encrypted Volumes[0m.
[    2.341055] systemd[1]: Reached target Paths.
[[0;32m  OK  [0m] Reached target [0;1;39mPaths[0m.
[    2.341137] systemd[1]: Reached target Remote File Systems.
[[0;32m  OK  [0m] Reached target [0;1;39mRemote File Systems[0m.
[    2.341223] systemd[1]: Reached target Slices.
[[0;32m  OK  [0m] Reached target [0;1;39mSlices[0m.
[    2.341462] systemd[1]: Listening on Syslog Socket.
[[0;32m  OK  [0m] Listening on [0;1;39mSyslog Socket[0m.
[    2.341670] systemd[1]: Listening on fsck to fsckd communication Socket.
[[0;32m  OK  [0m] Listening on [0;1;39mfsck to fsckd communication Socket[0m.
[    2.341833] systemd[1]: Listening on initctl Compatibility Named Pipe.
[[0;32m  OK  [0m] Listening on [0;1;39minitctl Compatibility Named Pipe[0m.
[    2.342119] systemd[1]: Listening on Journal Audit Socket.
[[0;32m  OK  [0m] Listening on [0;1;39mJournal Audit Socket[0m.
[    2.342333] systemd[1]: Listening on Journal Socket (/dev/log).
[[0;32m  OK  [0m] Listening on [0;1;39mJournal Socket (/dev/log)[0m.
[    2.342571] systemd[1]: Listening on Journal Socket.
[[0;32m  OK  [0m] Listening on [0;1;39mJournal Socket[0m.
[    2.343347] systemd[1]: Listening on udev Control Socket.
[[0;32m  OK  [0m] Listening on [0;1;39mudev Control Socket[0m.
[    2.343614] systemd[1]: Listening on udev Kernel Socket.
[[0;32m  OK  [0m] Listening on [0;1;39mudev Kernel Socket[0m.
[    2.343764] systemd[1]: Reached target Sockets.
[[0;32m  OK  [0m] Reached target [0;1;39mSockets[0m.
[    2.343991] systemd[1]: Condition check resulted in Huge Pages File System being skipped.
[    2.345414] systemd[1]: Mounting POSIX Message Queue File System...
         Mounting [0;1;39mPOSIX Message Queue File System[0m...
[    2.346870] systemd[1]: Mounting Kernel Debug File System...
         Mounting [0;1;39mKernel Debug File System[0m...
[    2.348334] systemd[1]: Mounting Kernel Trace File System...
         Mounting [0;1;39mKernel Trace File System[0m...
[    2.349023] systemd[1]: Condition check resulted in Create list of static device nodes for the current kernel being skipped.
[    2.351972] systemd[1]: Starting Load Kernel Module configfs...
         Starting [0;1;39mLoad Kernel Module configfs[0m...
[    2.363909] systemd[1]: Starting Load Kernel Module fuse...
         Starting [0;1;39mLoad Kernel Module fuse[0m...
[    2.370565] systemd[1]: Condition check resulted in Set Up Additional Binary Formats being skipped.
[    2.370631] systemd[1]: Condition check resulted in File System Check on Root Device being skipped.
[    2.373279] systemd[1]: Starting Journal Service...
         Starting [0;1;39mJournal Service[0m...
[    2.392493] systemd[1]: Starting Load Kernel Modules...
         Starting [0;1;39mLoad Kernel Modules[0m...
[    2.393797] systemd[1]: Starting Remount Root and Kernel File Systems...
         Starting [0;1;39mRemount Root and Kernel File Systems[0m...
[    2.395609] systemd[1]: Starting Coldplug All udev Devices...
         Starting [0;1;39mColdplug All udev Devices[0m...
[    2.402489] systemd[1]: Mounted POSIX Message Queue File System.
[[0;32m  OK  [0m] Mounted [0;1;39mPOSIX Message Queue File System[0m.
[    2.418693] systemd[1]: Mounted Kernel Debug File System.
[[0;32m  OK  [0m] Mounted [0;1;39mKernel Debug File System[0m.
[    2.419849] systemd[1]: Mounted Kernel Trace File System.
[[0;32m  OK  [0m] Mounted [0;1;39mKernel Trace File System[0m.
[    2.421213] systemd[1]: modprobe@configfs.service: Succeeded.
[    2.422693] systemd[1]: Finished Load Kernel Module configfs.
[[0;32m  OK  [0m] Finished [0;1;39mLoad Kernel Module configfs[0m.
[    2.423270] systemd[1]: modprobe@fuse.service: Succeeded.
[    2.425609] systemd[1]: Finished Load Kernel Module fuse.
[[0;32m  OK  [0m] Finished [0;1;39mLoad Kernel Module fuse[0m.
[    2.440081] systemd[1]: Mounting FUSE Control File System...
         Mounting [0;1;39mFUSE Control File System[0m...
[    2.444846] systemd[1]: Mounting Kernel Configuration File System...
         Mounting [0;1;39mKernel Configuration File System[0m...
[    2.467801] EXT4-fs (xvda2): re-mounted. Opts: errors=remount-ro
[    2.475804] systemd[1]: Finished Load Kernel Modules.
[[0;32m  OK  [0m] Finished [0;1;39mLoad Kernel Modules[0m.
[    2.484450] systemd[1]: Finished Remount Root and Kernel File Systems.
[[0;32m  OK  [0m] Finished [0;1;39mRemount Root and Kernel File Systems[0m.
[    2.485089] systemd[1]: Mounted FUSE Control File System.
[[0;32m  OK  [0m] Mounted [0;1;39mFUSE Control File System[0m.
[    2.485284] systemd[1]: Mounted Kernel Configuration File System.
[[0;32m  OK  [0m] Mounted [0;1;39mKernel Configuration File System[0m.
[    2.494766] systemd[1]: Condition check resulted in Rebuild Hardware Database being skipped.
[    2.494850] systemd[1]: Condition check resulted in Platform Persistent Storage Archival being skipped.
[    2.496102] systemd[1]: Starting Load/Save Random Seed...
         Starting [0;1;39mLoad/Save Random Seed[0m...
[    2.498358] systemd[1]: Starting Apply Kernel Variables...
         Starting [0;1;39mApply Kernel Variables[0m...
[    2.502718] systemd[1]: Starting Create System Users...
         Starting [0;1;39mCreate System Users[0m...
[    2.503324] systemd[1]: Started Journal Service.
[[0;32m  OK  [0m] Started [0;1;39mJournal Service[0m.
         Starting [0;1;39mFlush Journal to Persistent Storage[0m...
[    2.564458] systemd-journald[204]: Received client request to flush runtime journal.
[[0;32m  OK  [0m] Finished [0;1;39mLoad/Save Random Seed[0m.
[    2.572087] systemd-journald[204]: File /var/log/journal/d4355e321ab14d089722216f21583a12/system.journal corrupted or uncleanly shut down, renaming and replacing.
[[0;32m  OK  [0m] Finished [0;1;39mCreate System Users[0m.
         Starting [0;1;39mCreate Static Device Nodes in /dev[0m...
[[0;32m  OK  [0m] Finished [0;1;39mApply Kernel Variables[0m.
[[0;32m  OK  [0m] Finished [0;1;39mCreate Static Device Nodes in /dev[0m.
[[0;32m  OK  [0m] Reached target [0;1;39mLocal File Systems (Pre)[0m.
[[0;32m  OK  [0m] Reached target [0;1;39mLocal File Systems[0m.
         Starting [0;1;39mRule-based Manage‚Ä¶for Device Events and Files[0m...
[[0;32m  OK  [0m] Finished [0;1;39mColdplug All udev Devices[0m.
         Starting [0;1;39mHelper to synchronize boot up for ifupdown[0m...
[[0;32m  OK  [0m] Finished [0;1;39mFlush Journal to Persistent Storage[0m.
         Starting [0;1;39mCreate Volatile Files and Directories[0m...
[[0;32m  OK  [0m] Started [0;1;39mRule-based Manager for Device Events and Files[0m.
[[0;32m  OK  [0m] Finished [0;1;39mCreate Volatile Files and Directories[0m.
         Starting [0;1;39mNetwork Time Synchronization[0m...
         Starting [0;1;39mUpdate UTMP about System Boot/Shutdown[0m...
[    2.735536] proc: Bad value for 'hidepid'
[[0;32m  OK  [0m] Finished [0;1;39mUpdate UTMP about System Boot/Shutdown[0m.
[[0;32m  OK  [0m] Started [0;1;39mNetwork Time Synchronization[0m.
[[0;32m  OK  [0m] Reached target [0;1;39mSystem Time Set[0m.
[[0;32m  OK  [0m] Reached target [0;1;39mSystem Time Synchronized[0m.
[    2.974921] grepstub : Reading dir : /local/domain/0/backend/vif/4/0, node : feature-sg, fmt : %u
[    2.975123] grepstub : Result from xenbus_read, 1
[    2.975149] grepstub : Reading dir : /local/domain/0/backend/vif/4/0, node : feature-ipv6-csum-offload, fmt : %u
[    2.975561] grepstub : Result from xenbus_read, 1
[    2.975582] grepstub : Reading dir : /local/domain/0/backend/vif/4/0, node : feature-gso-tcpv4, fmt : %u
[    2.977610] grepstub : Result from xenbus_read, 1
[    2.977631] grepstub : Reading dir : /local/domain/0/backend/vif/4/0, node : feature-gso-tcpv6, fmt : %u
[[0;32m  OK  [0m] Found device [0;1;39m/dev/hvc0[0m.
[[0;32m  OK  [0m] Listening on [0;1;39mLoad/Save RF ‚Ä¶itch Status /dev/rfkill Watch[0m.
[[0;32m  OK  [0m] Found device [0;1;39m/dev/xvda1[0m.
         Activating swap [0;1;39m/dev/xvda1[0m...
[    2.978460] grepstub : Result from xenbus_read, 1
[    3.072031] Adding 524284k swap on /dev/xvda1.  Priority:-2 extents:1 across:524284k SSFS
[[0;32m  OK  [0m] Activated swap [0;1;39m/dev/xvda1[0m.
[[0;32m  OK  [0m] Reached target [0;1;39mSwap[0m.
[[0;32m  OK  [0m] Reached target [0;1;39mSystem Initialization[0m.
[[0;32m  OK  [0m] Started [0;1;39mDaily apt download activities[0m.
[[0;32m  OK  [0m] Started [0;1;39mDaily apt upgrade and clean activities[0m.
[[0;32m  OK  [0m] Started [0;1;39mPeriodic ext4 Onli‚Ä¶ata Check for All Filesystems[0m.
[[0;32m  OK  [0m] Started [0;1;39mDiscard unused blocks once a week[0m.
[[0;32m  OK  [0m] Started [0;1;39mDaily rotation of log files[0m.
[[0;32m  OK  [0m] Started [0;1;39mDaily Cleanup of Temporary Directories[0m.
[[0;32m  OK  [0m] Reached target [0;1;39mBasic System[0m.
[[0;32m  OK  [0m] Reached target [0;1;39mTimers[0m.
[[0;32m  OK  [0m] Started [0;1;39mRegular background program processing daemon[0m.
         Starting [0;1;39mRemove Stale Onli‚Ä¶t4 Metadata Check Snapshots[0m...
         Starting [0;1;39mgetty on tty2-tty‚Ä¶nd logind are not available[0m...
         Starting [0;1;39mSystem Logging Service[0m...
[[0;32m  OK  [0m] Finished [0;1;39mgetty on tty2-tty‚Ä¶ and logind are not available[0m.
[[0;32m  OK  [0m] Finished [0;1;39mRemove Stale Onli‚Ä¶ext4 Metadata Check Snapshots[0m.
[[0;32m  OK  [0m] Finished [0;1;39mHelper to synchronize boot up for ifupdown[0m.
         Starting [0;1;39mRaise network interfaces[0m...
[[0;32m  OK  [0m] Started [0;1;39mSystem Logging Service[0m.
[[0m[0;31m*     [0m] A start job is running for Raise network interfaces (3s / 5min)
M[K[[0;1;31m*[0m[0;31m*    [0m] A start job is running for Raise network interfaces (3s / 5min)
M[K[[0;31m*[0;1;31m*[0m[0;31m*   [0m] A start job is running for Raise network interfaces (4s / 5min)
M[K[ [0;31m*[0;1;31m*[0m[0;31m*  [0m] A start job is running for Raise network interfaces (4s / 5min)
M[K[  [0;31m*[0;1;31m*[0m[0;31m* [0m] A start job is running for Raise network interfaces (5s / 5min)
