Parsing config from /etc/xen/xenguest.cfg
[    0.000000] Linux version 5.4.151custom_anish+ (root@pop-os) (gcc version 11.2.0 (Ubuntu 11.2.0-7ubuntu2)) #42 SMP Tue Jan 18 01:04:53 EST 2022 ()
[    0.000000] Command line: root=/dev/xvda2 ro elevator=noop
[    0.000000] KERNEL supported cpus:
[    0.000000]   Intel GenuineIntel
[    0.000000]   AMD AuthenticAMD
[    0.000000]   Hygon HygonGenuine
[    0.000000]   Centaur CentaurHauls
[    0.000000]   zhaoxin   Shanghai  
[    0.000000] Disabled fast string operations
[    0.000000] x86/fpu: Supporting XSAVE feature 0x001: 'x87 floating point registers'
[    0.000000] x86/fpu: Supporting XSAVE feature 0x002: 'SSE registers'
[    0.000000] x86/fpu: Supporting XSAVE feature 0x004: 'AVX registers'
[    0.000000] x86/fpu: xstate_offset[2]:  576, xstate_sizes[2]:  256
[    0.000000] x86/fpu: Enabled xstate features 0x7, context size is 832 bytes, using 'standard' format.
[    0.000000] ACPI in unprivileged domain disabled
[    0.000000] Released 0 page(s)
[    0.000000] BIOS-provided physical RAM map:
[    0.000000] Xen: [mem 0x0000000000000000-0x000000000009ffff] usable
[    0.000000] Xen: [mem 0x00000000000a0000-0x00000000000fffff] reserved
[    0.000000] Xen: [mem 0x0000000000100000-0x000000013b7fffff] usable
[    0.000000] NX (Execute Disable) protection: active
[    0.000000] DMI not present or invalid.
[    0.000000] Hypervisor detected: Xen PV
[    0.124020] tsc: Fast TSC calibration failed
[    0.124024] tsc: Detected 2591.964 MHz processor
[    0.124041] last_pfn = 0x13b800 max_arch_pfn = 0x400000000
[    0.124043] Disabled
[    0.124044] x86/PAT: MTRRs disabled, skipping PAT initialization too.
[    0.124049] x86/PAT: Configuration [0-7]: WB  WT  UC- UC  WC  WP  UC  UC  
[    0.124051] last_pfn = 0x100000 max_arch_pfn = 0x400000000
[    0.210253] check: Scanning 1 areas for low memory corruption
[    0.210263] Kernel/User page tables isolation: disabled on XEN PV.
[    0.839940] RAMDISK: [mem 0x04000000-0x07b80fff]
[    0.839999] NUMA turned off
[    0.840001] Faking a node at [mem 0x0000000000000000-0x000000013b7fffff]
[    0.840009] NODE_DATA(0) allocated [mem 0x13ae22000-0x13ae4bfff]
[    0.851773] Zone ranges:
[    0.851776]   DMA      [mem 0x0000000000001000-0x0000000000ffffff]
[    0.851777]   DMA32    [mem 0x0000000001000000-0x00000000ffffffff]
[    0.851778]   Normal   [mem 0x0000000100000000-0x000000013b7fffff]
[    0.851778]   Device   empty
[    0.851779] Movable zone start for each node
[    0.851781] Early memory node ranges
[    0.851782]   node   0: [mem 0x0000000000001000-0x000000000009ffff]
[    0.851783]   node   0: [mem 0x0000000000100000-0x000000013b7fffff]
[    0.851893] Zeroed struct page in unavailable ranges: 18529 pages
[    0.851894] Initmem setup node 0 [mem 0x0000000000001000-0x000000013b7fffff]
[    0.864826] p2m virtual area at (____ptrval____), size is 40000000
[    0.946799] Remapped 0 page(s)
[    0.946895] smpboot: Allowing 1 CPUs, 0 hotplug CPUs
[    0.946901] PM: Registered nosave memory: [mem 0x00000000-0x00000fff]
[    0.946902] PM: Registered nosave memory: [mem 0x000a0000-0x000fffff]
[    0.946903] Cannot find an available gap in the 32-bit address range
[    0.946904] PCI devices with unassigned 32-bit BARs may not work!
[    0.946905] [mem 0x13b900000-0x13bcfffff] available for PCI devices
[    0.946907] Booting paravirtualized kernel on Xen
[    0.946908] Xen version: 4.11.4-pre (preserve-AD)
[    0.946910] clocksource: refined-jiffies: mask: 0xffffffff max_cycles: 0xffffffff, max_idle_ns: 7645519600211568 ns
[    0.946914] setup_percpu: NR_CPUS:8192 nr_cpumask_bits:1 nr_cpu_ids:1 nr_node_ids:1
[    0.947021] percpu: Embedded 54 pages/cpu s184320 r8192 d28672 u2097152
[    0.947060] Built 1 zonelists, mobility grouping on.  Total pages: 1271978
[    0.947061] Policy zone: Normal
[    0.947062] Kernel command line: root=/dev/xvda2 ro elevator=noop
[    0.947415] Dentry cache hash table entries: 1048576 (order: 11, 8388608 bytes, linear)
[    0.947582] Inode-cache hash table entries: 524288 (order: 10, 4194304 bytes, linear)
[    0.947725] mem auto-init: stack:off, heap alloc:on, heap free:off
[    0.958673] Memory: 4951688K/5168764K available (16387K kernel code, 3654K rwdata, 9320K rodata, 2764K init, 5728K bss, 217076K reserved, 0K cma-reserved)
[    0.958681] random: get_random_u64 called from __kmem_cache_create+0x42/0x6f0 with crng_init=0
[    0.958906] SLUB: HWalign=64, Order=0-3, MinObjects=0, CPUs=1, Nodes=1
[    0.959206] ftrace: allocating 43027 entries in 169 pages
[    0.971830] rcu: Hierarchical RCU implementation.
[    0.971832] rcu: 	RCU restricting CPUs from NR_CPUS=8192 to nr_cpu_ids=1.
[    0.971833] rcu: RCU calculated value of scheduler-enlistment delay is 25 jiffies.
[    0.971834] rcu: Adjusting geometry for rcu_fanout_leaf=16, nr_cpu_ids=1
[    0.975594] Using NULL legacy PIC
[    0.975596] NR_IRQS: 524544, nr_irqs: 32, preallocated irqs: 0
[    0.975639] xen:events: Using FIFO-based ABI
[    0.975685] random: crng done (trusting CPU's manufacturer)
[    0.975713] Console: colour dummy device 80x25
[    0.975767] printk: console [tty0] enabled
[    0.976005] printk: console [hvc0] enabled
[    0.976032] clocksource: xen: mask: 0xffffffffffffffff max_cycles: 0x1cd42e4dffb, max_idle_ns: 881590591483 ns
[    0.976056] installing Xen timer for CPU 0
[    0.976086] clocksource: tsc-early: mask: 0xffffffffffffffff max_cycles: 0x255c950f28f, max_idle_ns: 440795327585 ns
[    0.976105] Calibrating delay loop (skipped), value calculated using timer frequency.. 5183.92 BogoMIPS (lpj=10367856)
[    0.976111] pid_max: default: 32768 minimum: 301
[    0.976194] LSM: Security Framework initializing
[    0.976229] Yama: becoming mindful.
[    0.976284] AppArmor: AppArmor initialized
[    0.976408] Mount-cache hash table entries: 16384 (order: 5, 131072 bytes, linear)
[    0.976435] Mountpoint-cache hash table entries: 16384 (order: 5, 131072 bytes, linear)
[    0.976477] *** VALIDATE tmpfs ***
[    0.976705] *** VALIDATE proc ***
[    0.976830] *** VALIDATE cgroup1 ***
[    0.976833] *** VALIDATE cgroup2 ***
[    0.976932] Disabled fast string operations
[    0.976980] Last level iTLB entries: 4KB 64, 2MB 8, 4MB 8
[    0.976996] Last level dTLB entries: 4KB 64, 2MB 0, 4MB 0, 1GB 4
[    0.977005] Spectre V1 : Mitigation: usercopy/swapgs barriers and __user pointer sanitization
[    0.977010] Spectre V2 : Mitigation: Full generic retpoline
[    0.977013] Spectre V2 : Spectre v2 / SpectreRSB mitigation: Filling RSB on context switch
[    0.977016] Spectre V2 : Enabling Restricted Speculation for firmware calls
[    0.977031] Spectre V2 : mitigation: Enabling conditional Indirect Branch Prediction Barrier
[    0.977036] Speculative Store Bypass: Mitigation: Speculative Store Bypass disabled via prctl and seccomp
[    0.977041] MDS: Mitigation: Clear CPU buffers
[    1.019691] Freeing SMP alternatives memory: 40K
[    1.020968] VPMU disabled by hypervisor.
[    1.021111] Performance Events: unsupported p6 CPU model 165 no PMU driver, software events only.
[    1.021166] rcu: Hierarchical SRCU implementation.
[    1.021511] NMI watchdog: Perf NMI watchdog permanently disabled
[    1.021548] smp: Bringing up secondary CPUs ...
[    1.021552] smp: Brought up 1 node, 1 CPU
[    1.021555] smpboot: Max logical packages: 1
[    1.021827] devtmpfs: initialized
[    1.021863] x86/mm: Memory block size: 128MB
[    1.022193] clocksource: jiffies: mask: 0xffffffff max_cycles: 0xffffffff, max_idle_ns: 7645041785100000 ns
[    1.022202] futex hash table entries: 256 (order: 2, 16384 bytes, linear)
[    1.022236] pinctrl core: initialized pinctrl subsystem
[    1.022377] NET: Registered protocol family 16
[    1.022393] xen:grant_table: Grant tables using version 1 layout
[    1.022404] Grant table initialized
[    1.022427] audit: initializing netlink subsys (disabled)
[    1.022508] audit: type=2000 audit(1642486320.963:1): state=initialized audit_enabled=0 res=1
[    1.022586] EISA bus registered
[    1.022625] Grepstub xb_write sending data Ö
[    1.022627] Grepstub xb_write sending data “pu
[    1.022630] Grepstub xb_write sending data FFFFFFFF82E3=220
[    1.024124] grepstub : Reading dir : cpu/0, node : availability, fmt : %15s
[    1.024134] Grepstub xb_write sending data 
[    1.024138] Grepstub xb_write sending data cpu/0/availability
[    1.024143] grepstub : Result from xenbus_read, online
[    1.025345] PCI: setting up Xen PCI frontend stub
[    1.027469] fbcon: Taking over console
[    1.027477] ACPI: Interpreter disabled.
[    1.027488] xen:balloon: Initialising balloon driver
[    1.027532] Grepstub xb_write sending data 
[    1.027550] Grepstub xb_write sending data memory/target
[    1.027555] Generated xb_write data ∂Àe˜ï‰d
[    1.027558] Grepstub xb_write sending data ∂Àe˜ï‰d
[    1.027566] xen_balloon: Failed to set balloon watcher
[    1.027566] Grepstub xb_write sending data U
[    1.027566] Generated xb_write data ®’òë~ıc;√
[    1.027566] Grepstub xb_write sending data ®’òë~ıc;√
[    1.027566] Generated xb_write data À`€_6‹=ıç€≈ıç√}ıçÀ=ıçÛE	ıç˚Öıç„Ω
[    1.027566] Grepstub xb_write sending data À`€_6‹=ıç€≈ıç√}ıçÀ=ıçÛE	ıç˚Öıç„Ω
[    1.028118] xen:manage: Failed to set shutdown watcher
[    1.028138] Grepstub xb_write sending data 
[    1.028156] Generated xb_write data ·åı{€
[    1.028160] Grepstub xb_write sending data ·åı{€
[    1.028166] Grepstub xb_write sending data 
[    1.028166] Generated xb_write data (efault)
[    1.028166] Grepstub xb_write sending data (efault)
[    1.028166] BUG: kernel NULL pointer dereference, address: 0000000000000010
[    1.028166] #PF: supervisor read access in kernel mode
[    1.028166] #PF: error_code(0x0000) - not-present page
[    1.028166] PGD 0 P4D 0 
[    1.028167] Oops: 0000 [#1] SMP NOPTI
[    1.028170] CPU: 0 PID: 18 Comm: xenbus Not tainted 5.4.151custom_anish+ #42
[    1.028177] RIP: e030:xenbus_thread+0x48f/0x890
[    1.028180] Code: ab 59 d7 01 00 00 00 00 48 8b 45 d8 65 48 2b 04 25 28 00 00 00 0f 85 0b 04 00 00 48 83 c4 30 31 c0 5b 41 5c 41 5d 41 5e 5d c3 <49> 8b 34 24 48 8d 79 08 48 83 e7 f8 48 89 31 4b 8b 74 04 f8 4a 89
[    1.028188] RSP: e02b:ffffc900400c7eb0 EFLAGS: 00010246
[    1.028192] RAX: 0000000000000008 RBX: 0000000000000008 RCX: ffff888003e010d1
[    1.028207] RDX: 00000000000000d1 RSI: 000000000000032f RDI: 0000000000000200
[    1.028212] RBP: ffffc900400c7f00 R08: 0000000000000008 R09: ffff888003e01000
[    1.032104] R10: 0720072007200720 R11: 0000000000000000 R12: 0000000000000010
[    1.032104] R13: 0000000000000400 R14: 0000000000000008 R15: ffffc9004000bc68
[    1.032104] FS:  0000000000000000(0000) GS:ffff888135200000(0000) knlGS:0000000000000000
[    1.032104] CS:  e030 DS: 0000 ES: 0000 CR0: 0000000080050033
[    1.032104] CR2: 0000000000000010 CR3: 0000000002c0a000 CR4: 0000000000040660
[    1.032104] Call Trace:
[    1.032104]  ? wait_woken+0x150/0x150
[    1.032104]  kthread+0x120/0x140
[    1.032104]  ? fuzz_xb_write+0xb0/0xb0
[    1.032104]  ? kthread_associate_blkcg+0xa0/0xa0
[    1.032104]  ret_from_fork+0x35/0x40
[    1.032104] Modules linked in:
[    1.032104] CR2: 0000000000000010
[    1.032104] ---[ end trace 5033a0a5cb4c862e ]---
[    1.032104] RIP: e030:xenbus_thread+0x48f/0x890
[    1.032104] Code: ab 59 d7 01 00 00 00 00 48 8b 45 d8 65 48 2b 04 25 28 00 00 00 0f 85 0b 04 00 00 48 83 c4 30 31 c0 5b 41 5c 41 5d 41 5e 5d c3 <49> 8b 34 24 48 8d 79 08 48 83 e7 f8 48 89 31 4b 8b 74 04 f8 4a 89
[    1.032104] RSP: e02b:ffffc900400c7eb0 EFLAGS: 00010246
[    1.032104] RAX: 0000000000000008 RBX: 0000000000000008 RCX: ffff888003e010d1
[    1.032104] RDX: 00000000000000d1 RSI: 000000000000032f RDI: 0000000000000200
[    1.032104] RBP: ffffc900400c7f00 R08: 0000000000000008 R09: ffff888003e01000
[    1.032104] R10: 0720072007200720 R11: 0000000000000000 R12: 0000000000000010
[    1.032104] R13: 0000000000000400 R14: 0000000000000008 R15: ffffc9004000bc68
[    1.032104] FS:  0000000000000000(0000) GS:ffff888135200000(0000) knlGS:0000000000000000
[    1.032104] CS:  e030 DS: 0000 ES: 0000 CR0: 0000000080050033
[    1.032104] CR2: 0000000000000010 CR3: 0000000002c0a000 CR4: 0000000000040660
