Parsing config from /etc/xen/xenguest.cfg
[    0.000000] Linux version 5.4.151custom_anish+ (root@pop-os) (gcc version 11.2.0 (Ubuntu 11.2.0-7ubuntu2)) #42 SMP Tue Jan 18 01:04:53 EST 2022 ()
[    0.000000] Command line: root=/dev/xvda2 ro elevator=noop
[    0.000000] KERNEL supported cpus:
[    0.000000]   Intel GenuineIntel
[    0.000000]   AMD AuthenticAMD
[    0.000000]   Hygon HygonGenuine
[    0.000000]   Centaur CentaurHauls
[    0.000000]   zhaoxin   Shanghai  
[    0.000000] Disabled fast string operations
[    0.000000] x86/fpu: Supporting XSAVE feature 0x001: 'x87 floating point registers'
[    0.000000] x86/fpu: Supporting XSAVE feature 0x002: 'SSE registers'
[    0.000000] x86/fpu: Supporting XSAVE feature 0x004: 'AVX registers'
[    0.000000] x86/fpu: xstate_offset[2]:  576, xstate_sizes[2]:  256
[    0.000000] x86/fpu: Enabled xstate features 0x7, context size is 832 bytes, using 'standard' format.
[    0.000000] ACPI in unprivileged domain disabled
[    0.000000] Released 0 page(s)
[    0.000000] BIOS-provided physical RAM map:
[    0.000000] Xen: [mem 0x0000000000000000-0x000000000009ffff] usable
[    0.000000] Xen: [mem 0x00000000000a0000-0x00000000000fffff] reserved
[    0.000000] Xen: [mem 0x0000000000100000-0x000000013b7fffff] usable
[    0.000000] NX (Execute Disable) protection: active
[    0.000000] DMI not present or invalid.
[    0.000000] Hypervisor detected: Xen PV
[    0.119837] tsc: Fast TSC calibration failed
[    0.119840] tsc: Detected 2591.964 MHz processor
[    0.119856] last_pfn = 0x13b800 max_arch_pfn = 0x400000000
[    0.119857] Disabled
[    0.119858] x86/PAT: MTRRs disabled, skipping PAT initialization too.
[    0.119864] x86/PAT: Configuration [0-7]: WB  WT  UC- UC  WC  WP  UC  UC  
[    0.119865] last_pfn = 0x100000 max_arch_pfn = 0x400000000
[    0.215113] check: Scanning 1 areas for low memory corruption
[    0.215121] Kernel/User page tables isolation: disabled on XEN PV.
[    0.844616] RAMDISK: [mem 0x04000000-0x07b80fff]
[    0.844675] NUMA turned off
[    0.844676] Faking a node at [mem 0x0000000000000000-0x000000013b7fffff]
[    0.844684] NODE_DATA(0) allocated [mem 0x13ae22000-0x13ae4bfff]
[    0.856435] Zone ranges:
[    0.856436]   DMA      [mem 0x0000000000001000-0x0000000000ffffff]
[    0.856438]   DMA32    [mem 0x0000000001000000-0x00000000ffffffff]
[    0.856438]   Normal   [mem 0x0000000100000000-0x000000013b7fffff]
[    0.856439]   Device   empty
[    0.856440] Movable zone start for each node
[    0.856442] Early memory node ranges
[    0.856443]   node   0: [mem 0x0000000000001000-0x000000000009ffff]
[    0.856444]   node   0: [mem 0x0000000000100000-0x000000013b7fffff]
[    0.856553] Zeroed struct page in unavailable ranges: 18529 pages
[    0.856554] Initmem setup node 0 [mem 0x0000000000001000-0x000000013b7fffff]
[    0.869508] p2m virtual area at (____ptrval____), size is 40000000
[    0.951343] Remapped 0 page(s)
[    0.951431] smpboot: Allowing 1 CPUs, 0 hotplug CPUs
[    0.951438] PM: Registered nosave memory: [mem 0x00000000-0x00000fff]
[    0.951439] PM: Registered nosave memory: [mem 0x000a0000-0x000fffff]
[    0.951440] Cannot find an available gap in the 32-bit address range
[    0.951441] PCI devices with unassigned 32-bit BARs may not work!
[    0.951442] [mem 0x13b900000-0x13bcfffff] available for PCI devices
[    0.951444] Booting paravirtualized kernel on Xen
[    0.951445] Xen version: 4.11.4-pre (preserve-AD)
[    0.951448] clocksource: refined-jiffies: mask: 0xffffffff max_cycles: 0xffffffff, max_idle_ns: 7645519600211568 ns
[    0.951452] setup_percpu: NR_CPUS:8192 nr_cpumask_bits:1 nr_cpu_ids:1 nr_node_ids:1
[    0.951577] percpu: Embedded 54 pages/cpu s184320 r8192 d28672 u2097152
[    0.951617] Built 1 zonelists, mobility grouping on.  Total pages: 1271978
[    0.951618] Policy zone: Normal
[    0.951620] Kernel command line: root=/dev/xvda2 ro elevator=noop
[    0.951998] Dentry cache hash table entries: 1048576 (order: 11, 8388608 bytes, linear)
[    0.952155] Inode-cache hash table entries: 524288 (order: 10, 4194304 bytes, linear)
[    0.952300] mem auto-init: stack:off, heap alloc:on, heap free:off
[    0.963197] Memory: 4951688K/5168764K available (16387K kernel code, 3654K rwdata, 9320K rodata, 2764K init, 5728K bss, 217076K reserved, 0K cma-reserved)
[    0.963205] random: get_random_u64 called from __kmem_cache_create+0x42/0x6f0 with crng_init=0
[    0.963431] SLUB: HWalign=64, Order=0-3, MinObjects=0, CPUs=1, Nodes=1
[    0.963745] ftrace: allocating 43027 entries in 169 pages
[    0.976522] rcu: Hierarchical RCU implementation.
[    0.976524] rcu: 	RCU restricting CPUs from NR_CPUS=8192 to nr_cpu_ids=1.
[    0.976525] rcu: RCU calculated value of scheduler-enlistment delay is 25 jiffies.
[    0.976526] rcu: Adjusting geometry for rcu_fanout_leaf=16, nr_cpu_ids=1
[    0.980418] Using NULL legacy PIC
[    0.980420] NR_IRQS: 524544, nr_irqs: 32, preallocated irqs: 0
[    0.980465] xen:events: Using FIFO-based ABI
[    0.980512] random: crng done (trusting CPU's manufacturer)
[    0.980540] Console: colour dummy device 80x25
[    0.980594] printk: console [tty0] enabled
[    0.980940] printk: console [hvc0] enabled
[    0.980968] clocksource: xen: mask: 0xffffffffffffffff max_cycles: 0x1cd42e4dffb, max_idle_ns: 881590591483 ns
[    0.981041] installing Xen timer for CPU 0
[    0.981166] clocksource: tsc-early: mask: 0xffffffffffffffff max_cycles: 0x255c950f28f, max_idle_ns: 440795327585 ns
[    0.981177] Calibrating delay loop (skipped), value calculated using timer frequency.. 5183.92 BogoMIPS (lpj=10367856)
[    0.981184] pid_max: default: 32768 minimum: 301
[    0.981255] LSM: Security Framework initializing
[    0.981276] Yama: becoming mindful.
[    0.981333] AppArmor: AppArmor initialized
[    0.981470] Mount-cache hash table entries: 16384 (order: 5, 131072 bytes, linear)
[    0.981484] Mountpoint-cache hash table entries: 16384 (order: 5, 131072 bytes, linear)
[    0.981525] *** VALIDATE tmpfs ***
[    0.981741] *** VALIDATE proc ***
[    0.981868] *** VALIDATE cgroup1 ***
[    0.981871] *** VALIDATE cgroup2 ***
[    0.981965] Disabled fast string operations
[    0.982015] Last level iTLB entries: 4KB 64, 2MB 8, 4MB 8
[    0.982018] Last level dTLB entries: 4KB 64, 2MB 0, 4MB 0, 1GB 4
[    0.982027] Spectre V1 : Mitigation: usercopy/swapgs barriers and __user pointer sanitization
[    0.982032] Spectre V2 : Mitigation: Full generic retpoline
[    0.982034] Spectre V2 : Spectre v2 / SpectreRSB mitigation: Filling RSB on context switch
[    0.982038] Spectre V2 : Enabling Restricted Speculation for firmware calls
[    0.982042] Spectre V2 : mitigation: Enabling conditional Indirect Branch Prediction Barrier
[    0.982046] Speculative Store Bypass: Mitigation: Speculative Store Bypass disabled via prctl and seccomp
[    0.982052] MDS: Mitigation: Clear CPU buffers
[    1.025120] Freeing SMP alternatives memory: 40K
[    1.026380] VPMU disabled by hypervisor.
[    1.026520] Performance Events: unsupported p6 CPU model 165 no PMU driver, software events only.
[    1.026574] rcu: Hierarchical SRCU implementation.
[    1.026923] NMI watchdog: Perf NMI watchdog permanently disabled
[    1.026960] smp: Bringing up secondary CPUs ...
[    1.026964] smp: Brought up 1 node, 1 CPU
[    1.026967] smpboot: Max logical packages: 1
[    1.027250] devtmpfs: initialized
[    1.027285] x86/mm: Memory block size: 128MB
[    1.027642] clocksource: jiffies: mask: 0xffffffff max_cycles: 0xffffffff, max_idle_ns: 7645041785100000 ns
[    1.027651] futex hash table entries: 256 (order: 2, 16384 bytes, linear)
[    1.027686] pinctrl core: initialized pinctrl subsystem
[    1.027828] NET: Registered protocol family 16
[    1.027843] xen:grant_table: Grant tables using version 1 layout
[    1.027855] Grant table initialized
[    1.027878] audit: initializing netlink subsys (disabled)
[    1.027958] audit: type=2000 audit(1642486359.446:1): state=initialized audit_enabled=0 res=1
[    1.028035] EISA bus registered
[    1.028075] Grepstub xb_write sending data Õ
[    1.028091] Generated xb_write data (efault)
[    1.028095] Grepstub xb_write sending data (efault)
[    1.028102] BUG: kernel NULL pointer dereference, address: 0000000000000010
[    1.028108] #PF: supervisor read access in kernel mode
[    1.028110] #PF: error_code(0x0000) - not-present page
[    1.028113] PGD 0 P4D 0 
[    1.028116] Oops: 0000 [#1] SMP NOPTI
[    1.028120] CPU: 0 PID: 18 Comm: xenbus Not tainted 5.4.151custom_anish+ #42
[    1.028127] RIP: e030:xenbus_thread+0x580/0x890
[    1.028131] Code: 00 45 85 e4 0f 84 c9 fa ff ff 48 c7 c6 70 bb 2c 82 48 c7 c7 00 9b e3 82 e8 7d ca 4a 00 85 c0 0f 84 ae fa ff ff e9 71 c3 50 00 <41> 8b 34 24 89 31 43 8b 74 04 fc 42 89 74 01 fc e9 de fd ff ff 43
[    1.028138] RSP: e02b:ffffc900400c7eb0 EFLAGS: 00010202
[    1.028142] RAX: 0000000000000004 RBX: 0000000000000004 RCX: ffff888003e01010
[    1.029176] RDX: 0000000000000010 RSI: 00000000000003f0 RDI: 0000000000000200
[    1.029176] RBP: ffffc900400c7f00 R08: 0000000000000004 R09: ffff888003e01000
[    1.029176] R10: 0720072007200720 R11: 0000000000000000 R12: 0000000000000010
[    1.029176] R13: 0000000000000400 R14: 0000000000000004 R15: ffffc9004000bc68
[    1.029176] FS:  0000000000000000(0000) GS:ffff888135200000(0000) knlGS:0000000000000000
[    1.029176] CS:  e030 DS: 0000 ES: 0000 CR0: 0000000080050033
[    1.029176] CR2: 0000000000000010 CR3: 0000000002c0a000 CR4: 0000000000040660
[    1.029176] Call Trace:
[    1.029176]  ? wait_woken+0x150/0x150
[    1.029176]  kthread+0x120/0x140
[    1.029176]  ? fuzz_xb_write+0xb0/0xb0
[    1.029176]  ? kthread_associate_blkcg+0xa0/0xa0
[    1.029176]  ret_from_fork+0x35/0x40
[    1.029176] Modules linked in:
[    1.029176] CR2: 0000000000000010
[    1.029176] ---[ end trace 60210ee4d15b9207 ]---
[    1.029176] RIP: e030:xenbus_thread+0x580/0x890
[    1.029176] Code: 00 45 85 e4 0f 84 c9 fa ff ff 48 c7 c6 70 bb 2c 82 48 c7 c7 00 9b e3 82 e8 7d ca 4a 00 85 c0 0f 84 ae fa ff ff e9 71 c3 50 00 <41> 8b 34 24 89 31 43 8b 74 04 fc 42 89 74 01 fc e9 de fd ff ff 43
[    1.029176] RSP: e02b:ffffc900400c7eb0 EFLAGS: 00010202
[    1.029176] RAX: 0000000000000004 RBX: 0000000000000004 RCX: ffff888003e01010
[    1.029176] RDX: 0000000000000010 RSI: 00000000000003f0 RDI: 0000000000000200
[    1.029176] RBP: ffffc900400c7f00 R08: 0000000000000004 R09: ffff888003e01000
[    1.029176] R10: 0720072007200720 R11: 0000000000000000 R12: 0000000000000010
[    1.029176] R13: 0000000000000400 R14: 0000000000000004 R15: ffffc9004000bc68
[    1.029176] FS:  0000000000000000(0000) GS:ffff888135200000(0000) knlGS:0000000000000000
[    1.029176] CS:  e030 DS: 0000 ES: 0000 CR0: 0000000080050033
[    1.029176] CR2: 0000000000000010 CR3: 0000000002c0a000 CR4: 0000000000040660
