Parsing config from /etc/xen/xenguest.cfg
[    0.000000] Linux version 5.4.151custom_anish+ (root@pop-os) (gcc version 11.2.0 (Ubuntu 11.2.0-7ubuntu2)) #50 SMP Tue Jan 18 16:54:25 EST 2022 ()
[    0.000000] Command line: root=/dev/xvda2 ro elevator=noop
[    0.000000] KERNEL supported cpus:
[    0.000000]   Intel GenuineIntel
[    0.000000]   AMD AuthenticAMD
[    0.000000]   Hygon HygonGenuine
[    0.000000]   Centaur CentaurHauls
[    0.000000]   zhaoxin   Shanghai  
[    0.000000] Disabled fast string operations
[    0.000000] x86/fpu: Supporting XSAVE feature 0x001: 'x87 floating point registers'
[    0.000000] x86/fpu: Supporting XSAVE feature 0x002: 'SSE registers'
[    0.000000] x86/fpu: Supporting XSAVE feature 0x004: 'AVX registers'
[    0.000000] x86/fpu: xstate_offset[2]:  576, xstate_sizes[2]:  256
[    0.000000] x86/fpu: Enabled xstate features 0x7, context size is 832 bytes, using 'standard' format.
[    0.000000] ACPI in unprivileged domain disabled
[    0.000000] Released 0 page(s)
[    0.000000] BIOS-provided physical RAM map:
[    0.000000] Xen: [mem 0x0000000000000000-0x000000000009ffff] usable
[    0.000000] Xen: [mem 0x00000000000a0000-0x00000000000fffff] reserved
[    0.000000] Xen: [mem 0x0000000000100000-0x000000013b7fffff] usable
[    0.000000] NX (Execute Disable) protection: active
[    0.000000] DMI not present or invalid.
[    0.000000] Hypervisor detected: Xen PV
[    0.125384] tsc: Fast TSC calibration failed
[    0.125389] tsc: Detected 2591.996 MHz processor
[    0.125409] last_pfn = 0x13b800 max_arch_pfn = 0x400000000
[    0.125411] Disabled
[    0.125412] x86/PAT: MTRRs disabled, skipping PAT initialization too.
[    0.125419] x86/PAT: Configuration [0-7]: WB  WT  UC- UC  WC  WP  UC  UC  
[    0.125420] last_pfn = 0x100000 max_arch_pfn = 0x400000000
[    0.226060] check: Scanning 1 areas for low memory corruption
[    0.226074] Kernel/User page tables isolation: disabled on XEN PV.
[    0.890414] RAMDISK: [mem 0x04000000-0x07b80fff]
[    0.890476] NUMA turned off
[    0.890477] Faking a node at [mem 0x0000000000000000-0x000000013b7fffff]
[    0.890486] NODE_DATA(0) allocated [mem 0x13ae22000-0x13ae4bfff]
[    0.902603] Zone ranges:
[    0.902608]   DMA      [mem 0x0000000000001000-0x0000000000ffffff]
[    0.902610]   DMA32    [mem 0x0000000001000000-0x00000000ffffffff]
[    0.902611]   Normal   [mem 0x0000000100000000-0x000000013b7fffff]
[    0.902612]   Device   empty
[    0.902614] Movable zone start for each node
[    0.902617] Early memory node ranges
[    0.902618]   node   0: [mem 0x0000000000001000-0x000000000009ffff]
[    0.902619]   node   0: [mem 0x0000000000100000-0x000000013b7fffff]
[    0.902862] Zeroed struct page in unavailable ranges: 18529 pages
[    0.902864] Initmem setup node 0 [mem 0x0000000000001000-0x000000013b7fffff]
[    0.918550] p2m virtual area at (____ptrval____), size is 40000000
[    1.011037] Remapped 0 page(s)
[    1.011132] smpboot: Allowing 1 CPUs, 0 hotplug CPUs
[    1.011139] PM: Registered nosave memory: [mem 0x00000000-0x00000fff]
[    1.011140] PM: Registered nosave memory: [mem 0x000a0000-0x000fffff]
[    1.011142] Cannot find an available gap in the 32-bit address range
[    1.011142] PCI devices with unassigned 32-bit BARs may not work!
[    1.011143] [mem 0x13b900000-0x13bcfffff] available for PCI devices
[    1.011145] Booting paravirtualized kernel on Xen
[    1.011146] Xen version: 4.11.4-pre (preserve-AD)
[    1.011149] clocksource: refined-jiffies: mask: 0xffffffff max_cycles: 0xffffffff, max_idle_ns: 7645519600211568 ns
[    1.011153] setup_percpu: NR_CPUS:8192 nr_cpumask_bits:1 nr_cpu_ids:1 nr_node_ids:1
[    1.011262] percpu: Embedded 54 pages/cpu s184320 r8192 d28672 u2097152
[    1.011305] Built 1 zonelists, mobility grouping on.  Total pages: 1271978
[    1.011307] Policy zone: Normal
[    1.011308] Kernel command line: root=/dev/xvda2 ro elevator=noop
[    1.011717] Dentry cache hash table entries: 1048576 (order: 11, 8388608 bytes, linear)
[    1.011899] Inode-cache hash table entries: 524288 (order: 10, 4194304 bytes, linear)
[    1.012091] mem auto-init: stack:off, heap alloc:on, heap free:off
[    1.027375] Memory: 4951688K/5168764K available (16387K kernel code, 3654K rwdata, 9320K rodata, 2764K init, 5728K bss, 217076K reserved, 0K cma-reserved)
[    1.027386] random: get_random_u64 called from __kmem_cache_create+0x42/0x6f0 with crng_init=0
[    1.027651] SLUB: HWalign=64, Order=0-3, MinObjects=0, CPUs=1, Nodes=1
[    1.027996] ftrace: allocating 43028 entries in 169 pages
[    1.043034] rcu: Hierarchical RCU implementation.
[    1.043037] rcu: 	RCU restricting CPUs from NR_CPUS=8192 to nr_cpu_ids=1.
[    1.043039] rcu: RCU calculated value of scheduler-enlistment delay is 25 jiffies.
[    1.043040] rcu: Adjusting geometry for rcu_fanout_leaf=16, nr_cpu_ids=1
[    1.047379] Using NULL legacy PIC
[    1.047382] NR_IRQS: 524544, nr_irqs: 32, preallocated irqs: 0
[    1.047444] xen:events: Using FIFO-based ABI
[    1.047499] random: crng done (trusting CPU's manufacturer)
[    1.047535] Console: colour dummy device 80x25
[    1.047595] printk: console [tty0] enabled
[    1.047855] printk: console [hvc0] enabled
[    1.047890] clocksource: xen: mask: 0xffffffffffffffff max_cycles: 0x1cd42e4dffb, max_idle_ns: 881590591483 ns
[    1.047943] installing Xen timer for CPU 0
[    1.047995] clocksource: tsc-early: mask: 0xffffffffffffffff max_cycles: 0x255cb30caa3, max_idle_ns: 440795217292 ns
[    1.048006] Calibrating delay loop (skipped), value calculated using timer frequency.. 5183.99 BogoMIPS (lpj=10367984)
[    1.048029] pid_max: default: 32768 minimum: 301
[    1.048113] LSM: Security Framework initializing
[    1.048156] Yama: becoming mindful.
[    1.048224] AppArmor: AppArmor initialized
[    1.048368] Mount-cache hash table entries: 16384 (order: 5, 131072 bytes, linear)
[    1.048383] Mountpoint-cache hash table entries: 16384 (order: 5, 131072 bytes, linear)
[    1.048469] *** VALIDATE tmpfs ***
[    1.048728] *** VALIDATE proc ***
[    1.048873] *** VALIDATE cgroup1 ***
[    1.048877] *** VALIDATE cgroup2 ***
[    1.048983] Disabled fast string operations
[    1.049054] Last level iTLB entries: 4KB 64, 2MB 8, 4MB 8
[    1.049071] Last level dTLB entries: 4KB 64, 2MB 0, 4MB 0, 1GB 4
[    1.049081] Spectre V1 : Mitigation: usercopy/swapgs barriers and __user pointer sanitization
[    1.049086] Spectre V2 : Mitigation: Full generic retpoline
[    1.049089] Spectre V2 : Spectre v2 / SpectreRSB mitigation: Filling RSB on context switch
[    1.049094] Spectre V2 : Enabling Restricted Speculation for firmware calls
[    1.049098] Spectre V2 : mitigation: Enabling conditional Indirect Branch Prediction Barrier
[    1.049103] Speculative Store Bypass: Mitigation: Speculative Store Bypass disabled via prctl and seccomp
[    1.049109] MDS: Mitigation: Clear CPU buffers
[    1.096887] Freeing SMP alternatives memory: 40K
[    1.098534] VPMU disabled by hypervisor.
[    1.098722] Performance Events: unsupported p6 CPU model 165 no PMU driver, software events only.
[    1.098785] rcu: Hierarchical SRCU implementation.
[    1.099191] NMI watchdog: Perf NMI watchdog permanently disabled
[    1.099249] smp: Bringing up secondary CPUs ...
[    1.099268] smp: Brought up 1 node, 1 CPU
[    1.099271] smpboot: Max logical packages: 1
[    1.099546] devtmpfs: initialized
[    1.099586] x86/mm: Memory block size: 128MB
[    1.099976] clocksource: jiffies: mask: 0xffffffff max_cycles: 0xffffffff, max_idle_ns: 7645041785100000 ns
[    1.099987] futex hash table entries: 256 (order: 2, 16384 bytes, linear)
[    1.100032] pinctrl core: initialized pinctrl subsystem
[    1.100191] NET: Registered protocol family 16
[    1.100208] xen:grant_table: Grant tables using version 1 layout
[    1.100221] Grant table initialized
[    1.100247] audit: initializing netlink subsys (disabled)
[    1.100342] audit: type=2000 audit(1642543115.825:1): state=initialized audit_enabled=0 res=1
[    1.100428] EISA bus registered
[    1.100474] Grepstub xb_write sending data
[    1.100490] Grepstub xb_write sending data
