Parsing config from /etc/xen/xenguest.cfg
[    0.000000] Linux version 5.4.151custom_anish+ (root@pop-os) (gcc version 11.2.0 (Ubuntu 11.2.0-7ubuntu2)) #49 SMP Tue Jan 18 16:49:05 EST 2022 ()
[    0.000000] Command line: root=/dev/xvda2 ro elevator=noop
[    0.000000] KERNEL supported cpus:
[    0.000000]   Intel GenuineIntel
[    0.000000]   AMD AuthenticAMD
[    0.000000]   Hygon HygonGenuine
[    0.000000]   Centaur CentaurHauls
[    0.000000]   zhaoxin   Shanghai  
[    0.000000] Disabled fast string operations
[    0.000000] x86/fpu: Supporting XSAVE feature 0x001: 'x87 floating point registers'
[    0.000000] x86/fpu: Supporting XSAVE feature 0x002: 'SSE registers'
[    0.000000] x86/fpu: Supporting XSAVE feature 0x004: 'AVX registers'
[    0.000000] x86/fpu: xstate_offset[2]:  576, xstate_sizes[2]:  256
[    0.000000] x86/fpu: Enabled xstate features 0x7, context size is 832 bytes, using 'standard' format.
[    0.000000] ACPI in unprivileged domain disabled
[    0.000000] Released 0 page(s)
[    0.000000] BIOS-provided physical RAM map:
[    0.000000] Xen: [mem 0x0000000000000000-0x000000000009ffff] usable
[    0.000000] Xen: [mem 0x00000000000a0000-0x00000000000fffff] reserved
[    0.000000] Xen: [mem 0x0000000000100000-0x000000013b7fffff] usable
[    0.000000] NX (Execute Disable) protection: active
[    0.000000] DMI not present or invalid.
[    0.000000] Hypervisor detected: Xen PV
[    0.118587] tsc: Fast TSC calibration failed
[    0.118590] tsc: Detected 2591.996 MHz processor
[    0.118610] last_pfn = 0x13b800 max_arch_pfn = 0x400000000
[    0.118611] Disabled
[    0.118612] x86/PAT: MTRRs disabled, skipping PAT initialization too.
[    0.118618] x86/PAT: Configuration [0-7]: WB  WT  UC- UC  WC  WP  UC  UC  
[    0.118620] last_pfn = 0x100000 max_arch_pfn = 0x400000000
[    0.215998] check: Scanning 1 areas for low memory corruption
[    0.216008] Kernel/User page tables isolation: disabled on XEN PV.
[    0.865848] RAMDISK: [mem 0x04000000-0x07b80fff]
[    0.865908] NUMA turned off
[    0.865909] Faking a node at [mem 0x0000000000000000-0x000000013b7fffff]
[    0.865918] NODE_DATA(0) allocated [mem 0x13ae22000-0x13ae4bfff]
[    0.878159] Zone ranges:
[    0.878162]   DMA      [mem 0x0000000000001000-0x0000000000ffffff]
[    0.878163]   DMA32    [mem 0x0000000001000000-0x00000000ffffffff]
[    0.878164]   Normal   [mem 0x0000000100000000-0x000000013b7fffff]
[    0.878165]   Device   empty
[    0.878166] Movable zone start for each node
[    0.878168] Early memory node ranges
[    0.878169]   node   0: [mem 0x0000000000001000-0x000000000009ffff]
[    0.878170]   node   0: [mem 0x0000000000100000-0x000000013b7fffff]
[    0.878304] Zeroed struct page in unavailable ranges: 18529 pages
[    0.878306] Initmem setup node 0 [mem 0x0000000000001000-0x000000013b7fffff]
[    0.892598] p2m virtual area at (____ptrval____), size is 40000000
[    0.977731] Remapped 0 page(s)
[    0.977818] smpboot: Allowing 1 CPUs, 0 hotplug CPUs
[    0.977826] PM: Registered nosave memory: [mem 0x00000000-0x00000fff]
[    0.977827] PM: Registered nosave memory: [mem 0x000a0000-0x000fffff]
[    0.977828] Cannot find an available gap in the 32-bit address range
[    0.977828] PCI devices with unassigned 32-bit BARs may not work!
[    0.977829] [mem 0x13b900000-0x13bcfffff] available for PCI devices
[    0.977831] Booting paravirtualized kernel on Xen
[    0.977832] Xen version: 4.11.4-pre (preserve-AD)
[    0.977835] clocksource: refined-jiffies: mask: 0xffffffff max_cycles: 0xffffffff, max_idle_ns: 7645519600211568 ns
[    0.977839] setup_percpu: NR_CPUS:8192 nr_cpumask_bits:1 nr_cpu_ids:1 nr_node_ids:1
[    0.977942] percpu: Embedded 54 pages/cpu s184320 r8192 d28672 u2097152
[    0.977981] Built 1 zonelists, mobility grouping on.  Total pages: 1271978
[    0.977982] Policy zone: Normal
[    0.977983] Kernel command line: root=/dev/xvda2 ro elevator=noop
[    0.978325] Dentry cache hash table entries: 1048576 (order: 11, 8388608 bytes, linear)
[    0.978484] Inode-cache hash table entries: 524288 (order: 10, 4194304 bytes, linear)
[    0.978652] mem auto-init: stack:off, heap alloc:on, heap free:off
[    0.989241] Memory: 4951688K/5168764K available (16387K kernel code, 3654K rwdata, 9320K rodata, 2764K init, 5728K bss, 217076K reserved, 0K cma-reserved)
[    0.989249] random: get_random_u64 called from __kmem_cache_create+0x42/0x6f0 with crng_init=0
[    0.989468] SLUB: HWalign=64, Order=0-3, MinObjects=0, CPUs=1, Nodes=1
[    0.989759] ftrace: allocating 43028 entries in 169 pages
[    1.002223] rcu: Hierarchical RCU implementation.
[    1.002225] rcu: 	RCU restricting CPUs from NR_CPUS=8192 to nr_cpu_ids=1.
[    1.002226] rcu: RCU calculated value of scheduler-enlistment delay is 25 jiffies.
[    1.002227] rcu: Adjusting geometry for rcu_fanout_leaf=16, nr_cpu_ids=1
[    1.006002] Using NULL legacy PIC
[    1.006003] NR_IRQS: 524544, nr_irqs: 32, preallocated irqs: 0
[    1.006049] xen:events: Using FIFO-based ABI
[    1.006096] random: crng done (trusting CPU's manufacturer)
[    1.006124] Console: colour dummy device 80x25
[    1.006180] printk: console [tty0] enabled
[    1.006460] printk: console [hvc0] enabled
[    1.006486] clocksource: xen: mask: 0xffffffffffffffff max_cycles: 0x1cd42e4dffb, max_idle_ns: 881590591483 ns
[    1.006568] installing Xen timer for CPU 0
[    1.007551] clocksource: tsc-early: mask: 0xffffffffffffffff max_cycles: 0x255cb30caa3, max_idle_ns: 440795217292 ns
[    1.007563] Calibrating delay loop (skipped), value calculated using timer frequency.. 5183.99 BogoMIPS (lpj=10367984)
[    1.007569] pid_max: default: 32768 minimum: 301
[    1.007638] LSM: Security Framework initializing
[    1.007659] Yama: becoming mindful.
[    1.007749] AppArmor: AppArmor initialized
[    1.007873] Mount-cache hash table entries: 16384 (order: 5, 131072 bytes, linear)
[    1.007900] Mountpoint-cache hash table entries: 16384 (order: 5, 131072 bytes, linear)
[    1.007942] *** VALIDATE tmpfs ***
[    1.008183] *** VALIDATE proc ***
[    1.008323] *** VALIDATE cgroup1 ***
[    1.008339] *** VALIDATE cgroup2 ***
[    1.008436] Disabled fast string operations
[    1.008498] Last level iTLB entries: 4KB 64, 2MB 8, 4MB 8
[    1.008513] Last level dTLB entries: 4KB 64, 2MB 0, 4MB 0, 1GB 4
[    1.008521] Spectre V1 : Mitigation: usercopy/swapgs barriers and __user pointer sanitization
[    1.008526] Spectre V2 : Mitigation: Full generic retpoline
[    1.008529] Spectre V2 : Spectre v2 / SpectreRSB mitigation: Filling RSB on context switch
[    1.008533] Spectre V2 : Enabling Restricted Speculation for firmware calls
[    1.008537] Spectre V2 : mitigation: Enabling conditional Indirect Branch Prediction Barrier
[    1.008541] Speculative Store Bypass: Mitigation: Speculative Store Bypass disabled via prctl and seccomp
[    1.008670] MDS: Mitigation: Clear CPU buffers
[    1.051735] Freeing SMP alternatives memory: 40K
[    1.053036] VPMU disabled by hypervisor.
[    1.053197] Performance Events: unsupported p6 CPU model 165 no PMU driver, software events only.
[    1.053263] rcu: Hierarchical SRCU implementation.
[    1.053718] NMI watchdog: Perf NMI watchdog permanently disabled
[    1.053768] smp: Bringing up secondary CPUs ...
[    1.053773] smp: Brought up 1 node, 1 CPU
[    1.053777] smpboot: Max logical packages: 1
[    1.054151] devtmpfs: initialized
[    1.054187] x86/mm: Memory block size: 128MB
[    1.054519] clocksource: jiffies: mask: 0xffffffff max_cycles: 0xffffffff, max_idle_ns: 7645041785100000 ns
[    1.054529] futex hash table entries: 256 (order: 2, 16384 bytes, linear)
[    1.054564] pinctrl core: initialized pinctrl subsystem
[    1.054706] NET: Registered protocol family 16
[    1.054722] xen:grant_table: Grant tables using version 1 layout
[    1.054733] Grant table initialized
[    1.054757] audit: initializing netlink subsys (disabled)
[    1.054837] audit: type=2000 audit(1642542691.525:1): state=initialized audit_enabled=0 res=1
[    1.054916] EISA bus registered
[    1.054957] Grepstub xb_write sending data
[    1.054974] Grepstub xb_write sending data
